******************************************************************************
            TI ARM Clang Linker PC v5.1.1                      
******************************************************************************
>> Linked Fri Jul 24 21:30:16 2026

OUTPUT FILE NAME:   <empty_LP_MSPM0G3507_nortos_ticlang.out>
ENTRY POINT SYMBOL: "_c_int00_noargs"  address: 00004fa1


MEMORY CONFIGURATION

         name            origin    length      used     unused   attr    fill
----------------------  --------  ---------  --------  --------  ----  --------
  FLASH                 00000000   00020000  000061d0  00019e30  R  X
  SRAM                  20200000   00008000  00000b55  000074ab  RW X
  BCR_CONFIG            41c00000   000000ff  00000000  000000ff  R   
  BSL_CONFIG            41c00100   00000080  00000000  00000080  R   


SEGMENT ALLOCATION MAP

run origin  load origin   length   init length attrs members
----------  ----------- ---------- ----------- ----- -------
00000000    00000000    000061d0   000061d0    r-x
  00000000    00000000    000000c0   000000c0    r-- .intvecs
  000000c0    000000c0    000053b0   000053b0    r-x .text
  00005470    00005470    00000d30   00000d30    r-- .rodata
  000061a0    000061a0    00000030   00000030    r-- .cinit
20200000    20200000    00000955   00000000    rw-
  20200000    20200000    00000950   00000000    rw- .bss
  20200950    20200950    00000005   00000000    rw- .data
20207e00    20207e00    00000200   00000000    rw-
  20207e00    20207e00    00000200   00000000    rw- .stack


SECTION ALLOCATION MAP

 output                                  attributes/
section   page    origin      length       input sections
--------  ----  ----------  ----------   ----------------
.intvecs   0    00000000    000000c0     
                  00000000    000000c0     startup_mspm0g350x_ticlang.o (.intvecs)

.text      0    000000c0    000053b0     
                  000000c0    00000a7c     libc.a : _printfi.c.obj (.text:__TI_printfi)
                  00000b3c    0000042c     line_sensor.o (.text.LineSensor_Sample)
                  00000f68    000002e4     imu.o (.text.IMU_Update)
                  0000124c    000002dc     libc.a : divdf3_fast.c.obj (.text.__divdf3_fast)
                  00001528    000002a0     oled.o (.text.OLED_ShowImage)
                  000017c8    0000020c     libc.a : _printfi.c.obj (.text._pconv_a)
                  000019d4    000001e0            : _printfi.c.obj (.text._pconv_g)
                  00001bb4    000001d8            : muldf3_fast.c.obj (.text.__muldf3_fast)
                  00001d8c    000001cc     oled.o (.text.OLED_ShowString)
                  00001f58    000001a8     oled.o (.text.OLED_Init)
                  00002100    00000192     libclang_rt.builtins.a : adddf3.S.obj (.text)
                  00002292    00000182     pid.o (.text.PID_Update)
                  00002414    00000138     bsp_uart.o (.text.BSP_UART_TryWrite)
                  0000254c    00000138     libc.a : _printfi.c.obj (.text.fcvt)
                  00002684    00000128     imu.o (.text.IMU_PushRxByte)
                  000027ac    0000011c     bsp_imu_uart.o (.text.BSP_IMU_UART_TryWrite)
                  000028c8    00000114     app_debug.o (.text.App_Debug_OLEDTask)
                  000029dc    0000010c     bsp_uart.o (.text.BSP_UART_IRQHandler)
                  00002ae8    00000100     bsp_line_adc.o (.text.BSP_LineADC_Read)
                  00002be8    000000fc     driverlib.a : dl_timer.o (.text.DL_Timer_initTimerMode)
                  00002ce4    000000fc     libc.a : _printfi.c.obj (.text._pconv_e)
                  00002de0    000000e0     oled.o (.text.OLED_WriteData)
                  00002ec0    000000dc     app_debug.o (.text.App_Debug_Task)
                  00002f9c    000000dc     libc.a : s_scalbn.c.obj (.text.scalbn)
                  00003078    000000d8     libclang_rt.builtins.a : addsf3.S.obj (.text)
                  00003150    000000d0     bsp_imu_uart.o (.text.BSP_IMU_UART_IRQHandler)
                  00003220    000000d0     oled.o (.text.OLED_I2C_SendByte)
                  000032f0    000000a2     libclang_rt.builtins.a : udivmoddi4.S.obj (.text)
                  00003392    0000009c     vehicle_mixer.o (.text.VehicleMixer_Mix)
                  0000342e    0000009a     libc.a : memcpy16.S.obj (.text:memcpy)
                  000034c8    00000098     bsp_line_adc.o (.text.BSP_LineADC_Init)
                  00003560    00000098     imu.o (.text.IMU_Init)
                  000035f8    00000098     line_control.o (.text.LineControl_Update)
                  00003690    00000094     oled.o (.text.OLED_UpdateArea)
                  00003724    0000008c     ti_msp_dl_config.o (.text.SYSCFG_DL_HC05_UART_init)
                  000037b0    0000008c     ti_msp_dl_config.o (.text.SYSCFG_DL_IMU_UART_init)
                  0000383c    0000008c     libclang_rt.builtins.a : comparesf2.S.obj (.text)
                  000038c8    0000008c                            : mulsf3.S.obj (.text)
                  00003954    0000008a     app_debug.o (.text.App_Debug_PollCommands)
                  000039de    00000002     bsp_board.o (.text.BSP_Board_Init)
                  000039e0    00000088     libc.a : strcmp-armv6m.S.obj (.text:strcmp)
                  00003a68    00000082     libclang_rt.builtins.a : divsf3.S.obj (.text)
                  00003aea    00000002     bsp_encoder.o (.text.BSP_Encoder_Init)
                  00003aec    0000007c     ti_msp_dl_config.o (.text.SYSCFG_DL_LINE_ADC1_init)
                  00003b68    0000007c     libc.a : copy_decompress_lzss.c.obj (.text:decompress:lzss)
                  00003be4    0000007a     tb6612.o (.text.TB6612_SetSignedDuty)
                  00003c5e    00000002     bsp_encoder.o (.text.BSP_Encoder_ResetCounts)
                  00003c60    00000078     app_scheduler.o (.text.App_Scheduler_Run)
                  00003cd8    00000078     motor.o (.text.Motor_Update)
                  00003d50    00000074     libclang_rt.builtins.a : comparedf2.c.obj (.text.__gedf2)
                  00003dc4    00000074     encoder.o (.text.update_one)
                  00003e38    00000070     ti_msp_dl_config.o (.text.SYSCFG_DL_LINE_ADC0_init)
                  00003ea8    0000006c     bsp_uart.o (.text.BSP_UART_Init)
                  00003f14    0000006c     speed_control.o (.text.SpeedControl_Init)
                  00003f80    00000068     libclang_rt.builtins.a : comparedf2.c.obj (.text.__ledf2)
                  00003fe8    00000066     libc.a : _printfi.c.obj (.text._mcpy)
                  0000404e    00000002     bsp_tb6612.o (.text.BSP_TB6612_Init)
                  00004050    00000064     app_car.o (.text.App_Car_ControlTask5ms)
                  000040b4    00000064     oled.o (.text.OLED_WriteCommand)
                  00004118    00000062     libc.a : memset16.S.obj (.text:memset)
                  0000417a    00000002     bsp_tb6612.o (.text.BSP_TB6612_SetInputs)
                  0000417c    00000060     ti_msp_dl_config.o (.text.SYSCFG_DL_initPower)
                  000041dc    0000005e     tb6612.o (.text.TB6612_StopAll)
                  0000423a    00000002     bsp_tb6612.o (.text.BSP_TB6612_SetPwmPermille)
                  0000423c    0000005c     bsp_imu_uart.o (.text.BSP_IMU_UART_Init)
                  00004298    0000005c     libc.a : s_frexp.c.obj (.text.frexp)
                  000042f4    0000005a     libclang_rt.builtins.a : aeabi_dcmp.S.obj (.text)
                  0000434e    00000002     bsp_tb6612.o (.text.BSP_TB6612_SetStandby)
                  00004350    0000005a     libclang_rt.builtins.a : aeabi_fcmp.S.obj (.text)
                  000043aa    00000002     startup_mspm0g350x_ticlang.o (.text.Default_Handler)
                  000043ac    00000058     line_control.o (.text.LineControl_Init)
                  00004404    00000058     speed_control.o (.text.SpeedControl_Update)
                  0000445c    00000058     libc.a : _ltoa.c.obj (.text.__TI_ltoa)
                  000044b4    00000058            : _printfi.c.obj (.text._pconv_f)
                  0000450c    00000056     libclang_rt.builtins.a : aeabi_idivmod.S.obj (.text)
                  00004562    00000052     libc.a : _printfi.c.obj (.text._ecpy)
                  000045b4    0000004e     libclang_rt.builtins.a : floatdisf.S.obj (.text)
                  00004602    00000002                            : aeabi_div0.c.obj (.text.__aeabi_idiv0)
                  00004604    0000004a                            : fixdfsi.S.obj (.text)
                  0000464e    00000002                            : aeabi_div0.c.obj (.text.__aeabi_ldiv0)
                  00004650    00000048     driverlib.a : dl_uart.o (.text.DL_UART_init)
                  00004698    00000048     encoder.o (.text.Encoder_Init)
                  000046e0    00000048     line_sensor.o (.text.LineSensor_Init)
                  00004728    00000048     libc.a : snprintf.c.obj (.text.snprintf)
                  00004770    00000044     app_car.o (.text.App_Car_Start)
                  000047b4    00000044     app_scheduler.o (.text.App_Scheduler_Init)
                  000047f8    00000044     encoder.o (.text.Encoder_Reset)
                  0000483c    00000044     libc.a : atoi.c.obj (.text.atoi)
                  00004880    00000040     driverlib.a : dl_adc12.o (.text.DL_ADC12_setClockConfig)
                  000048c0    00000040     ti_msp_dl_config.o (.text.SYSCFG_DL_SYSCTL_init)
                  00004900    00000040     libc.a : vsnprintf.c.obj (.text.vsnprintf)
                  00004940    00000040     libclang_rt.builtins.a : aeabi_uidivmod.S.obj (.text)
                  00004980    0000003c     app_car.o (.text.App_Car_Init)
                  000049bc    0000003c     bsp_time.o (.text.BSP_Time_Init)
                  000049f8    0000003c     motor.o (.text.Motor_SetTargetPermille)
                  00004a34    0000003c     libc.a : autoinit.c.obj (.text:__TI_auto_init_nobinit_nopinit)
                  00004a70    0000003c     libclang_rt.builtins.a : floatsisf.S.obj (.text)
                  00004aac    0000003a                            : muldsi3.S.obj (.text)
                  00004ae6    00000002     --HOLE-- [fill = 0]
                  00004ae8    00000038     app_car.o (.text.App_Car_StateTask10ms)
                  00004b20    00000038     bsp_imu_uart.o (.text.BSP_IMU_UART_TryReadByte)
                  00004b58    00000038     bsp_uart.o (.text.BSP_UART_TryReadByte)
                  00004b90    00000038     encoder.o (.text.Encoder_Update)
                  00004bc8    00000038     ti_msp_dl_config.o (.text.SYSCFG_DL_TICK_TIMER_init)
                  00004c00    00000038     tb6612.o (.text.TB6612_Enable)
                  00004c38    00000038     libclang_rt.builtins.a : fixsfsi.S.obj (.text)
                  00004c70    00000036     pid.o (.text.PID_SetIntegralLimits)
                  00004ca6    00000036     tb6612.o (.text.TB6612_Init)
                  00004cdc    00000034     pid.o (.text.PID_SetDerivativeFilter)
                  00004d10    00000034     speed_control.o (.text.SpeedControl_Reset)
                  00004d44    00000032     libc.a : snprintf.c.obj (.text._outs)
                  00004d76    00000032            : vsnprintf.c.obj (.text._outs)
                  00004da8    00000030     app_car.o (.text.App_Car_SensorTask1ms)
                  00004dd8    00000030     motor.o (.text.Motor_Enable)
                  00004e08    00000030     ti_msp_dl_config.o (.text.SYSCFG_DL_GPIO_init)
                  00004e38    00000030     libclang_rt.builtins.a : comparedf2.c.obj (.text.__unorddf2)
                  00004e68    00000030     libc.a : _printfi.c.obj (.text._fcpy)
                  00004e98    0000002e     oled.o (.text.OLED_Printf)
                  00004ec6    00000002     --HOLE-- [fill = 0]
                  00004ec8    0000002c     bsp_line_adc.o (.text.ADC0_IRQHandler)
                  00004ef4    0000002c     bsp_line_adc.o (.text.ADC1_IRQHandler)
                  00004f20    0000002c     line_sensor.o (.text.LineSensor_StartCalibration)
                  00004f4c    0000002c     libclang_rt.builtins.a : floatsidf.S.obj (.text)
                  00004f78    00000028     pid.o (.text.PID_Init)
                  00004fa0    00000028     libc.a : boot_cortex_m.c.obj (.text:_c_int00_noargs)
                  00004fc8    00000028     libclang_rt.builtins.a : floatunsisf.S.obj (.text)
                  00004ff0    00000024     app_debug.o (.text.App_Debug_Init)
                  00005014    00000024     bsp_oled_soft_i2c.o (.text.BSP_OLED_SoftI2C_WriteSCL)
                  00005038    00000024     bsp_oled_soft_i2c.o (.text.BSP_OLED_SoftI2C_WriteSDA)
                  0000505c    00000024     ti_msp_dl_config.o (.text.SYSCFG_DL_init)
                  00005080    00000024     libclang_rt.builtins.a : muldi3.S.obj (.text)
                  000050a4    00000022     libc.a : memccpy.c.obj (.text.memccpy)
                  000050c6    00000002     --HOLE-- [fill = 0]
                  000050c8    00000020     app_car.o (.text.App_Car_Stop)
                  000050e8    00000020     bsp_oled_soft_i2c.o (.text.BSP_OLED_SoftI2C_Init)
                  00005108    00000020     motor.o (.text.Motor_EmergencyStop)
                  00005128    00000020     motor.o (.text.Motor_Init)
                  00005148    0000001e     libclang_rt.builtins.a : ashldi3.S.obj (.text)
                  00005166    00000002     --HOLE-- [fill = 0]
                  00005168    0000001c     driverlib.a : dl_timer.o (.text.DL_Timer_setClockConfig)
                  00005184    0000001c     bsp_time.o (.text.TIMG0_IRQHandler)
                  000051a0    0000001a     empty.o (.text.main)
                  000051ba    00000002     --HOLE-- [fill = 0]
                  000051bc    0000001a     libclang_rt.builtins.a : aeabi_memset.S.obj (.text)
                  000051d6    00000002     --HOLE-- [fill = 0]
                  000051d8    00000018     app_car.o (.text.App_Car_EmergencyStop)
                  000051f0    00000018     app_car.o (.text.App_Car_StartCalibration)
                  00005208    00000018     imu.o (.text.IMU_StartGyroCalibration)
                  00005220    00000018     line_control.o (.text.LineControl_Reset)
                  00005238    00000018     libc.a : snprintf.c.obj (.text._outc)
                  00005250    00000018            : vsnprintf.c.obj (.text._outc)
                  00005268    00000014     app_car.o (.text.App_Car_FinishCalibration)
                  0000527c    00000014     bsp_oled_soft_i2c.o (.text.BSP_OLED_SoftI2C_ReadSDA)
                  00005290    00000014     oled.o (.text.OLED_Clear)
                  000052a4    00000014     libclang_rt.builtins.a : aeabi_uldivmod.S.obj (.text)
                  000052b8    00000012     driverlib.a : dl_uart.o (.text.DL_UART_setClockConfig)
                  000052ca    00000012     libc.a : _printfi.c.obj (.text.strchr)
                  000052dc    00000012            : copy_decompress_none.c.obj (.text:decompress:none)
                  000052ee    00000010     pid.o (.text.PID_Reset)
                  000052fe    00000010     libc.a : wcslen.c.obj (.text.wcslen)
                  0000530e    00000010            : copy_zero_init.c.obj (.text:decompress:ZI)
                  0000531e    0000000e            : _printfi.c.obj (.text.strlen)
                  0000532c    0000000c     app_car.o (.text.App_Car_GetState)
                  00005338    0000000c     bsp_imu_uart.o (.text.BSP_IMU_UART_GetRxOverflowCount)
                  00005344    0000000c     bsp_line_adc.o (.text.BSP_LineADC_GetFrameCount)
                  00005350    0000000c     bsp_line_adc.o (.text.BSP_LineADC_GetRestartCount)
                  0000535c    0000000c     bsp_line_adc.o (.text.BSP_LineADC_GetUnexpectedIrqCount)
                  00005368    0000000c     bsp_time.o (.text.BSP_Time_GetMs)
                  00005374    0000000c     imu.o (.text.IMU_ResetYaw)
                  00005380    0000000c     line_sensor.o (.text.LineSensor_FinishCalibration)
                  0000538c    0000000c     line_sensor.o (.text.LineSensor_IsCalibrating)
                  00005398    0000000c     motor.o (.text.Motor_ClearEmergencyStop)
                  000053a4    0000000c     motor.o (.text.Motor_SetStopMode)
                  000053b0    0000000c     oled.o (.text.OLED_IsConnected)
                  000053bc    0000000a     driverlib.a : dl_common.o (.text.DL_Common_delayCycles)
                  000053c6    0000000a     libc.a : _printfi.c.obj (.text.OUTLINED_FUNCTION_0)
                  000053d0    00000010     libclang_rt.builtins.a : adddf3.S.obj (.tramp.__aeabi_dsub.1)
                  000053e0    0000000a     libc.a : _printfi.c.obj (.text.OUTLINED_FUNCTION_1)
                  000053ea    00000002     --HOLE-- [fill = 0]
                  000053ec    00000008     encoder.o (.text.Encoder_GetLeft)
                  000053f4    00000008     encoder.o (.text.Encoder_GetRight)
                  000053fc    00000008     imu.o (.text.IMU_GetData)
                  00005404    00000008     imu.o (.text.IMU_GetDiagnostics)
                  0000540c    00000008     line_sensor.o (.text.LineSensor_GetData)
                  00005414    00000008     motor.o (.text.Motor_GetStatus)
                  0000541c    00000008     bsp_imu_uart.o (.text.UART0_IRQHandler)
                  00005424    00000008     bsp_uart.o (.text.UART1_IRQHandler)
                  0000542c    00000008     libclang_rt.builtins.a : aeabi_ddiv.c.obj (.text.__aeabi_ddiv_fast)
                  00005434    00000008                            : aeabi_dmul.c.obj (.text.__aeabi_dmul_fast)
                  0000543c    00000008     libc.a : aeabi_portable.c.obj (.text.__aeabi_errno_addr)
                  00005444    00000008     libclang_rt.builtins.a : aeabi_memcpy.S.obj (.text)
                  0000544c    00000006     libc.a : exit.c.obj (.text:abort)
                  00005452    00000004     bsp_encoder.o (.text.BSP_Encoder_GetLeftCount)
                  00005456    00000004     bsp_encoder.o (.text.BSP_Encoder_GetRightCount)
                  0000545a    00000004     libsysbm.a : hostexit.c.obj (.text.HOSTexit)
                  0000545e    00000004     startup_mspm0g350x_ticlang.o (.text.Reset_Handler)
                  00005462    00000004     libc.a : pre_init.c.obj (.text._system_pre_init)
                  00005466    0000000a     --HOLE-- [fill = 0]

.cinit     0    000061a0    00000030     
                  000061a0    0000000c     (__TI_handler_table)
                  000061ac    00000008     (.cinit..bss.load) [load image, compression = zero_init]
                  000061b4    00000007     (.cinit..data.load) [load image, compression = lzss]
                  000061bb    00000001     --HOLE-- [fill = 0]
                  000061bc    00000010     (__TI_cinit_table)
                  000061cc    00000004     --HOLE-- [fill = 0]

.rodata    0    00005470    00000d30     
                  00005470    000005f0     oled_data.o (.rodata.OLED_F8x16)
                  00005a60    0000023a     oled_data.o (.rodata.OLED_F6x8)
                  00005c9a    00000003     ti_msp_dl_config.o (.rodata.gTICK_TIMERClockConfig)
                  00005c9d    00000002     ti_msp_dl_config.o (.rodata.gHC05_UARTClockConfig)
                  00005c9f    00000001     --HOLE-- [fill = 0]
                  00005ca0    00000200     imu.o (.rodata..L.crctable)
                  00005ea0    00000103     oled_data.o (.rodata.OLED_CF16x16)
                  00005fa3    0000000c     app_debug.o (.rodata.str1.11971626001154491176.1)
                  00005faf    00000001     --HOLE-- [fill = 0]
                  00005fb0    00000101     libc.a : aeabi_ctype.S.obj (.rodata:__aeabi_ctype_table_)
                  000060b1    0000002d     app_debug.o (.rodata.str1.9620717744555156545.1)
                  000060de    00000002     ti_msp_dl_config.o (.rodata.gIMU_UARTClockConfig)
                  000060e0    00000014     ti_msp_dl_config.o (.rodata.gTICK_TIMERTimerConfig)
                  000060f4    00000012     app_debug.o (.rodata.str1.5331226150881879698.1)
                  00006106    00000011     libc.a : _printfi.c.obj (.rodata.str1.10348868589481759720.1)
                  00006117    00000011            : _printfi.c.obj (.rodata.str1.15363888844622738466.1)
                  00006128    00000011     app_debug.o (.rodata.str1.6117714838153347073.1)
                  00006139    0000000c     app_debug.o (.rodata.str1.18272325201651093521.1)
                  00006145    0000000c     app_debug.o (.rodata.str1.4393960957010246102.1)
                  00006151    0000000c     app_debug.o (.rodata.str1.6718837306179793139.1)
                  0000615d    0000000b     app_debug.o (.rodata.str1.12937848143626781365.1)
                  00006168    0000000a     ti_msp_dl_config.o (.rodata.gHC05_UARTConfig)
                  00006172    0000000a     ti_msp_dl_config.o (.rodata.gIMU_UARTConfig)
                  0000617c    00000009     app_debug.o (.rodata.str1.2997798556473692064.1)
                  00006185    00000008     app_debug.o (.rodata.cst8)
                  0000618d    00000003     --HOLE-- [fill = 0]
                  00006190    00000008     ti_msp_dl_config.o (.rodata.gLINE_ADC0ClockConfig)
                  00006198    00000008     ti_msp_dl_config.o (.rodata.gLINE_ADC1ClockConfig)

.init_array 
*          0    00000000    00000000     UNINITIALIZED

.binit     0    00000000    00000000     

.bss       0    20200000    00000950     UNINITIALIZED
                  20200000    00000400     (.common:OLED_DisplayBuf)
                  20200400    00000200     bsp_uart.o (.bss.g_txBuffer)
                  20200600    00000100     bsp_uart.o (.bss.g_rxBuffer)
                  20200700    00000040     bsp_imu_uart.o (.bss.g_rxBuffer)
                  20200740    00000034     speed_control.o (.bss.g_leftPid)
                  20200774    00000034     line_control.o (.bss.g_linePid)
                  202007a8    00000034     speed_control.o (.bss.g_rightPid)
                  202007dc    00000030     line_sensor.o (.bss.g_data)
                  2020080c    00000020     bsp_imu_uart.o (.bss.g_txBuffer)
                  2020082c    00000018     imu.o (.bss.g_data)
                  20200844    00000018     imu.o (.bss.g_diagnostics)
                  2020085c    00000018     speed_control.o (.bss.g_status)
                  20200874    00000014     encoder.o (.bss.g_left)
                  20200888    00000014     encoder.o (.bss.g_right)
                  2020089c    00000010     line_sensor.o (.bss.g_maximum)
                  202008ac    00000010     line_sensor.o (.bss.g_minimum)
                  202008bc    0000000a     imu.o (.bss.g_parser)
                  202008c6    00000002     imu.o (.bss.g_lastAngleRaw)
                  202008c8    0000000a     motor.o (.bss.g_status)
                  202008d2    00000002     imu.o (.bss.g_publishedAngleRaw)
                  202008d4    00000004     imu.o (.bss.g_calibrationSumDps)
                  202008d8    00000004     imu.o (.bss.g_configElapsedSeconds)
                  202008dc    00000004     imu.o (.bss.g_consumedSequence)
                  202008e0    00000004     bsp_line_adc.o (.bss.g_frameCount)
                  202008e4    00000004     bsp_uart.o (.bss.g_hardwareErrorCount)
                  202008e8    00000004     app_car.o (.bss.g_lastLineSeenMs)
                  202008ec    00000004     line_control.o (.bss.g_lastPosition)
                  202008f0    00000004     line_sensor.o (.bss.g_lastPosition)
                  202008f4    00000004     app_scheduler.o (.bss.g_nextControlMs)
                  202008f8    00000004     app_scheduler.o (.bss.g_nextDebugMs)
                  202008fc    00000004     app_scheduler.o (.bss.g_nextOledMs)
                  20200900    00000004     app_scheduler.o (.bss.g_nextSensorMs)
                  20200904    00000004     app_scheduler.o (.bss.g_nextStateMs)
                  20200908    00000004     encoder.o (.bss.g_previousLeft)
                  2020090c    00000004     encoder.o (.bss.g_previousRight)
                  20200910    00000004     imu.o (.bss.g_publishedSequence)
                  20200914    00000004     bsp_line_adc.o (.bss.g_restartCount)
                  20200918    00000004     bsp_imu_uart.o (.bss.g_rxOverflowCount)
                  2020091c    00000004     bsp_uart.o (.bss.g_rxOverflowCount)
                  20200920    00000004     imu.o (.bss.g_sampleAgeSeconds)
                  20200924    00000004     bsp_time.o (.bss.g_timeMs)
                  20200928    00000004     bsp_uart.o (.bss.g_txRejectedCount)
                  2020092c    00000004     bsp_line_adc.o (.bss.g_unexpectedIrqCount)
                  20200930    00000004     bsp_line_adc.o (.bss.g_waitPolls)
                  20200934    00000002     imu.o (.bss.g_publishedDpsRaw)
                  20200936    00000002     bsp_imu_uart.o (.bss.g_rxHead)
                  20200938    00000002     bsp_uart.o (.bss.g_rxHead)
                  2020093a    00000002     bsp_imu_uart.o (.bss.g_rxTail)
                  2020093c    00000002     bsp_uart.o (.bss.g_rxTail)
                  2020093e    00000002     bsp_imu_uart.o (.bss.g_txHead)
                  20200940    00000002     bsp_uart.o (.bss.g_txHead)
                  20200942    00000002     bsp_imu_uart.o (.bss.g_txTail)
                  20200944    00000002     bsp_uart.o (.bss.g_txTail)
                  20200946    00000001     bsp_line_adc.o (.bss.g_adc0Done)
                  20200947    00000001     bsp_line_adc.o (.bss.g_adc1Done)
                  20200948    00000001     line_sensor.o (.bss.g_calibrating)
                  20200949    00000001     bsp_line_adc.o (.bss.g_conversionActive)
                  2020094a    00000001     imu.o (.bss.g_haveLastAngle)
                  2020094b    00000001     app_debug.o (.bss.g_oledConnected)
                  2020094c    00000001     oled.o (.bss.g_oledConnected)
                  2020094d    00000001     app_debug.o (.bss.g_oledNextPage)
                  2020094e    00000001     app_car.o (.bss.g_state)
                  2020094f    00000001     imu.o (.bss.g_uartReady)

.data      0    20200950    00000005     UNINITIALIZED
                  20200950    00000004     libc.a : aeabi_portable.c.obj (.data.__aeabi_errno)
                  20200954    00000001     motor.o (.data.g_stopMode)

.stack     0    20207e00    00000200     UNINITIALIZED
                  20207e00    00000004     libc.a : boot_cortex_m.c.obj (.stack)
                  20207e04    000001fc     --HOLE--

__llvm_prf_cnts 
*          0    20200000    00000000     UNINITIALIZED

__llvm_prf_bits 
*          0    20200000    00000000     UNINITIALIZED

MODULE SUMMARY

       Module                         code    ro data   rw data
       ------                         ----    -------   -------
    .\
       ti_msp_dl_config.o             816     63        0      
       startup_mspm0g350x_ticlang.o   6       192       0      
       empty.o                        26      0         0      
    +--+------------------------------+-------+---------+---------+
       Total:                         848     255       0      
                                                               
    .\app\
       app_debug.o                    670     156       2      
       app_car.o                      444     0         5      
       app_scheduler.o                188     0         20     
    +--+------------------------------+-------+---------+---------+
       Total:                         1302    156       27     
                                                               
    .\bsp\
       bsp_uart.o                     752     0         788    
       bsp_imu_uart.o                 660     0         108    
       bsp_line_adc.o                 532     0         19     
       bsp_oled_soft_i2c.o            124     0         0      
       bsp_time.o                     100     0         4      
       bsp_encoder.o                  12      0         0      
       bsp_tb6612.o                   8       0         0      
       bsp_board.o                    2       0         0      
    +--+------------------------------+-------+---------+---------+
       Total:                         2190    0         919    
                                                               
    .\control\
       pid.o                          548     0         0      
       speed_control.o                248     0         128    
       line_control.o                 264     0         56     
       vehicle_mixer.o                156     0         0      
    +--+------------------------------+-------+---------+---------+
       Total:                         1216    0         184    
                                                               
    .\drivers\
       oled.o                         2314    0         1025   
       oled_data.o                    0       2349      0      
       imu.o                          1240    512       86     
       line_sensor.o                  1216    0         85     
       encoder.o                      328     0         48     
       motor.o                        324     0         11     
       tb6612.o                       326     0         0      
    +--+------------------------------+-------+---------+---------+
       Total:                         5748    2861      1255   
                                                               
    C:/ti/mspm0_sdk_2_11_00_07/source/ti/driverlib/lib/ticlang/m0p/mspm0g1x0x_g3x0x/driverlib.a
       dl_timer.o                     280     0         0      
       dl_uart.o                      90      0         0      
       dl_adc12.o                     64      0         0      
       dl_common.o                    10      0         0      
    +--+------------------------------+-------+---------+---------+
       Total:                         444     0         0      
                                                               
    C:\ti\ccs2100\ccs\tools\compiler\ti-cgt-armllvm_5.1.1.LTS\lib\armv6m-ti-none-eabi/c/libc.a
       _printfi.c.obj                 4624    34        0      
       divdf3_fast.c.obj              732     0         0      
       muldf3_fast.c.obj              472     0         0      
       aeabi_ctype.S.obj              0       257       0      
       s_scalbn.c.obj                 220     0         0      
       memcpy16.S.obj                 154     0         0      
       snprintf.c.obj                 146     0         0      
       vsnprintf.c.obj                138     0         0      
       strcmp-armv6m.S.obj            136     0         0      
       copy_decompress_lzss.c.obj     124     0         0      
       memset16.S.obj                 98      0         0      
       s_frexp.c.obj                  92      0         0      
       _ltoa.c.obj                    88      0         0      
       atoi.c.obj                     68      0         0      
       autoinit.c.obj                 60      0         0      
       boot_cortex_m.c.obj            40      0         0      
       memccpy.c.obj                  34      0         0      
       copy_decompress_none.c.obj     18      0         0      
       copy_zero_init.c.obj           16      0         0      
       wcslen.c.obj                   16      0         0      
       aeabi_portable.c.obj           8       0         4      
       exit.c.obj                     6       0         0      
       pre_init.c.obj                 4       0         0      
    +--+------------------------------+-------+---------+---------+
       Total:                         7294    291       4      
                                                               
    C:\ti\ccs2100\ccs\tools\compiler\ti-cgt-armllvm_5.1.1.LTS\lib\armv6m-ti-none-eabi/c/libsysbm.a
       hostexit.c.obj                 4       0         0      
    +--+------------------------------+-------+---------+---------+
       Total:                         4       0         0      
                                                               
    C:\ti\ccs2100\ccs\tools\compiler\ti-cgt-armllvm_5.1.1.LTS\lib\armv6m-ti-none-eabi/libclang_rt.builtins.a
       adddf3.S.obj                   418     0         0      
       comparedf2.c.obj               268     0         0      
       addsf3.S.obj                   216     0         0      
       udivmoddi4.S.obj               162     0         0      
       comparesf2.S.obj               140     0         0      
       mulsf3.S.obj                   140     0         0      
       divsf3.S.obj                   130     0         0      
       aeabi_dcmp.S.obj               90      0         0      
       aeabi_fcmp.S.obj               90      0         0      
       aeabi_idivmod.S.obj            86      0         0      
       floatdisf.S.obj                78      0         0      
       fixdfsi.S.obj                  74      0         0      
       aeabi_uidivmod.S.obj           64      0         0      
       floatsisf.S.obj                60      0         0      
       muldsi3.S.obj                  58      0         0      
       fixsfsi.S.obj                  56      0         0      
       floatsidf.S.obj                44      0         0      
       floatunsisf.S.obj              40      0         0      
       muldi3.S.obj                   36      0         0      
       ashldi3.S.obj                  30      0         0      
       aeabi_memset.S.obj             26      0         0      
       aeabi_uldivmod.S.obj           20      0         0      
       aeabi_ddiv.c.obj               8       0         0      
       aeabi_dmul.c.obj               8       0         0      
       aeabi_memcpy.S.obj             8       0         0      
       aeabi_div0.c.obj               4       0         0      
    +--+------------------------------+-------+---------+---------+
       Total:                         2354    0         0      
                                                               
       Stack:                         0       0         512    
       Linker Generated:              0       43        0      
    +--+------------------------------+-------+---------+---------+
       Grand Total:                   21400   3606      2901   


LINKER GENERATED COPY TABLES

__TI_cinit_table @ 000061bc records: 2, size/record: 8, table size: 16
	.bss: load addr=000061ac, load size=00000008 bytes, run addr=20200000, run size=00000950 bytes, compression=zero_init
	.data: load addr=000061b4, load size=00000007 bytes, run addr=20200950, run size=00000005 bytes, compression=lzss


LINKER GENERATED HANDLER TABLE

__TI_handler_table @ 000061a0 records: 3, size/record: 4, table size: 12
	index: 0, handler: __TI_decompress_lzss
	index: 1, handler: __TI_decompress_none
	index: 2, handler: __TI_zero_init


FAR CALL TRAMPOLINES

callee name               trampoline name
   callee addr  tramp addr   call addr  call info
--------------  -----------  ---------  ----------------
__aeabi_dsub              $Tramp$TT$L$PI$$__aeabi_dsub
   00002101     000053d0     000053ce   libc.a : _printfi.c.obj (.text.OUTLINED_FUNCTION_0)

[1 trampolines]
[1 trampoline calls]


GLOBAL SYMBOLS: SORTED ALPHABETICALLY BY Name 

address   name                             
-------   ----                             
00004ec9  ADC0_IRQHandler                  
00004ef5  ADC1_IRQHandler                  
000043ab  AES_IRQHandler                   
00004051  App_Car_ControlTask5ms           
000051d9  App_Car_EmergencyStop            
00005269  App_Car_FinishCalibration        
0000532d  App_Car_GetState                 
00004981  App_Car_Init                     
00004da9  App_Car_SensorTask1ms            
00004771  App_Car_Start                    
000051f1  App_Car_StartCalibration         
00004ae9  App_Car_StateTask10ms            
000050c9  App_Car_Stop                     
00004ff1  App_Debug_Init                   
000028c9  App_Debug_OLEDTask               
00003955  App_Debug_PollCommands           
00002ec1  App_Debug_Task                   
000047b5  App_Scheduler_Init               
00003c61  App_Scheduler_Run                
000039df  BSP_Board_Init                   
00005453  BSP_Encoder_GetLeftCount         
00005457  BSP_Encoder_GetRightCount        
00003aeb  BSP_Encoder_Init                 
00003c5f  BSP_Encoder_ResetCounts          
00005339  BSP_IMU_UART_GetRxOverflowCount  
00003151  BSP_IMU_UART_IRQHandler          
0000423d  BSP_IMU_UART_Init                
00004b21  BSP_IMU_UART_TryReadByte         
000027ad  BSP_IMU_UART_TryWrite            
00005345  BSP_LineADC_GetFrameCount        
00005351  BSP_LineADC_GetRestartCount      
0000535d  BSP_LineADC_GetUnexpectedIrqCount
000034c9  BSP_LineADC_Init                 
00002ae9  BSP_LineADC_Read                 
000050e9  BSP_OLED_SoftI2C_Init            
0000527d  BSP_OLED_SoftI2C_ReadSDA         
00005015  BSP_OLED_SoftI2C_WriteSCL        
00005039  BSP_OLED_SoftI2C_WriteSDA        
0000404f  BSP_TB6612_Init                  
0000417b  BSP_TB6612_SetInputs             
0000423b  BSP_TB6612_SetPwmPermille        
0000434f  BSP_TB6612_SetStandby            
00005369  BSP_Time_GetMs                   
000049bd  BSP_Time_Init                    
000029dd  BSP_UART_IRQHandler              
00003ea9  BSP_UART_Init                    
00004b59  BSP_UART_TryReadByte             
00002415  BSP_UART_TryWrite                
0000545a  C$$EXIT                          
000043ab  CANFD0_IRQHandler                
000043ab  DAC0_IRQHandler                  
00004881  DL_ADC12_setClockConfig          
000053bd  DL_Common_delayCycles            
00002be9  DL_Timer_initTimerMode           
00005169  DL_Timer_setClockConfig          
00004651  DL_UART_init                     
000052b9  DL_UART_setClockConfig           
000043ab  DMA_IRQHandler                   
000043ab  Default_Handler                  
000053ed  Encoder_GetLeft                  
000053f5  Encoder_GetRight                 
00004699  Encoder_Init                     
000047f9  Encoder_Reset                    
00004b91  Encoder_Update                   
000043ab  GROUP0_IRQHandler                
000043ab  GROUP1_IRQHandler                
0000545b  HOSTexit                         
000043ab  HardFault_Handler                
000043ab  I2C0_IRQHandler                  
000043ab  I2C1_IRQHandler                  
000053fd  IMU_GetData                      
00005405  IMU_GetDiagnostics               
00003561  IMU_Init                         
00002685  IMU_PushRxByte                   
00005375  IMU_ResetYaw                     
00005209  IMU_StartGyroCalibration         
00000f69  IMU_Update                       
000043ad  LineControl_Init                 
00005221  LineControl_Reset                
000035f9  LineControl_Update               
00005381  LineSensor_FinishCalibration     
0000540d  LineSensor_GetData               
000046e1  LineSensor_Init                  
0000538d  LineSensor_IsCalibrating         
00000b3d  LineSensor_Sample                
00004f21  LineSensor_StartCalibration      
00005399  Motor_ClearEmergencyStop         
00005109  Motor_EmergencyStop              
00004dd9  Motor_Enable                     
00005415  Motor_GetStatus                  
00005129  Motor_Init                       
000053a5  Motor_SetStopMode                
000049f9  Motor_SetTargetPermille          
00003cd9  Motor_Update                     
000043ab  NMI_Handler                      
00005ea0  OLED_CF16x16                     
00005291  OLED_Clear                       
20200000  OLED_DisplayBuf                  
00005a60  OLED_F6x8                        
00005470  OLED_F8x16                       
00003221  OLED_I2C_SendByte                
00001f59  OLED_Init                        
000053b1  OLED_IsConnected                 
00004e99  OLED_Printf                      
00001529  OLED_ShowImage                   
00001d8d  OLED_ShowString                  
00003691  OLED_UpdateArea                  
000040b5  OLED_WriteCommand                
00002de1  OLED_WriteData                   
00004f79  PID_Init                         
000052ef  PID_Reset                        
00004cdd  PID_SetDerivativeFilter          
00004c71  PID_SetIntegralLimits            
00002293  PID_Update                       
000043ab  PendSV_Handler                   
000043ab  RTC_IRQHandler                   
0000545f  Reset_Handler                    
000043ab  SPI0_IRQHandler                  
000043ab  SPI1_IRQHandler                  
000043ab  SVC_Handler                      
00004e09  SYSCFG_DL_GPIO_init              
00003725  SYSCFG_DL_HC05_UART_init         
000037b1  SYSCFG_DL_IMU_UART_init          
00003e39  SYSCFG_DL_LINE_ADC0_init         
00003aed  SYSCFG_DL_LINE_ADC1_init         
000048c1  SYSCFG_DL_SYSCTL_init            
00004bc9  SYSCFG_DL_TICK_TIMER_init        
0000505d  SYSCFG_DL_init                   
0000417d  SYSCFG_DL_initPower              
00003f15  SpeedControl_Init                
00004d11  SpeedControl_Reset               
00004405  SpeedControl_Update              
000043ab  SysTick_Handler                  
00004c01  TB6612_Enable                    
00004ca7  TB6612_Init                      
00003be5  TB6612_SetSignedDuty             
000041dd  TB6612_StopAll                   
000043ab  TIMA0_IRQHandler                 
000043ab  TIMA1_IRQHandler                 
00005185  TIMG0_IRQHandler                 
000043ab  TIMG12_IRQHandler                
000043ab  TIMG6_IRQHandler                 
000043ab  TIMG7_IRQHandler                 
000043ab  TIMG8_IRQHandler                 
0000541d  UART0_IRQHandler                 
00005425  UART1_IRQHandler                 
000043ab  UART2_IRQHandler                 
000043ab  UART3_IRQHandler                 
00003393  VehicleMixer_Mix                 
20208000  __STACK_END                      
00000200  __STACK_SIZE                     
00000000  __TI_ATRegion0_region_sz         
00000000  __TI_ATRegion0_src_addr          
00000000  __TI_ATRegion0_trg_addr          
00000000  __TI_ATRegion1_region_sz         
00000000  __TI_ATRegion1_src_addr          
00000000  __TI_ATRegion1_trg_addr          
00000000  __TI_ATRegion2_region_sz         
00000000  __TI_ATRegion2_src_addr          
00000000  __TI_ATRegion2_trg_addr          
000061bc  __TI_CINIT_Base                  
000061cc  __TI_CINIT_Limit                 
000061cc  __TI_CINIT_Warm                  
000061a0  __TI_Handler_Table_Base          
000061ac  __TI_Handler_Table_Limit         
00004a35  __TI_auto_init_nobinit_nopinit   
00003b69  __TI_decompress_lzss             
000052dd  __TI_decompress_none             
0000445d  __TI_ltoa                        
ffffffff  __TI_pprof_out_hndl              
000000c1  __TI_printfi                     
ffffffff  __TI_prof_data_size              
ffffffff  __TI_prof_data_start             
00000000  __TI_static_base__               
0000530f  __TI_zero_init                   
0000210b  __adddf3                         
00003083  __addsf3                         
00005fb0  __aeabi_ctype_table_             
00005fb0  __aeabi_ctype_table_C            
00004605  __aeabi_d2iz                     
0000210b  __aeabi_dadd                     
000042f5  __aeabi_dcmpeq                   
0000432b  __aeabi_dcmpge                   
0000433d  __aeabi_dcmpgt                   
00004319  __aeabi_dcmple                   
00004307  __aeabi_dcmplt                   
00004e39  __aeabi_dcmpun                   
0000542d  __aeabi_ddiv_fast                
00005435  __aeabi_dmul_fast                
00002101  __aeabi_dsub                     
20200950  __aeabi_errno                    
0000543d  __aeabi_errno_addr               
00004c39  __aeabi_f2iz                     
00003083  __aeabi_fadd                     
00004351  __aeabi_fcmpeq                   
00004387  __aeabi_fcmpge                   
00004399  __aeabi_fcmpgt                   
00004375  __aeabi_fcmple                   
00004363  __aeabi_fcmplt                   
000038b3  __aeabi_fcmpun                   
00003a69  __aeabi_fdiv                     
000038c9  __aeabi_fmul                     
00003079  __aeabi_fsub                     
00004f4d  __aeabi_i2d                      
00004a71  __aeabi_i2f                      
0000450d  __aeabi_idiv                     
00004603  __aeabi_idiv0                    
0000450d  __aeabi_idivmod                  
000045b5  __aeabi_l2f                      
0000464f  __aeabi_ldiv0                    
00005149  __aeabi_llsl                     
00005081  __aeabi_lmul                     
000051cb  __aeabi_memclr                   
000051cb  __aeabi_memclr4                  
000051cb  __aeabi_memclr8                  
00005445  __aeabi_memcpy                   
00005445  __aeabi_memcpy4                  
00005445  __aeabi_memcpy8                  
000051bd  __aeabi_memset                   
000051bd  __aeabi_memset4                  
000051bd  __aeabi_memset8                  
00004fc9  __aeabi_ui2f                     
00004941  __aeabi_uidiv                    
00004941  __aeabi_uidivmod                 
000052a5  __aeabi_uldivmod                 
00005149  __ashldi3                        
ffffffff  __binit__                        
00003f81  __cmpdf2                         
0000383d  __cmpsf2                         
0000124d  __divdf3_fast                    
00003a69  __divsf3                         
00003f81  __eqdf2                          
0000383d  __eqsf2                          
00004605  __fixdfsi                        
00004c39  __fixsfsi                        
000045b5  __floatdisf                      
00004f4d  __floatsidf                      
00004a71  __floatsisf                      
00004fc9  __floatunsisf                    
00003d51  __gedf2                          
00003877  __gesf2                          
00003d51  __gtdf2                          
00003877  __gtsf2                          
00003f81  __ledf2                          
0000383d  __lesf2                          
00003f81  __ltdf2                          
0000383d  __ltsf2                          
UNDEFED   __mpu_init                       
00001bb5  __muldf3_fast                    
00005081  __muldi3                         
00004aad  __muldsi3                        
000038c9  __mulsf3                         
00003f81  __nedf2                          
0000383d  __nesf2                          
20207e00  __stack                          
20200000  __start___llvm_prf_bits          
20200000  __start___llvm_prf_cnts          
20200000  __stop___llvm_prf_bits           
20200000  __stop___llvm_prf_cnts           
00002101  __subdf3                         
00003079  __subsf3                         
000032f1  __udivmoddi4                     
00004e39  __unorddf2                       
000038b3  __unordsf2                       
00004fa1  _c_int00_noargs                  
UNDEFED   _system_post_cinit               
00005463  _system_pre_init                 
0000544d  abort                            
0000483d  atoi                             
ffffffff  binit                            
00004299  frexp                            
00004299  frexpl                           
00000000  interruptVectors                 
00002f9d  ldexp                            
00002f9d  ldexpl                           
000051a1  main                             
000050a5  memccpy                          
0000342f  memcpy                           
00004119  memset                           
00002f9d  scalbn                           
00002f9d  scalbnl                          
00004729  snprintf                         
000039e1  strcmp                           
00004901  vsnprintf                        
000052ff  wcslen                           


GLOBAL SYMBOLS: SORTED BY Symbol Address 

address   name                             
-------   ----                             
00000000  __TI_ATRegion0_region_sz         
00000000  __TI_ATRegion0_src_addr          
00000000  __TI_ATRegion0_trg_addr          
00000000  __TI_ATRegion1_region_sz         
00000000  __TI_ATRegion1_src_addr          
00000000  __TI_ATRegion1_trg_addr          
00000000  __TI_ATRegion2_region_sz         
00000000  __TI_ATRegion2_src_addr          
00000000  __TI_ATRegion2_trg_addr          
00000000  __TI_static_base__               
00000000  interruptVectors                 
000000c1  __TI_printfi                     
00000200  __STACK_SIZE                     
00000b3d  LineSensor_Sample                
00000f69  IMU_Update                       
0000124d  __divdf3_fast                    
00001529  OLED_ShowImage                   
00001bb5  __muldf3_fast                    
00001d8d  OLED_ShowString                  
00001f59  OLED_Init                        
00002101  __aeabi_dsub                     
00002101  __subdf3                         
0000210b  __adddf3                         
0000210b  __aeabi_dadd                     
00002293  PID_Update                       
00002415  BSP_UART_TryWrite                
00002685  IMU_PushRxByte                   
000027ad  BSP_IMU_UART_TryWrite            
000028c9  App_Debug_OLEDTask               
000029dd  BSP_UART_IRQHandler              
00002ae9  BSP_LineADC_Read                 
00002be9  DL_Timer_initTimerMode           
00002de1  OLED_WriteData                   
00002ec1  App_Debug_Task                   
00002f9d  ldexp                            
00002f9d  ldexpl                           
00002f9d  scalbn                           
00002f9d  scalbnl                          
00003079  __aeabi_fsub                     
00003079  __subsf3                         
00003083  __addsf3                         
00003083  __aeabi_fadd                     
00003151  BSP_IMU_UART_IRQHandler          
00003221  OLED_I2C_SendByte                
000032f1  __udivmoddi4                     
00003393  VehicleMixer_Mix                 
0000342f  memcpy                           
000034c9  BSP_LineADC_Init                 
00003561  IMU_Init                         
000035f9  LineControl_Update               
00003691  OLED_UpdateArea                  
00003725  SYSCFG_DL_HC05_UART_init         
000037b1  SYSCFG_DL_IMU_UART_init          
0000383d  __cmpsf2                         
0000383d  __eqsf2                          
0000383d  __lesf2                          
0000383d  __ltsf2                          
0000383d  __nesf2                          
00003877  __gesf2                          
00003877  __gtsf2                          
000038b3  __aeabi_fcmpun                   
000038b3  __unordsf2                       
000038c9  __aeabi_fmul                     
000038c9  __mulsf3                         
00003955  App_Debug_PollCommands           
000039df  BSP_Board_Init                   
000039e1  strcmp                           
00003a69  __aeabi_fdiv                     
00003a69  __divsf3                         
00003aeb  BSP_Encoder_Init                 
00003aed  SYSCFG_DL_LINE_ADC1_init         
00003b69  __TI_decompress_lzss             
00003be5  TB6612_SetSignedDuty             
00003c5f  BSP_Encoder_ResetCounts          
00003c61  App_Scheduler_Run                
00003cd9  Motor_Update                     
00003d51  __gedf2                          
00003d51  __gtdf2                          
00003e39  SYSCFG_DL_LINE_ADC0_init         
00003ea9  BSP_UART_Init                    
00003f15  SpeedControl_Init                
00003f81  __cmpdf2                         
00003f81  __eqdf2                          
00003f81  __ledf2                          
00003f81  __ltdf2                          
00003f81  __nedf2                          
0000404f  BSP_TB6612_Init                  
00004051  App_Car_ControlTask5ms           
000040b5  OLED_WriteCommand                
00004119  memset                           
0000417b  BSP_TB6612_SetInputs             
0000417d  SYSCFG_DL_initPower              
000041dd  TB6612_StopAll                   
0000423b  BSP_TB6612_SetPwmPermille        
0000423d  BSP_IMU_UART_Init                
00004299  frexp                            
00004299  frexpl                           
000042f5  __aeabi_dcmpeq                   
00004307  __aeabi_dcmplt                   
00004319  __aeabi_dcmple                   
0000432b  __aeabi_dcmpge                   
0000433d  __aeabi_dcmpgt                   
0000434f  BSP_TB6612_SetStandby            
00004351  __aeabi_fcmpeq                   
00004363  __aeabi_fcmplt                   
00004375  __aeabi_fcmple                   
00004387  __aeabi_fcmpge                   
00004399  __aeabi_fcmpgt                   
000043ab  AES_IRQHandler                   
000043ab  CANFD0_IRQHandler                
000043ab  DAC0_IRQHandler                  
000043ab  DMA_IRQHandler                   
000043ab  Default_Handler                  
000043ab  GROUP0_IRQHandler                
000043ab  GROUP1_IRQHandler                
000043ab  HardFault_Handler                
000043ab  I2C0_IRQHandler                  
000043ab  I2C1_IRQHandler                  
000043ab  NMI_Handler                      
000043ab  PendSV_Handler                   
000043ab  RTC_IRQHandler                   
000043ab  SPI0_IRQHandler                  
000043ab  SPI1_IRQHandler                  
000043ab  SVC_Handler                      
000043ab  SysTick_Handler                  
000043ab  TIMA0_IRQHandler                 
000043ab  TIMA1_IRQHandler                 
000043ab  TIMG12_IRQHandler                
000043ab  TIMG6_IRQHandler                 
000043ab  TIMG7_IRQHandler                 
000043ab  TIMG8_IRQHandler                 
000043ab  UART2_IRQHandler                 
000043ab  UART3_IRQHandler                 
000043ad  LineControl_Init                 
00004405  SpeedControl_Update              
0000445d  __TI_ltoa                        
0000450d  __aeabi_idiv                     
0000450d  __aeabi_idivmod                  
000045b5  __aeabi_l2f                      
000045b5  __floatdisf                      
00004603  __aeabi_idiv0                    
00004605  __aeabi_d2iz                     
00004605  __fixdfsi                        
0000464f  __aeabi_ldiv0                    
00004651  DL_UART_init                     
00004699  Encoder_Init                     
000046e1  LineSensor_Init                  
00004729  snprintf                         
00004771  App_Car_Start                    
000047b5  App_Scheduler_Init               
000047f9  Encoder_Reset                    
0000483d  atoi                             
00004881  DL_ADC12_setClockConfig          
000048c1  SYSCFG_DL_SYSCTL_init            
00004901  vsnprintf                        
00004941  __aeabi_uidiv                    
00004941  __aeabi_uidivmod                 
00004981  App_Car_Init                     
000049bd  BSP_Time_Init                    
000049f9  Motor_SetTargetPermille          
00004a35  __TI_auto_init_nobinit_nopinit   
00004a71  __aeabi_i2f                      
00004a71  __floatsisf                      
00004aad  __muldsi3                        
00004ae9  App_Car_StateTask10ms            
00004b21  BSP_IMU_UART_TryReadByte         
00004b59  BSP_UART_TryReadByte             
00004b91  Encoder_Update                   
00004bc9  SYSCFG_DL_TICK_TIMER_init        
00004c01  TB6612_Enable                    
00004c39  __aeabi_f2iz                     
00004c39  __fixsfsi                        
00004c71  PID_SetIntegralLimits            
00004ca7  TB6612_Init                      
00004cdd  PID_SetDerivativeFilter          
00004d11  SpeedControl_Reset               
00004da9  App_Car_SensorTask1ms            
00004dd9  Motor_Enable                     
00004e09  SYSCFG_DL_GPIO_init              
00004e39  __aeabi_dcmpun                   
00004e39  __unorddf2                       
00004e99  OLED_Printf                      
00004ec9  ADC0_IRQHandler                  
00004ef5  ADC1_IRQHandler                  
00004f21  LineSensor_StartCalibration      
00004f4d  __aeabi_i2d                      
00004f4d  __floatsidf                      
00004f79  PID_Init                         
00004fa1  _c_int00_noargs                  
00004fc9  __aeabi_ui2f                     
00004fc9  __floatunsisf                    
00004ff1  App_Debug_Init                   
00005015  BSP_OLED_SoftI2C_WriteSCL        
00005039  BSP_OLED_SoftI2C_WriteSDA        
0000505d  SYSCFG_DL_init                   
00005081  __aeabi_lmul                     
00005081  __muldi3                         
000050a5  memccpy                          
000050c9  App_Car_Stop                     
000050e9  BSP_OLED_SoftI2C_Init            
00005109  Motor_EmergencyStop              
00005129  Motor_Init                       
00005149  __aeabi_llsl                     
00005149  __ashldi3                        
00005169  DL_Timer_setClockConfig          
00005185  TIMG0_IRQHandler                 
000051a1  main                             
000051bd  __aeabi_memset                   
000051bd  __aeabi_memset4                  
000051bd  __aeabi_memset8                  
000051cb  __aeabi_memclr                   
000051cb  __aeabi_memclr4                  
000051cb  __aeabi_memclr8                  
000051d9  App_Car_EmergencyStop            
000051f1  App_Car_StartCalibration         
00005209  IMU_StartGyroCalibration         
00005221  LineControl_Reset                
00005269  App_Car_FinishCalibration        
0000527d  BSP_OLED_SoftI2C_ReadSDA         
00005291  OLED_Clear                       
000052a5  __aeabi_uldivmod                 
000052b9  DL_UART_setClockConfig           
000052dd  __TI_decompress_none             
000052ef  PID_Reset                        
000052ff  wcslen                           
0000530f  __TI_zero_init                   
0000532d  App_Car_GetState                 
00005339  BSP_IMU_UART_GetRxOverflowCount  
00005345  BSP_LineADC_GetFrameCount        
00005351  BSP_LineADC_GetRestartCount      
0000535d  BSP_LineADC_GetUnexpectedIrqCount
00005369  BSP_Time_GetMs                   
00005375  IMU_ResetYaw                     
00005381  LineSensor_FinishCalibration     
0000538d  LineSensor_IsCalibrating         
00005399  Motor_ClearEmergencyStop         
000053a5  Motor_SetStopMode                
000053b1  OLED_IsConnected                 
000053bd  DL_Common_delayCycles            
000053ed  Encoder_GetLeft                  
000053f5  Encoder_GetRight                 
000053fd  IMU_GetData                      
00005405  IMU_GetDiagnostics               
0000540d  LineSensor_GetData               
00005415  Motor_GetStatus                  
0000541d  UART0_IRQHandler                 
00005425  UART1_IRQHandler                 
0000542d  __aeabi_ddiv_fast                
00005435  __aeabi_dmul_fast                
0000543d  __aeabi_errno_addr               
00005445  __aeabi_memcpy                   
00005445  __aeabi_memcpy4                  
00005445  __aeabi_memcpy8                  
0000544d  abort                            
00005453  BSP_Encoder_GetLeftCount         
00005457  BSP_Encoder_GetRightCount        
0000545a  C$$EXIT                          
0000545b  HOSTexit                         
0000545f  Reset_Handler                    
00005463  _system_pre_init                 
00005470  OLED_F8x16                       
00005a60  OLED_F6x8                        
00005ea0  OLED_CF16x16                     
00005fb0  __aeabi_ctype_table_             
00005fb0  __aeabi_ctype_table_C            
000061a0  __TI_Handler_Table_Base          
000061ac  __TI_Handler_Table_Limit         
000061bc  __TI_CINIT_Base                  
000061cc  __TI_CINIT_Limit                 
000061cc  __TI_CINIT_Warm                  
20200000  OLED_DisplayBuf                  
20200000  __start___llvm_prf_bits          
20200000  __start___llvm_prf_cnts          
20200000  __stop___llvm_prf_bits           
20200000  __stop___llvm_prf_cnts           
20200950  __aeabi_errno                    
20207e00  __stack                          
20208000  __STACK_END                      
ffffffff  __TI_pprof_out_hndl              
ffffffff  __TI_prof_data_size              
ffffffff  __TI_prof_data_start             
ffffffff  __binit__                        
ffffffff  binit                            
UNDEFED   __mpu_init                       
UNDEFED   _system_post_cinit               

[285 symbols]
