******************************************************************************
            TI ARM Clang Linker PC v5.1.1                      
******************************************************************************
>> Linked Thu Jul 23 17:07:49 2026

OUTPUT FILE NAME:   <empty_LP_MSPM0G3507_nortos_ticlang.out>
ENTRY POINT SYMBOL: "_c_int00_noargs"  address: 0000291d


MEMORY CONFIGURATION

         name            origin    length      used     unused   attr    fill
----------------------  --------  ---------  --------  --------  ----  --------
  FLASH                 00000000   00020000  00003030  0001cfd0  R  X
  SRAM                  20200000   00008000  00000427  00007bd9  RW X
  BCR_CONFIG            41c00000   000000ff  00000000  000000ff  R   
  BSL_CONFIG            41c00100   00000080  00000000  00000080  R   


SEGMENT ALLOCATION MAP

run origin  load origin   length   init length attrs members
----------  ----------- ---------- ----------- ----- -------
00000000    00000000    00003030   00003030    r-x
  00000000    00000000    000000c0   000000c0    r-- .intvecs
  000000c0    000000c0    00002be0   00002be0    r-x .text
  00002ca0    00002ca0    00000360   00000360    r-- .rodata
  00003000    00003000    00000030   00000030    r-- .cinit
20200000    20200000    00000229   00000000    rw-
  20200000    20200000    00000222   00000000    rw- .bss
  20200224    20200224    00000005   00000000    rw- .data
20207e00    20207e00    00000200   00000000    rw-
  20207e00    20207e00    00000200   00000000    rw- .stack


SECTION ALLOCATION MAP

 output                                  attributes/
section   page    origin      length       input sections
--------  ----  ----------  ----------   ----------------
.intvecs   0    00000000    000000c0     
                  00000000    000000c0     startup_mspm0g350x_ticlang.o (.intvecs)

.text      0    000000c0    00002be0     
                  000000c0    000008dc     libc.a : _printfi.c.obj (.text:__TI_printfi_nofloat)
                  0000099c    0000042c     line_sensor.o (.text.LineSensor_Sample)
                  00000dc8    000002e4     imu.o (.text.IMU_Update)
                  000010ac    00000182     pid.o (.text.PID_Update)
                  0000122e    00000002     bsp_board.o (.text.BSP_Board_Init)
                  00001230    00000128     imu.o (.text.IMU_PushRxByte)
                  00001358    0000011c     bsp_imu_uart.o (.text.BSP_IMU_UART_TryWrite)
                  00001474    000000dc     app_debug.o (.text.App_Debug_Task)
                  00001550    000000d8     libclang_rt.builtins.a : addsf3.S.obj (.text)
                  00001628    000000d0     bsp_imu_uart.o (.text.BSP_IMU_UART_IRQHandler)
                  000016f8    000000a2     libclang_rt.builtins.a : udivmoddi4.S.obj (.text)
                  0000179a    0000009c     vehicle_mixer.o (.text.VehicleMixer_Mix)
                  00001836    0000009a     libc.a : memcpy16.S.obj (.text:memcpy)
                  000018d0    00000098     imu.o (.text.IMU_Init)
                  00001968    00000098     line_control.o (.text.LineControl_Update)
                  00001a00    0000008c     ti_msp_dl_config.o (.text.SYSCFG_DL_IMU_UART_init)
                  00001a8c    0000008c     libclang_rt.builtins.a : comparesf2.S.obj (.text)
                  00001b18    0000008c                            : mulsf3.S.obj (.text)
                  00001ba4    0000008a     app_debug.o (.text.App_Debug_PollCommands)
                  00001c2e    00000002     bsp_encoder.o (.text.BSP_Encoder_Init)
                  00001c30    00000082     libclang_rt.builtins.a : divsf3.S.obj (.text)
                  00001cb2    00000002     bsp_encoder.o (.text.BSP_Encoder_ResetCounts)
                  00001cb4    0000007c     libc.a : copy_decompress_lzss.c.obj (.text:decompress:lzss)
                  00001d30    0000007a     tb6612.o (.text.TB6612_SetSignedDuty)
                  00001daa    00000002     bsp_line_adc.o (.text.BSP_LineADC_Init)
                  00001dac    00000078     motor.o (.text.Motor_Update)
                  00001e24    00000074     encoder.o (.text.update_one)
                  00001e98    0000006c     speed_control.o (.text.SpeedControl_Init)
                  00001f04    00000064     app_car.o (.text.App_Car_ControlTask5ms)
                  00001f68    00000062     libc.a : memset16.S.obj (.text:memset)
                  00001fca    00000002     bsp_tb6612.o (.text.BSP_TB6612_Init)
                  00001fcc    00000060     app_scheduler.o (.text.App_Scheduler_Run)
                  0000202c    0000005e     tb6612.o (.text.TB6612_StopAll)
                  0000208a    00000002     bsp_tb6612.o (.text.BSP_TB6612_SetInputs)
                  0000208c    0000005c     bsp_imu_uart.o (.text.BSP_IMU_UART_Init)
                  000020e8    0000005a     libclang_rt.builtins.a : aeabi_fcmp.S.obj (.text)
                  00002142    00000002     bsp_tb6612.o (.text.BSP_TB6612_SetPwmPermille)
                  00002144    00000058     line_control.o (.text.LineControl_Init)
                  0000219c    00000058     speed_control.o (.text.SpeedControl_Update)
                  000021f4    0000004e     libclang_rt.builtins.a : floatdisf.S.obj (.text)
                  00002242    00000002     bsp_tb6612.o (.text.BSP_TB6612_SetStandby)
                  00002244    00000048     driverlib.a : dl_uart.o (.text.DL_UART_init)
                  0000228c    00000048     encoder.o (.text.Encoder_Init)
                  000022d4    00000048     line_sensor.o (.text.LineSensor_Init)
                  0000231c    00000048     libc.a : snprintf.c.obj (.text.snprintf)
                  00002364    00000044     app_car.o (.text.App_Car_Start)
                  000023a8    00000044     encoder.o (.text.Encoder_Reset)
                  000023ec    00000044     libc.a : atoi.c.obj (.text.atoi)
                  00002430    00000040     ti_msp_dl_config.o (.text.SYSCFG_DL_SYSCTL_init)
                  00002470    00000040     libclang_rt.builtins.a : aeabi_uidivmod.S.obj (.text)
                  000024b0    0000003c     app_car.o (.text.App_Car_Init)
                  000024ec    0000003c     motor.o (.text.Motor_SetTargetPermille)
                  00002528    0000003c     libc.a : autoinit.c.obj (.text:__TI_auto_init_nobinit_nopinit)
                  00002564    0000003c     libclang_rt.builtins.a : floatsisf.S.obj (.text)
                  000025a0    0000003a                            : muldsi3.S.obj (.text)
                  000025da    00000002     bsp_uart.o (.text.BSP_UART_Init)
                  000025dc    00000038     app_car.o (.text.App_Car_StateTask10ms)
                  00002614    00000038     app_scheduler.o (.text.App_Scheduler_Init)
                  0000264c    00000038     bsp_imu_uart.o (.text.BSP_IMU_UART_TryReadByte)
                  00002684    00000038     encoder.o (.text.Encoder_Update)
                  000026bc    00000038     tb6612.o (.text.TB6612_Enable)
                  000026f4    00000038     libclang_rt.builtins.a : fixsfsi.S.obj (.text)
                  0000272c    00000036     pid.o (.text.PID_SetIntegralLimits)
                  00002762    00000036     tb6612.o (.text.TB6612_Init)
                  00002798    00000034     pid.o (.text.PID_SetDerivativeFilter)
                  000027cc    00000034     ti_msp_dl_config.o (.text.SYSCFG_DL_initPower)
                  00002800    00000034     speed_control.o (.text.SpeedControl_Reset)
                  00002834    00000032     libc.a : snprintf.c.obj (.text._outs)
                  00002866    00000002     startup_mspm0g350x_ticlang.o (.text.Default_Handler)
                  00002868    00000030     app_car.o (.text.App_Car_SensorTask1ms)
                  00002898    00000030     motor.o (.text.Motor_Enable)
                  000028c8    0000002c     line_sensor.o (.text.LineSensor_StartCalibration)
                  000028f4    00000028     pid.o (.text.PID_Init)
                  0000291c    00000028     libc.a : boot_cortex_m.c.obj (.text:_c_int00_noargs)
                  00002944    00000028     libclang_rt.builtins.a : floatunsisf.S.obj (.text)
                  0000296c    00000024                            : muldi3.S.obj (.text)
                  00002990    00000022     libc.a : memccpy.c.obj (.text.memccpy)
                  000029b2    00000002     libclang_rt.builtins.a : aeabi_div0.c.obj (.text.__aeabi_idiv0)
                  000029b4    00000020     app_car.o (.text.App_Car_Stop)
                  000029d4    00000020     motor.o (.text.Motor_EmergencyStop)
                  000029f4    00000020     motor.o (.text.Motor_Init)
                  00002a14    0000001e     libclang_rt.builtins.a : ashldi3.S.obj (.text)
                  00002a32    0000001a     empty.o (.text.main)
                  00002a4c    0000001a     libclang_rt.builtins.a : aeabi_memset.S.obj (.text)
                  00002a66    00000002                            : aeabi_div0.c.obj (.text.__aeabi_ldiv0)
                  00002a68    00000018     app_car.o (.text.App_Car_EmergencyStop)
                  00002a80    00000018     app_car.o (.text.App_Car_StartCalibration)
                  00002a98    00000018     imu.o (.text.IMU_StartGyroCalibration)
                  00002ab0    00000018     line_control.o (.text.LineControl_Reset)
                  00002ac8    00000018     libc.a : snprintf.c.obj (.text._outc)
                  00002ae0    00000016     bsp_line_adc.o (.text.BSP_LineADC_Read)
                  00002af6    00000016     libc.a : copy_zero_init.c.obj (.text:decompress:ZI:__TI_zero_init_nomemset)
                  00002b0c    00000014     app_car.o (.text.App_Car_FinishCalibration)
                  00002b20    00000014     ti_msp_dl_config.o (.text.SYSCFG_DL_GPIO_init)
                  00002b34    00000014     ti_msp_dl_config.o (.text.SYSCFG_DL_init)
                  00002b48    00000014     libclang_rt.builtins.a : aeabi_uldivmod.S.obj (.text)
                  00002b5c    00000012     driverlib.a : dl_uart.o (.text.DL_UART_setClockConfig)
                  00002b6e    00000012     libc.a : copy_decompress_none.c.obj (.text:decompress:none)
                  00002b80    00000010     pid.o (.text.PID_Reset)
                  00002b90    00000010     libc.a : wcslen.c.obj (.text.wcslen)
                  00002ba0    0000000e            : _printfi.c.obj (.text.strlen)
                  00002bae    00000002     --HOLE-- [fill = 0]
                  00002bb0    0000000c     app_car.o (.text.App_Car_GetState)
                  00002bbc    0000000c     bsp_imu_uart.o (.text.BSP_IMU_UART_GetRxOverflowCount)
                  00002bc8    0000000c     bsp_time.o (.text.BSP_Time_GetMs)
                  00002bd4    0000000c     bsp_time.o (.text.BSP_Time_Init)
                  00002be0    0000000c     imu.o (.text.IMU_ResetYaw)
                  00002bec    0000000c     line_sensor.o (.text.LineSensor_FinishCalibration)
                  00002bf8    0000000c     line_sensor.o (.text.LineSensor_IsCalibrating)
                  00002c04    0000000c     motor.o (.text.Motor_ClearEmergencyStop)
                  00002c10    0000000c     motor.o (.text.Motor_SetStopMode)
                  00002c1c    0000000a     driverlib.a : dl_common.o (.text.DL_Common_delayCycles)
                  00002c26    00000008     app_debug.o (.text.App_Debug_Init)
                  00002c2e    00000002     --HOLE-- [fill = 0]
                  00002c30    00000008     encoder.o (.text.Encoder_GetLeft)
                  00002c38    00000008     encoder.o (.text.Encoder_GetRight)
                  00002c40    00000008     imu.o (.text.IMU_GetData)
                  00002c48    00000008     imu.o (.text.IMU_GetDiagnostics)
                  00002c50    00000008     line_sensor.o (.text.LineSensor_GetData)
                  00002c58    00000008     motor.o (.text.Motor_GetStatus)
                  00002c60    00000008     bsp_imu_uart.o (.text.UART0_IRQHandler)
                  00002c68    00000008     libc.a : aeabi_portable.c.obj (.text.__aeabi_errno_addr)
                  00002c70    00000008     libclang_rt.builtins.a : aeabi_memcpy.S.obj (.text)
                  00002c78    00000006     libc.a : exit.c.obj (.text:abort)
                  00002c7e    00000004     bsp_encoder.o (.text.BSP_Encoder_GetLeftCount)
                  00002c82    00000004     bsp_encoder.o (.text.BSP_Encoder_GetRightCount)
                  00002c86    00000004     bsp_uart.o (.text.BSP_UART_TryReadByte)
                  00002c8a    00000004     bsp_uart.o (.text.BSP_UART_TryWrite)
                  00002c8e    00000004     libsysbm.a : hostexit.c.obj (.text.HOSTexit)
                  00002c92    00000004     startup_mspm0g350x_ticlang.o (.text.Reset_Handler)
                  00002c96    00000004     libc.a : pre_init.c.obj (.text._system_pre_init)
                  00002c9a    00000006     --HOLE-- [fill = 0]

.cinit     0    00003000    00000030     
                  00003000    0000000c     (__TI_handler_table)
                  0000300c    00000008     (.cinit..bss.load) [load image, compression = zero_init]
                  00003014    00000007     (.cinit..data.load) [load image, compression = lzss]
                  0000301b    00000001     --HOLE-- [fill = 0]
                  0000301c    00000010     (__TI_cinit_table)
                  0000302c    00000004     --HOLE-- [fill = 0]

.rodata    0    00002ca0    00000360     
                  00002ca0    00000200     imu.o (.rodata..L.crctable)
                  00002ea0    00000101     libc.a : aeabi_ctype.S.obj (.rodata:__aeabi_ctype_table_)
                  00002fa1    0000002d     app_debug.o (.rodata.str1.9620717744555156545.1)
                  00002fce    00000011     libc.a : _printfi.c.obj (.rodata.str1.10348868589481759720.1)
                  00002fdf    00000011            : _printfi.c.obj (.rodata.str1.15363888844622738466.1)
                  00002ff0    0000000a     ti_msp_dl_config.o (.rodata.gIMU_UARTConfig)
                  00002ffa    00000002     ti_msp_dl_config.o (.rodata.gIMU_UARTClockConfig)
                  00002ffc    00000004     --HOLE-- [fill = 0]

.init_array 
*          0    00000000    00000000     UNINITIALIZED

.binit     0    00000000    00000000     

.bss       0    20200000    00000222     UNINITIALIZED
                  20200000    00000040     bsp_imu_uart.o (.bss.g_rxBuffer)
                  20200040    00000034     speed_control.o (.bss.g_leftPid)
                  20200074    00000034     line_control.o (.bss.g_linePid)
                  202000a8    00000034     speed_control.o (.bss.g_rightPid)
                  202000dc    00000030     line_sensor.o (.bss.g_data)
                  2020010c    00000020     bsp_imu_uart.o (.bss.g_txBuffer)
                  2020012c    00000018     imu.o (.bss.g_data)
                  20200144    00000018     imu.o (.bss.g_diagnostics)
                  2020015c    00000018     speed_control.o (.bss.g_status)
                  20200174    00000014     encoder.o (.bss.g_left)
                  20200188    00000014     encoder.o (.bss.g_right)
                  2020019c    00000010     line_sensor.o (.bss.g_maximum)
                  202001ac    00000010     line_sensor.o (.bss.g_minimum)
                  202001bc    0000000a     imu.o (.bss.g_parser)
                  202001c6    00000002     imu.o (.bss.g_lastAngleRaw)
                  202001c8    0000000a     motor.o (.bss.g_status)
                  202001d2    00000002     imu.o (.bss.g_publishedAngleRaw)
                  202001d4    00000004     imu.o (.bss.g_calibrationSumDps)
                  202001d8    00000004     imu.o (.bss.g_configElapsedSeconds)
                  202001dc    00000004     imu.o (.bss.g_consumedSequence)
                  202001e0    00000004     app_car.o (.bss.g_lastLineSeenMs)
                  202001e4    00000004     line_control.o (.bss.g_lastPosition)
                  202001e8    00000004     line_sensor.o (.bss.g_lastPosition)
                  202001ec    00000004     app_scheduler.o (.bss.g_nextControlMs)
                  202001f0    00000004     app_scheduler.o (.bss.g_nextDebugMs)
                  202001f4    00000004     app_scheduler.o (.bss.g_nextSensorMs)
                  202001f8    00000004     app_scheduler.o (.bss.g_nextStateMs)
                  202001fc    00000004     encoder.o (.bss.g_previousLeft)
                  20200200    00000004     encoder.o (.bss.g_previousRight)
                  20200204    00000004     imu.o (.bss.g_publishedSequence)
                  20200208    00000004     bsp_imu_uart.o (.bss.g_rxOverflowCount)
                  2020020c    00000004     imu.o (.bss.g_sampleAgeSeconds)
                  20200210    00000004     bsp_time.o (.bss.g_timeMs)
                  20200214    00000002     imu.o (.bss.g_publishedDpsRaw)
                  20200216    00000002     bsp_imu_uart.o (.bss.g_rxHead)
                  20200218    00000002     bsp_imu_uart.o (.bss.g_rxTail)
                  2020021a    00000002     bsp_imu_uart.o (.bss.g_txHead)
                  2020021c    00000002     bsp_imu_uart.o (.bss.g_txTail)
                  2020021e    00000001     line_sensor.o (.bss.g_calibrating)
                  2020021f    00000001     imu.o (.bss.g_haveLastAngle)
                  20200220    00000001     app_car.o (.bss.g_state)
                  20200221    00000001     imu.o (.bss.g_uartReady)

.data      0    20200224    00000005     UNINITIALIZED
                  20200224    00000004     libc.a : aeabi_portable.c.obj (.data.__aeabi_errno)
                  20200228    00000001     motor.o (.data.g_stopMode)

.stack     0    20207e00    00000200     UNINITIALIZED
                  20207e00    00000004     libc.a : boot_cortex_m.c.obj (.stack)
                  20207e04    000001fc     --HOLE--

__llvm_prf_cnts 
*          0    20200000    00000000     UNINITIALIZED

__llvm_prf_bits 
*          0    20200000    00000000     UNINITIALIZED

MODULE SUMMARY

       Module                         code    ro data   rw data
       ------                         ----    -------   -------
    .\
       ti_msp_dl_config.o             296     12        0      
       startup_mspm0g350x_ticlang.o   6       192       0      
       empty.o                        26      0         0      
    +--+------------------------------+-------+---------+---------+
       Total:                         328     204       0      
                                                               
    .\app\
       app_car.o                      444     0         5      
       app_debug.o                    366     45        0      
       app_scheduler.o                152     0         16     
    +--+------------------------------+-------+---------+---------+
       Total:                         962     45        21     
                                                               
    .\bsp\
       bsp_imu_uart.o                 660     0         108    
       bsp_time.o                     24      0         4      
       bsp_line_adc.o                 24      0         0      
       bsp_encoder.o                  12      0         0      
       bsp_uart.o                     10      0         0      
       bsp_tb6612.o                   8       0         0      
       bsp_board.o                    2       0         0      
    +--+------------------------------+-------+---------+---------+
       Total:                         740     0         112    
                                                               
    .\control\
       pid.o                          548     0         0      
       speed_control.o                248     0         128    
       line_control.o                 264     0         56     
       vehicle_mixer.o                156     0         0      
    +--+------------------------------+-------+---------+---------+
       Total:                         1216    0         184    
                                                               
    .\drivers\
       imu.o                          1240    512       86     
       line_sensor.o                  1216    0         85     
       encoder.o                      328     0         48     
       motor.o                        324     0         11     
       tb6612.o                       326     0         0      
    +--+------------------------------+-------+---------+---------+
       Total:                         3434    512       230    
                                                               
    C:/ti/mspm0_sdk_2_11_00_07/source/ti/driverlib/lib/ticlang/m0p/mspm0g1x0x_g3x0x/driverlib.a
       dl_uart.o                      90      0         0      
       dl_common.o                    10      0         0      
    +--+------------------------------+-------+---------+---------+
       Total:                         100     0         0      
                                                               
    C:\ti\ccs2100\ccs\tools\compiler\ti-cgt-armllvm_5.1.1.LTS\lib\armv6m-ti-none-eabi/c/libc.a
       _printfi.c.obj                 2282    34        0      
       aeabi_ctype.S.obj              0       257       0      
       memcpy16.S.obj                 154     0         0      
       snprintf.c.obj                 146     0         0      
       copy_decompress_lzss.c.obj     124     0         0      
       memset16.S.obj                 98      0         0      
       atoi.c.obj                     68      0         0      
       autoinit.c.obj                 60      0         0      
       boot_cortex_m.c.obj            40      0         0      
       memccpy.c.obj                  34      0         0      
       copy_zero_init.c.obj           22      0         0      
       copy_decompress_none.c.obj     18      0         0      
       wcslen.c.obj                   16      0         0      
       aeabi_portable.c.obj           8       0         4      
       exit.c.obj                     6       0         0      
       pre_init.c.obj                 4       0         0      
    +--+------------------------------+-------+---------+---------+
       Total:                         3080    291       4      
                                                               
    C:\ti\ccs2100\ccs\tools\compiler\ti-cgt-armllvm_5.1.1.LTS\lib\armv6m-ti-none-eabi/c/libsysbm.a
       hostexit.c.obj                 4       0         0      
    +--+------------------------------+-------+---------+---------+
       Total:                         4       0         0      
                                                               
    C:\ti\ccs2100\ccs\tools\compiler\ti-cgt-armllvm_5.1.1.LTS\lib\armv6m-ti-none-eabi/libclang_rt.builtins.a
       addsf3.S.obj                   216     0         0      
       udivmoddi4.S.obj               162     0         0      
       comparesf2.S.obj               140     0         0      
       mulsf3.S.obj                   140     0         0      
       divsf3.S.obj                   130     0         0      
       aeabi_fcmp.S.obj               90      0         0      
       floatdisf.S.obj                78      0         0      
       aeabi_uidivmod.S.obj           64      0         0      
       floatsisf.S.obj                60      0         0      
       muldsi3.S.obj                  58      0         0      
       fixsfsi.S.obj                  56      0         0      
       floatunsisf.S.obj              40      0         0      
       muldi3.S.obj                   36      0         0      
       ashldi3.S.obj                  30      0         0      
       aeabi_memset.S.obj             26      0         0      
       aeabi_uldivmod.S.obj           20      0         0      
       aeabi_memcpy.S.obj             8       0         0      
       aeabi_div0.c.obj               4       0         0      
    +--+------------------------------+-------+---------+---------+
       Total:                         1358    0         0      
                                                               
       Stack:                         0       0         512    
       Linker Generated:              0       43        0      
    +--+------------------------------+-------+---------+---------+
       Grand Total:                   11222   1095      1063   


LINKER GENERATED COPY TABLES

__TI_cinit_table @ 0000301c records: 2, size/record: 8, table size: 16
	.bss: load addr=0000300c, load size=00000008 bytes, run addr=20200000, run size=00000222 bytes, compression=zero_init
	.data: load addr=00003014, load size=00000007 bytes, run addr=20200224, run size=00000005 bytes, compression=lzss


LINKER GENERATED HANDLER TABLE

__TI_handler_table @ 00003000 records: 3, size/record: 4, table size: 12
	index: 0, handler: __TI_decompress_lzss
	index: 1, handler: __TI_decompress_none
	index: 2, handler: __TI_zero_init


GLOBAL SYMBOLS: SORTED ALPHABETICALLY BY Name 

address   name                           
-------   ----                           
00002867  ADC0_IRQHandler                
00002867  ADC1_IRQHandler                
00002867  AES_IRQHandler                 
00001f05  App_Car_ControlTask5ms         
00002a69  App_Car_EmergencyStop          
00002b0d  App_Car_FinishCalibration      
00002bb1  App_Car_GetState               
000024b1  App_Car_Init                   
00002869  App_Car_SensorTask1ms          
00002365  App_Car_Start                  
00002a81  App_Car_StartCalibration       
000025dd  App_Car_StateTask10ms          
000029b5  App_Car_Stop                   
00002c27  App_Debug_Init                 
00001ba5  App_Debug_PollCommands         
00001475  App_Debug_Task                 
00002615  App_Scheduler_Init             
00001fcd  App_Scheduler_Run              
0000122f  BSP_Board_Init                 
00002c7f  BSP_Encoder_GetLeftCount       
00002c83  BSP_Encoder_GetRightCount      
00001c2f  BSP_Encoder_Init               
00001cb3  BSP_Encoder_ResetCounts        
00002bbd  BSP_IMU_UART_GetRxOverflowCount
00001629  BSP_IMU_UART_IRQHandler        
0000208d  BSP_IMU_UART_Init              
0000264d  BSP_IMU_UART_TryReadByte       
00001359  BSP_IMU_UART_TryWrite          
00001dab  BSP_LineADC_Init               
00002ae1  BSP_LineADC_Read               
00001fcb  BSP_TB6612_Init                
0000208b  BSP_TB6612_SetInputs           
00002143  BSP_TB6612_SetPwmPermille      
00002243  BSP_TB6612_SetStandby          
00002bc9  BSP_Time_GetMs                 
00002bd5  BSP_Time_Init                  
000025db  BSP_UART_Init                  
00002c87  BSP_UART_TryReadByte           
00002c8b  BSP_UART_TryWrite              
00002c8e  C$$EXIT                        
00002867  CANFD0_IRQHandler              
00002867  DAC0_IRQHandler                
00002c1d  DL_Common_delayCycles          
00002245  DL_UART_init                   
00002b5d  DL_UART_setClockConfig         
00002867  DMA_IRQHandler                 
00002867  Default_Handler                
00002c31  Encoder_GetLeft                
00002c39  Encoder_GetRight               
0000228d  Encoder_Init                   
000023a9  Encoder_Reset                  
00002685  Encoder_Update                 
00002867  GROUP0_IRQHandler              
00002867  GROUP1_IRQHandler              
00002c8f  HOSTexit                       
00002867  HardFault_Handler              
00002867  I2C0_IRQHandler                
00002867  I2C1_IRQHandler                
00002c41  IMU_GetData                    
00002c49  IMU_GetDiagnostics             
000018d1  IMU_Init                       
00001231  IMU_PushRxByte                 
00002be1  IMU_ResetYaw                   
00002a99  IMU_StartGyroCalibration       
00000dc9  IMU_Update                     
00002145  LineControl_Init               
00002ab1  LineControl_Reset              
00001969  LineControl_Update             
00002bed  LineSensor_FinishCalibration   
00002c51  LineSensor_GetData             
000022d5  LineSensor_Init                
00002bf9  LineSensor_IsCalibrating       
0000099d  LineSensor_Sample              
000028c9  LineSensor_StartCalibration    
00002c05  Motor_ClearEmergencyStop       
000029d5  Motor_EmergencyStop            
00002899  Motor_Enable                   
00002c59  Motor_GetStatus                
000029f5  Motor_Init                     
00002c11  Motor_SetStopMode              
000024ed  Motor_SetTargetPermille        
00001dad  Motor_Update                   
00002867  NMI_Handler                    
000028f5  PID_Init                       
00002b81  PID_Reset                      
00002799  PID_SetDerivativeFilter        
0000272d  PID_SetIntegralLimits          
000010ad  PID_Update                     
00002867  PendSV_Handler                 
00002867  RTC_IRQHandler                 
00002c93  Reset_Handler                  
00002867  SPI0_IRQHandler                
00002867  SPI1_IRQHandler                
00002867  SVC_Handler                    
00002b21  SYSCFG_DL_GPIO_init            
00001a01  SYSCFG_DL_IMU_UART_init        
00002431  SYSCFG_DL_SYSCTL_init          
00002b35  SYSCFG_DL_init                 
000027cd  SYSCFG_DL_initPower            
00001e99  SpeedControl_Init              
00002801  SpeedControl_Reset             
0000219d  SpeedControl_Update            
00002867  SysTick_Handler                
000026bd  TB6612_Enable                  
00002763  TB6612_Init                    
00001d31  TB6612_SetSignedDuty           
0000202d  TB6612_StopAll                 
00002867  TIMA0_IRQHandler               
00002867  TIMA1_IRQHandler               
00002867  TIMG0_IRQHandler               
00002867  TIMG12_IRQHandler              
00002867  TIMG6_IRQHandler               
00002867  TIMG7_IRQHandler               
00002867  TIMG8_IRQHandler               
00002c61  UART0_IRQHandler               
00002867  UART1_IRQHandler               
00002867  UART2_IRQHandler               
00002867  UART3_IRQHandler               
0000179b  VehicleMixer_Mix               
20208000  __STACK_END                    
00000200  __STACK_SIZE                   
00000000  __TI_ATRegion0_region_sz       
00000000  __TI_ATRegion0_src_addr        
00000000  __TI_ATRegion0_trg_addr        
00000000  __TI_ATRegion1_region_sz       
00000000  __TI_ATRegion1_src_addr        
00000000  __TI_ATRegion1_trg_addr        
00000000  __TI_ATRegion2_region_sz       
00000000  __TI_ATRegion2_src_addr        
00000000  __TI_ATRegion2_trg_addr        
0000301c  __TI_CINIT_Base                
0000302c  __TI_CINIT_Limit               
0000302c  __TI_CINIT_Warm                
00003000  __TI_Handler_Table_Base        
0000300c  __TI_Handler_Table_Limit       
00002529  __TI_auto_init_nobinit_nopinit 
00001cb5  __TI_decompress_lzss           
00002b6f  __TI_decompress_none           
ffffffff  __TI_pprof_out_hndl            
000000c1  __TI_printfi_nofloat           
ffffffff  __TI_prof_data_size            
ffffffff  __TI_prof_data_start           
00000000  __TI_static_base__             
00002af7  __TI_zero_init_nomemset        
0000155b  __addsf3                       
00002ea0  __aeabi_ctype_table_           
00002ea0  __aeabi_ctype_table_C          
20200224  __aeabi_errno                  
00002c69  __aeabi_errno_addr             
000026f5  __aeabi_f2iz                   
0000155b  __aeabi_fadd                   
000020e9  __aeabi_fcmpeq                 
0000211f  __aeabi_fcmpge                 
00002131  __aeabi_fcmpgt                 
0000210d  __aeabi_fcmple                 
000020fb  __aeabi_fcmplt                 
00001b03  __aeabi_fcmpun                 
00001c31  __aeabi_fdiv                   
00001b19  __aeabi_fmul                   
00001551  __aeabi_fsub                   
00002565  __aeabi_i2f                    
000029b3  __aeabi_idiv0                  
000021f5  __aeabi_l2f                    
00002a67  __aeabi_ldiv0                  
00002a15  __aeabi_llsl                   
0000296d  __aeabi_lmul                   
00002a5b  __aeabi_memclr                 
00002a5b  __aeabi_memclr4                
00002a5b  __aeabi_memclr8                
00002c71  __aeabi_memcpy                 
00002c71  __aeabi_memcpy4                
00002c71  __aeabi_memcpy8                
00002a4d  __aeabi_memset                 
00002a4d  __aeabi_memset4                
00002a4d  __aeabi_memset8                
00002945  __aeabi_ui2f                   
00002471  __aeabi_uidiv                  
00002471  __aeabi_uidivmod               
00002b49  __aeabi_uldivmod               
00002a15  __ashldi3                      
ffffffff  __binit__                      
00001a8d  __cmpsf2                       
00001c31  __divsf3                       
00001a8d  __eqsf2                        
000026f5  __fixsfsi                      
000021f5  __floatdisf                    
00002565  __floatsisf                    
00002945  __floatunsisf                  
00001ac7  __gesf2                        
00001ac7  __gtsf2                        
00001a8d  __lesf2                        
00001a8d  __ltsf2                        
UNDEFED   __mpu_init                     
0000296d  __muldi3                       
000025a1  __muldsi3                      
00001b19  __mulsf3                       
00001a8d  __nesf2                        
20207e00  __stack                        
20200000  __start___llvm_prf_bits        
20200000  __start___llvm_prf_cnts        
20200000  __stop___llvm_prf_bits         
20200000  __stop___llvm_prf_cnts         
00001551  __subsf3                       
000016f9  __udivmoddi4                   
00001b03  __unordsf2                     
0000291d  _c_int00_noargs                
UNDEFED   _system_post_cinit             
00002c97  _system_pre_init               
00002c79  abort                          
000023ed  atoi                           
ffffffff  binit                          
00000000  interruptVectors               
00002a33  main                           
00002991  memccpy                        
00001837  memcpy                         
00001f69  memset                         
0000231d  snprintf                       
00002b91  wcslen                         


GLOBAL SYMBOLS: SORTED BY Symbol Address 

address   name                           
-------   ----                           
00000000  __TI_ATRegion0_region_sz       
00000000  __TI_ATRegion0_src_addr        
00000000  __TI_ATRegion0_trg_addr        
00000000  __TI_ATRegion1_region_sz       
00000000  __TI_ATRegion1_src_addr        
00000000  __TI_ATRegion1_trg_addr        
00000000  __TI_ATRegion2_region_sz       
00000000  __TI_ATRegion2_src_addr        
00000000  __TI_ATRegion2_trg_addr        
00000000  __TI_static_base__             
00000000  interruptVectors               
000000c1  __TI_printfi_nofloat           
00000200  __STACK_SIZE                   
0000099d  LineSensor_Sample              
00000dc9  IMU_Update                     
000010ad  PID_Update                     
0000122f  BSP_Board_Init                 
00001231  IMU_PushRxByte                 
00001359  BSP_IMU_UART_TryWrite          
00001475  App_Debug_Task                 
00001551  __aeabi_fsub                   
00001551  __subsf3                       
0000155b  __addsf3                       
0000155b  __aeabi_fadd                   
00001629  BSP_IMU_UART_IRQHandler        
000016f9  __udivmoddi4                   
0000179b  VehicleMixer_Mix               
00001837  memcpy                         
000018d1  IMU_Init                       
00001969  LineControl_Update             
00001a01  SYSCFG_DL_IMU_UART_init        
00001a8d  __cmpsf2                       
00001a8d  __eqsf2                        
00001a8d  __lesf2                        
00001a8d  __ltsf2                        
00001a8d  __nesf2                        
00001ac7  __gesf2                        
00001ac7  __gtsf2                        
00001b03  __aeabi_fcmpun                 
00001b03  __unordsf2                     
00001b19  __aeabi_fmul                   
00001b19  __mulsf3                       
00001ba5  App_Debug_PollCommands         
00001c2f  BSP_Encoder_Init               
00001c31  __aeabi_fdiv                   
00001c31  __divsf3                       
00001cb3  BSP_Encoder_ResetCounts        
00001cb5  __TI_decompress_lzss           
00001d31  TB6612_SetSignedDuty           
00001dab  BSP_LineADC_Init               
00001dad  Motor_Update                   
00001e99  SpeedControl_Init              
00001f05  App_Car_ControlTask5ms         
00001f69  memset                         
00001fcb  BSP_TB6612_Init                
00001fcd  App_Scheduler_Run              
0000202d  TB6612_StopAll                 
0000208b  BSP_TB6612_SetInputs           
0000208d  BSP_IMU_UART_Init              
000020e9  __aeabi_fcmpeq                 
000020fb  __aeabi_fcmplt                 
0000210d  __aeabi_fcmple                 
0000211f  __aeabi_fcmpge                 
00002131  __aeabi_fcmpgt                 
00002143  BSP_TB6612_SetPwmPermille      
00002145  LineControl_Init               
0000219d  SpeedControl_Update            
000021f5  __aeabi_l2f                    
000021f5  __floatdisf                    
00002243  BSP_TB6612_SetStandby          
00002245  DL_UART_init                   
0000228d  Encoder_Init                   
000022d5  LineSensor_Init                
0000231d  snprintf                       
00002365  App_Car_Start                  
000023a9  Encoder_Reset                  
000023ed  atoi                           
00002431  SYSCFG_DL_SYSCTL_init          
00002471  __aeabi_uidiv                  
00002471  __aeabi_uidivmod               
000024b1  App_Car_Init                   
000024ed  Motor_SetTargetPermille        
00002529  __TI_auto_init_nobinit_nopinit 
00002565  __aeabi_i2f                    
00002565  __floatsisf                    
000025a1  __muldsi3                      
000025db  BSP_UART_Init                  
000025dd  App_Car_StateTask10ms          
00002615  App_Scheduler_Init             
0000264d  BSP_IMU_UART_TryReadByte       
00002685  Encoder_Update                 
000026bd  TB6612_Enable                  
000026f5  __aeabi_f2iz                   
000026f5  __fixsfsi                      
0000272d  PID_SetIntegralLimits          
00002763  TB6612_Init                    
00002799  PID_SetDerivativeFilter        
000027cd  SYSCFG_DL_initPower            
00002801  SpeedControl_Reset             
00002867  ADC0_IRQHandler                
00002867  ADC1_IRQHandler                
00002867  AES_IRQHandler                 
00002867  CANFD0_IRQHandler              
00002867  DAC0_IRQHandler                
00002867  DMA_IRQHandler                 
00002867  Default_Handler                
00002867  GROUP0_IRQHandler              
00002867  GROUP1_IRQHandler              
00002867  HardFault_Handler              
00002867  I2C0_IRQHandler                
00002867  I2C1_IRQHandler                
00002867  NMI_Handler                    
00002867  PendSV_Handler                 
00002867  RTC_IRQHandler                 
00002867  SPI0_IRQHandler                
00002867  SPI1_IRQHandler                
00002867  SVC_Handler                    
00002867  SysTick_Handler                
00002867  TIMA0_IRQHandler               
00002867  TIMA1_IRQHandler               
00002867  TIMG0_IRQHandler               
00002867  TIMG12_IRQHandler              
00002867  TIMG6_IRQHandler               
00002867  TIMG7_IRQHandler               
00002867  TIMG8_IRQHandler               
00002867  UART1_IRQHandler               
00002867  UART2_IRQHandler               
00002867  UART3_IRQHandler               
00002869  App_Car_SensorTask1ms          
00002899  Motor_Enable                   
000028c9  LineSensor_StartCalibration    
000028f5  PID_Init                       
0000291d  _c_int00_noargs                
00002945  __aeabi_ui2f                   
00002945  __floatunsisf                  
0000296d  __aeabi_lmul                   
0000296d  __muldi3                       
00002991  memccpy                        
000029b3  __aeabi_idiv0                  
000029b5  App_Car_Stop                   
000029d5  Motor_EmergencyStop            
000029f5  Motor_Init                     
00002a15  __aeabi_llsl                   
00002a15  __ashldi3                      
00002a33  main                           
00002a4d  __aeabi_memset                 
00002a4d  __aeabi_memset4                
00002a4d  __aeabi_memset8                
00002a5b  __aeabi_memclr                 
00002a5b  __aeabi_memclr4                
00002a5b  __aeabi_memclr8                
00002a67  __aeabi_ldiv0                  
00002a69  App_Car_EmergencyStop          
00002a81  App_Car_StartCalibration       
00002a99  IMU_StartGyroCalibration       
00002ab1  LineControl_Reset              
00002ae1  BSP_LineADC_Read               
00002af7  __TI_zero_init_nomemset        
00002b0d  App_Car_FinishCalibration      
00002b21  SYSCFG_DL_GPIO_init            
00002b35  SYSCFG_DL_init                 
00002b49  __aeabi_uldivmod               
00002b5d  DL_UART_setClockConfig         
00002b6f  __TI_decompress_none           
00002b81  PID_Reset                      
00002b91  wcslen                         
00002bb1  App_Car_GetState               
00002bbd  BSP_IMU_UART_GetRxOverflowCount
00002bc9  BSP_Time_GetMs                 
00002bd5  BSP_Time_Init                  
00002be1  IMU_ResetYaw                   
00002bed  LineSensor_FinishCalibration   
00002bf9  LineSensor_IsCalibrating       
00002c05  Motor_ClearEmergencyStop       
00002c11  Motor_SetStopMode              
00002c1d  DL_Common_delayCycles          
00002c27  App_Debug_Init                 
00002c31  Encoder_GetLeft                
00002c39  Encoder_GetRight               
00002c41  IMU_GetData                    
00002c49  IMU_GetDiagnostics             
00002c51  LineSensor_GetData             
00002c59  Motor_GetStatus                
00002c61  UART0_IRQHandler               
00002c69  __aeabi_errno_addr             
00002c71  __aeabi_memcpy                 
00002c71  __aeabi_memcpy4                
00002c71  __aeabi_memcpy8                
00002c79  abort                          
00002c7f  BSP_Encoder_GetLeftCount       
00002c83  BSP_Encoder_GetRightCount      
00002c87  BSP_UART_TryReadByte           
00002c8b  BSP_UART_TryWrite              
00002c8e  C$$EXIT                        
00002c8f  HOSTexit                       
00002c93  Reset_Handler                  
00002c97  _system_pre_init               
00002ea0  __aeabi_ctype_table_           
00002ea0  __aeabi_ctype_table_C          
00003000  __TI_Handler_Table_Base        
0000300c  __TI_Handler_Table_Limit       
0000301c  __TI_CINIT_Base                
0000302c  __TI_CINIT_Limit               
0000302c  __TI_CINIT_Warm                
20200000  __start___llvm_prf_bits        
20200000  __start___llvm_prf_cnts        
20200000  __stop___llvm_prf_bits         
20200000  __stop___llvm_prf_cnts         
20200224  __aeabi_errno                  
20207e00  __stack                        
20208000  __STACK_END                    
ffffffff  __TI_pprof_out_hndl            
ffffffff  __TI_prof_data_size            
ffffffff  __TI_prof_data_start           
ffffffff  __binit__                      
ffffffff  binit                          
UNDEFED   __mpu_init                     
UNDEFED   _system_post_cinit             

[218 symbols]
