<?xml version="1.0" encoding="ISO-8859-1" ?>
<link_info>
   <banner>TI ARM Clang Linker PC v5.1.1.LTS</banner>
   <copyright>Copyright (c) 1996-2018 Texas Instruments Incorporated</copyright>
   <command_line>C:\ti\ccs2100\ccs\tools\compiler\ti-cgt-armllvm_5.1.1.LTS\bin\tiarmlnk -IC:\ti\ccs2100\ccs\tools\compiler\ti-cgt-armllvm_5.1.1.LTS\lib -o empty_LP_MSPM0G3507_nortos_ticlang.out --cg_opt_level=2 -mempty_LP_MSPM0G3507_nortos_ticlang.map -iC:/ti/mspm0_sdk_2_11_00_07/source -iC:/ti/workspace_ccstheia/empty_LP_MSPM0G3507_nortos_ticlang -iC:/ti/workspace_ccstheia/empty_LP_MSPM0G3507_nortos_ticlang/Debug/syscfg -iC:/ti/ccs2100/ccs/tools/compiler/ti-cgt-armllvm_5.1.1.LTS/lib --diag_wrap=off --display_error_number --warn_sections --xml_link_info=empty_LP_MSPM0G3507_nortos_ticlang_linkInfo.xml --rom_model ./empty.o ./ti_msp_dl_config.o ./startup_mspm0g350x_ticlang.o ./app/app_car.o ./app/app_debug.o ./app/app_scheduler.o ./bsp/bsp_board.o ./bsp/bsp_encoder.o ./bsp/bsp_i2c.o ./bsp/bsp_imu_uart.o ./bsp/bsp_line_adc.o ./bsp/bsp_oled_soft_i2c.o ./bsp/bsp_tb6612.o ./bsp/bsp_time.o ./bsp/bsp_uart.o ./control/line_control.o ./control/pid.o ./control/speed_control.o ./control/vehicle_mixer.o ./drivers/encoder.o ./drivers/imu.o ./drivers/line_sensor.o ./drivers/motor.o ./drivers/oled.o ./drivers/oled_data.o ./drivers/tb6612.o -l./device_linker.cmd -ldevice.cmd.genlibs -llibc.a --start-group -llibc++.a -llibc++abi.a -llibc.a -llibsys.a -llibsysbm.a -llibclang_rt.builtins.a -llibclang_rt.profile.a --end-group</command_line>
   <link_time>0x6a646af1</link_time>
   <link_errors>0x0</link_errors>
   <output_file>C:\ti\workspace_ccstheia\empty_LP_MSPM0G3507_nortos_ticlang\Debug\empty_LP_MSPM0G3507_nortos_ticlang.out</output_file>
   <entry_point>
      <name>_c_int00_noargs</name>
      <address>0x5b35</address>
   </entry_point>
   <input_file_list>
      <input_file id="fl-1">
         <path>C:\ti\workspace_ccstheia\empty_LP_MSPM0G3507_nortos_ticlang\Debug\.\</path>
         <kind>object</kind>
         <file>empty.o</file>
         <name>empty.o</name>
      </input_file>
      <input_file id="fl-2">
         <path>C:\ti\workspace_ccstheia\empty_LP_MSPM0G3507_nortos_ticlang\Debug\.\</path>
         <kind>object</kind>
         <file>ti_msp_dl_config.o</file>
         <name>ti_msp_dl_config.o</name>
      </input_file>
      <input_file id="fl-3">
         <path>C:\ti\workspace_ccstheia\empty_LP_MSPM0G3507_nortos_ticlang\Debug\.\</path>
         <kind>object</kind>
         <file>startup_mspm0g350x_ticlang.o</file>
         <name>startup_mspm0g350x_ticlang.o</name>
      </input_file>
      <input_file id="fl-4">
         <path>C:\ti\workspace_ccstheia\empty_LP_MSPM0G3507_nortos_ticlang\Debug\.\app\</path>
         <kind>object</kind>
         <file>app_car.o</file>
         <name>app_car.o</name>
      </input_file>
      <input_file id="fl-5">
         <path>C:\ti\workspace_ccstheia\empty_LP_MSPM0G3507_nortos_ticlang\Debug\.\app\</path>
         <kind>object</kind>
         <file>app_debug.o</file>
         <name>app_debug.o</name>
      </input_file>
      <input_file id="fl-6">
         <path>C:\ti\workspace_ccstheia\empty_LP_MSPM0G3507_nortos_ticlang\Debug\.\app\</path>
         <kind>object</kind>
         <file>app_scheduler.o</file>
         <name>app_scheduler.o</name>
      </input_file>
      <input_file id="fl-7">
         <path>C:\ti\workspace_ccstheia\empty_LP_MSPM0G3507_nortos_ticlang\Debug\.\bsp\</path>
         <kind>object</kind>
         <file>bsp_board.o</file>
         <name>bsp_board.o</name>
      </input_file>
      <input_file id="fl-8">
         <path>C:\ti\workspace_ccstheia\empty_LP_MSPM0G3507_nortos_ticlang\Debug\.\bsp\</path>
         <kind>object</kind>
         <file>bsp_encoder.o</file>
         <name>bsp_encoder.o</name>
      </input_file>
      <input_file id="fl-9">
         <path>C:\ti\workspace_ccstheia\empty_LP_MSPM0G3507_nortos_ticlang\Debug\.\bsp\</path>
         <kind>object</kind>
         <file>bsp_i2c.o</file>
         <name>bsp_i2c.o</name>
      </input_file>
      <input_file id="fl-a">
         <path>C:\ti\workspace_ccstheia\empty_LP_MSPM0G3507_nortos_ticlang\Debug\.\bsp\</path>
         <kind>object</kind>
         <file>bsp_imu_uart.o</file>
         <name>bsp_imu_uart.o</name>
      </input_file>
      <input_file id="fl-b">
         <path>C:\ti\workspace_ccstheia\empty_LP_MSPM0G3507_nortos_ticlang\Debug\.\bsp\</path>
         <kind>object</kind>
         <file>bsp_line_adc.o</file>
         <name>bsp_line_adc.o</name>
      </input_file>
      <input_file id="fl-c">
         <path>C:\ti\workspace_ccstheia\empty_LP_MSPM0G3507_nortos_ticlang\Debug\.\bsp\</path>
         <kind>object</kind>
         <file>bsp_oled_soft_i2c.o</file>
         <name>bsp_oled_soft_i2c.o</name>
      </input_file>
      <input_file id="fl-d">
         <path>C:\ti\workspace_ccstheia\empty_LP_MSPM0G3507_nortos_ticlang\Debug\.\bsp\</path>
         <kind>object</kind>
         <file>bsp_tb6612.o</file>
         <name>bsp_tb6612.o</name>
      </input_file>
      <input_file id="fl-e">
         <path>C:\ti\workspace_ccstheia\empty_LP_MSPM0G3507_nortos_ticlang\Debug\.\bsp\</path>
         <kind>object</kind>
         <file>bsp_time.o</file>
         <name>bsp_time.o</name>
      </input_file>
      <input_file id="fl-f">
         <path>C:\ti\workspace_ccstheia\empty_LP_MSPM0G3507_nortos_ticlang\Debug\.\bsp\</path>
         <kind>object</kind>
         <file>bsp_uart.o</file>
         <name>bsp_uart.o</name>
      </input_file>
      <input_file id="fl-10">
         <path>C:\ti\workspace_ccstheia\empty_LP_MSPM0G3507_nortos_ticlang\Debug\.\control\</path>
         <kind>object</kind>
         <file>line_control.o</file>
         <name>line_control.o</name>
      </input_file>
      <input_file id="fl-11">
         <path>C:\ti\workspace_ccstheia\empty_LP_MSPM0G3507_nortos_ticlang\Debug\.\control\</path>
         <kind>object</kind>
         <file>pid.o</file>
         <name>pid.o</name>
      </input_file>
      <input_file id="fl-12">
         <path>C:\ti\workspace_ccstheia\empty_LP_MSPM0G3507_nortos_ticlang\Debug\.\control\</path>
         <kind>object</kind>
         <file>speed_control.o</file>
         <name>speed_control.o</name>
      </input_file>
      <input_file id="fl-13">
         <path>C:\ti\workspace_ccstheia\empty_LP_MSPM0G3507_nortos_ticlang\Debug\.\control\</path>
         <kind>object</kind>
         <file>vehicle_mixer.o</file>
         <name>vehicle_mixer.o</name>
      </input_file>
      <input_file id="fl-14">
         <path>C:\ti\workspace_ccstheia\empty_LP_MSPM0G3507_nortos_ticlang\Debug\.\drivers\</path>
         <kind>object</kind>
         <file>encoder.o</file>
         <name>encoder.o</name>
      </input_file>
      <input_file id="fl-15">
         <path>C:\ti\workspace_ccstheia\empty_LP_MSPM0G3507_nortos_ticlang\Debug\.\drivers\</path>
         <kind>object</kind>
         <file>imu.o</file>
         <name>imu.o</name>
      </input_file>
      <input_file id="fl-16">
         <path>C:\ti\workspace_ccstheia\empty_LP_MSPM0G3507_nortos_ticlang\Debug\.\drivers\</path>
         <kind>object</kind>
         <file>line_sensor.o</file>
         <name>line_sensor.o</name>
      </input_file>
      <input_file id="fl-17">
         <path>C:\ti\workspace_ccstheia\empty_LP_MSPM0G3507_nortos_ticlang\Debug\.\drivers\</path>
         <kind>object</kind>
         <file>motor.o</file>
         <name>motor.o</name>
      </input_file>
      <input_file id="fl-18">
         <path>C:\ti\workspace_ccstheia\empty_LP_MSPM0G3507_nortos_ticlang\Debug\.\drivers\</path>
         <kind>object</kind>
         <file>oled.o</file>
         <name>oled.o</name>
      </input_file>
      <input_file id="fl-19">
         <path>C:\ti\workspace_ccstheia\empty_LP_MSPM0G3507_nortos_ticlang\Debug\.\drivers\</path>
         <kind>object</kind>
         <file>oled_data.o</file>
         <name>oled_data.o</name>
      </input_file>
      <input_file id="fl-1a">
         <path>C:\ti\workspace_ccstheia\empty_LP_MSPM0G3507_nortos_ticlang\Debug\.\drivers\</path>
         <kind>object</kind>
         <file>tb6612.o</file>
         <name>tb6612.o</name>
      </input_file>
      <input_file id="fl-27">
         <path>C:\ti\workspace_ccstheia\empty_LP_MSPM0G3507_nortos_ticlang\Debug\</path>
         <kind>object</kind>
         <file>&lt;internal&gt;</file>
         <name>&lt;internal&gt;</name>
      </input_file>
      <input_file id="fl-28">
         <path>C:\ti\mspm0_sdk_2_11_00_07\source\ti\driverlib\lib\ticlang\m0p\mspm0g1x0x_g3x0x\</path>
         <kind>archive</kind>
         <file>driverlib.a</file>
         <name>dl_adc12.o</name>
      </input_file>
      <input_file id="fl-29">
         <path>C:\ti\mspm0_sdk_2_11_00_07\source\ti\driverlib\lib\ticlang\m0p\mspm0g1x0x_g3x0x\</path>
         <kind>archive</kind>
         <file>driverlib.a</file>
         <name>dl_common.o</name>
      </input_file>
      <input_file id="fl-2a">
         <path>C:\ti\mspm0_sdk_2_11_00_07\source\ti\driverlib\lib\ticlang\m0p\mspm0g1x0x_g3x0x\</path>
         <kind>archive</kind>
         <file>driverlib.a</file>
         <name>dl_timer.o</name>
      </input_file>
      <input_file id="fl-2b">
         <path>C:\ti\mspm0_sdk_2_11_00_07\source\ti\driverlib\lib\ticlang\m0p\mspm0g1x0x_g3x0x\</path>
         <kind>archive</kind>
         <file>driverlib.a</file>
         <name>dl_uart.o</name>
      </input_file>
      <input_file id="fl-2c">
         <path>C:\ti\mspm0_sdk_2_11_00_07\source\ti\driverlib\lib\ticlang\m0p\mspm0g1x0x_g3x0x\</path>
         <kind>archive</kind>
         <file>driverlib.a</file>
         <name>dl_sysctl_mspm0g1x0x_g3x0x.o</name>
      </input_file>
      <input_file id="fl-49">
         <path>C:\ti\ccs2100\ccs\tools\compiler\ti-cgt-armllvm_5.1.1.LTS\lib\armv6m-ti-none-eabi\c\</path>
         <kind>archive</kind>
         <file>libc.a</file>
         <name>e_atan2.c.obj</name>
      </input_file>
      <input_file id="fl-4a">
         <path>C:\ti\ccs2100\ccs\tools\compiler\ti-cgt-armllvm_5.1.1.LTS\lib\armv6m-ti-none-eabi\c\</path>
         <kind>archive</kind>
         <file>libc.a</file>
         <name>s_atan.c.obj</name>
      </input_file>
      <input_file id="fl-4b">
         <path>C:\ti\ccs2100\ccs\tools\compiler\ti-cgt-armllvm_5.1.1.LTS\lib\armv6m-ti-none-eabi\c\</path>
         <kind>archive</kind>
         <file>libc.a</file>
         <name>s_round.c.obj</name>
      </input_file>
      <input_file id="fl-4c">
         <path>C:\ti\ccs2100\ccs\tools\compiler\ti-cgt-armllvm_5.1.1.LTS\lib\armv6m-ti-none-eabi\c\</path>
         <kind>archive</kind>
         <file>libc.a</file>
         <name>snprintf.c.obj</name>
      </input_file>
      <input_file id="fl-4d">
         <path>C:\ti\ccs2100\ccs\tools\compiler\ti-cgt-armllvm_5.1.1.LTS\lib\armv6m-ti-none-eabi\c\</path>
         <kind>archive</kind>
         <file>libc.a</file>
         <name>vsnprintf.c.obj</name>
      </input_file>
      <input_file id="fl-4e">
         <path>C:\ti\ccs2100\ccs\tools\compiler\ti-cgt-armllvm_5.1.1.LTS\lib\armv6m-ti-none-eabi\c\</path>
         <kind>archive</kind>
         <file>libc.a</file>
         <name>strcmp-armv6m.S.obj</name>
      </input_file>
      <input_file id="fl-4f">
         <path>C:\ti\ccs2100\ccs\tools\compiler\ti-cgt-armllvm_5.1.1.LTS\lib\armv6m-ti-none-eabi\c\</path>
         <kind>archive</kind>
         <file>libc.a</file>
         <name>boot_cortex_m.c.obj</name>
      </input_file>
      <input_file id="fl-50">
         <path>C:\ti\ccs2100\ccs\tools\compiler\ti-cgt-armllvm_5.1.1.LTS\lib\armv6m-ti-none-eabi\c\</path>
         <kind>archive</kind>
         <file>libc.a</file>
         <name>mathacl_init.c.obj</name>
      </input_file>
      <input_file id="fl-51">
         <path>C:\ti\ccs2100\ccs\tools\compiler\ti-cgt-armllvm_5.1.1.LTS\lib\armv6m-ti-none-eabi\c\</path>
         <kind>archive</kind>
         <file>libc.a</file>
         <name>autoinit.c.obj</name>
      </input_file>
      <input_file id="fl-52">
         <path>C:\ti\ccs2100\ccs\tools\compiler\ti-cgt-armllvm_5.1.1.LTS\lib\armv6m-ti-none-eabi\c\</path>
         <kind>archive</kind>
         <file>libc.a</file>
         <name>pre_init.c.obj</name>
      </input_file>
      <input_file id="fl-53">
         <path>C:\ti\ccs2100\ccs\tools\compiler\ti-cgt-armllvm_5.1.1.LTS\lib\armv6m-ti-none-eabi\c\</path>
         <kind>archive</kind>
         <file>libc.a</file>
         <name>cpy_tbl.c.obj</name>
      </input_file>
      <input_file id="fl-54">
         <path>C:\ti\ccs2100\ccs\tools\compiler\ti-cgt-armllvm_5.1.1.LTS\lib\armv6m-ti-none-eabi\c\</path>
         <kind>archive</kind>
         <file>libc.a</file>
         <name>copy_zero_init.c.obj</name>
      </input_file>
      <input_file id="fl-55">
         <path>C:\ti\ccs2100\ccs\tools\compiler\ti-cgt-armllvm_5.1.1.LTS\lib\armv6m-ti-none-eabi\c\</path>
         <kind>archive</kind>
         <file>libc.a</file>
         <name>copy_decompress_none.c.obj</name>
      </input_file>
      <input_file id="fl-56">
         <path>C:\ti\ccs2100\ccs\tools\compiler\ti-cgt-armllvm_5.1.1.LTS\lib\armv6m-ti-none-eabi\c\</path>
         <kind>archive</kind>
         <file>libc.a</file>
         <name>copy_decompress_lzss.c.obj</name>
      </input_file>
      <input_file id="fl-57">
         <path>C:\ti\ccs2100\ccs\tools\compiler\ti-cgt-armllvm_5.1.1.LTS\lib\armv6m-ti-none-eabi\c\</path>
         <kind>archive</kind>
         <file>libc.a</file>
         <name>s_floor.c.obj</name>
      </input_file>
      <input_file id="fl-58">
         <path>C:\ti\ccs2100\ccs\tools\compiler\ti-cgt-armllvm_5.1.1.LTS\lib\armv6m-ti-none-eabi\c\</path>
         <kind>archive</kind>
         <file>libc.a</file>
         <name>_printfi.c.obj</name>
      </input_file>
      <input_file id="fl-59">
         <path>C:\ti\ccs2100\ccs\tools\compiler\ti-cgt-armllvm_5.1.1.LTS\lib\armv6m-ti-none-eabi\c\</path>
         <kind>archive</kind>
         <file>libc.a</file>
         <name>aeabi_portable.c.obj</name>
      </input_file>
      <input_file id="fl-5a">
         <path>C:\ti\ccs2100\ccs\tools\compiler\ti-cgt-armllvm_5.1.1.LTS\lib\armv6m-ti-none-eabi\c\</path>
         <kind>archive</kind>
         <file>libc.a</file>
         <name>exit.c.obj</name>
      </input_file>
      <input_file id="fl-5b">
         <path>C:\ti\ccs2100\ccs\tools\compiler\ti-cgt-armllvm_5.1.1.LTS\lib\armv6m-ti-none-eabi\c\</path>
         <kind>archive</kind>
         <file>libc.a</file>
         <name>_lock.c.obj</name>
      </input_file>
      <input_file id="fl-5c">
         <path>C:\ti\ccs2100\ccs\tools\compiler\ti-cgt-armllvm_5.1.1.LTS\lib\armv6m-ti-none-eabi\c\</path>
         <kind>archive</kind>
         <file>libc.a</file>
         <name>_ltoa.c.obj</name>
      </input_file>
      <input_file id="fl-5d">
         <path>C:\ti\ccs2100\ccs\tools\compiler\ti-cgt-armllvm_5.1.1.LTS\lib\armv6m-ti-none-eabi\c\</path>
         <kind>archive</kind>
         <file>libc.a</file>
         <name>args_main.c.obj</name>
      </input_file>
      <input_file id="fl-5e">
         <path>C:\ti\ccs2100\ccs\tools\compiler\ti-cgt-armllvm_5.1.1.LTS\lib\armv6m-ti-none-eabi\c\</path>
         <kind>archive</kind>
         <file>libc.a</file>
         <name>assert.c.obj</name>
      </input_file>
      <input_file id="fl-5f">
         <path>C:\ti\ccs2100\ccs\tools\compiler\ti-cgt-armllvm_5.1.1.LTS\lib\armv6m-ti-none-eabi\c\</path>
         <kind>archive</kind>
         <file>libc.a</file>
         <name>atoi.c.obj</name>
      </input_file>
      <input_file id="fl-60">
         <path>C:\ti\ccs2100\ccs\tools\compiler\ti-cgt-armllvm_5.1.1.LTS\lib\armv6m-ti-none-eabi\c\</path>
         <kind>archive</kind>
         <file>libc.a</file>
         <name>defs.c.obj</name>
      </input_file>
      <input_file id="fl-61">
         <path>C:\ti\ccs2100\ccs\tools\compiler\ti-cgt-armllvm_5.1.1.LTS\lib\armv6m-ti-none-eabi\c\</path>
         <kind>archive</kind>
         <file>libc.a</file>
         <name>memccpy.c.obj</name>
      </input_file>
      <input_file id="fl-62">
         <path>C:\ti\ccs2100\ccs\tools\compiler\ti-cgt-armllvm_5.1.1.LTS\lib\armv6m-ti-none-eabi\c\</path>
         <kind>archive</kind>
         <file>libc.a</file>
         <name>memory.c.obj</name>
      </input_file>
      <input_file id="fl-63">
         <path>C:\ti\ccs2100\ccs\tools\compiler\ti-cgt-armllvm_5.1.1.LTS\lib\armv6m-ti-none-eabi\c\</path>
         <kind>archive</kind>
         <file>libc.a</file>
         <name>s_frexp.c.obj</name>
      </input_file>
      <input_file id="fl-64">
         <path>C:\ti\ccs2100\ccs\tools\compiler\ti-cgt-armllvm_5.1.1.LTS\lib\armv6m-ti-none-eabi\c\</path>
         <kind>archive</kind>
         <file>libc.a</file>
         <name>s_scalbn.c.obj</name>
      </input_file>
      <input_file id="fl-65">
         <path>C:\ti\ccs2100\ccs\tools\compiler\ti-cgt-armllvm_5.1.1.LTS\lib\armv6m-ti-none-eabi\c\</path>
         <kind>archive</kind>
         <file>libc.a</file>
         <name>wcslen.c.obj</name>
      </input_file>
      <input_file id="fl-66">
         <path>C:\ti\ccs2100\ccs\tools\compiler\ti-cgt-armllvm_5.1.1.LTS\lib\armv6m-ti-none-eabi\c\</path>
         <kind>archive</kind>
         <file>libc.a</file>
         <name>sprintf.c.obj</name>
      </input_file>
      <input_file id="fl-67">
         <path>C:\ti\ccs2100\ccs\tools\compiler\ti-cgt-armllvm_5.1.1.LTS\lib\armv6m-ti-none-eabi\c\</path>
         <kind>archive</kind>
         <file>libc.a</file>
         <name>fflush.c.obj</name>
      </input_file>
      <input_file id="fl-68">
         <path>C:\ti\ccs2100\ccs\tools\compiler\ti-cgt-armllvm_5.1.1.LTS\lib\armv6m-ti-none-eabi\c\</path>
         <kind>archive</kind>
         <file>libc.a</file>
         <name>fputs.c.obj</name>
      </input_file>
      <input_file id="fl-69">
         <path>C:\ti\ccs2100\ccs\tools\compiler\ti-cgt-armllvm_5.1.1.LTS\lib\armv6m-ti-none-eabi\c\</path>
         <kind>archive</kind>
         <file>libc.a</file>
         <name>_io_perm.c.obj</name>
      </input_file>
      <input_file id="fl-6a">
         <path>C:\ti\ccs2100\ccs\tools\compiler\ti-cgt-armllvm_5.1.1.LTS\lib\armv6m-ti-none-eabi\c\</path>
         <kind>archive</kind>
         <file>libc.a</file>
         <name>setvbuf.c.obj</name>
      </input_file>
      <input_file id="fl-6b">
         <path>C:\ti\ccs2100\ccs\tools\compiler\ti-cgt-armllvm_5.1.1.LTS\lib\armv6m-ti-none-eabi\c\</path>
         <kind>archive</kind>
         <file>libc.a</file>
         <name>aeabi_ctype.S.obj</name>
      </input_file>
      <input_file id="fl-6c">
         <path>C:\ti\ccs2100\ccs\tools\compiler\ti-cgt-armllvm_5.1.1.LTS\lib\armv6m-ti-none-eabi\c\</path>
         <kind>archive</kind>
         <file>libc.a</file>
         <name>fopen.c.obj</name>
      </input_file>
      <input_file id="fl-6d">
         <path>C:\ti\ccs2100\ccs\tools\compiler\ti-cgt-armllvm_5.1.1.LTS\lib\armv6m-ti-none-eabi\c\</path>
         <kind>archive</kind>
         <file>libc.a</file>
         <name>fseek.c.obj</name>
      </input_file>
      <input_file id="fl-6e">
         <path>C:\ti\ccs2100\ccs\tools\compiler\ti-cgt-armllvm_5.1.1.LTS\lib\armv6m-ti-none-eabi\c\</path>
         <kind>archive</kind>
         <file>libc.a</file>
         <name>fclose.c.obj</name>
      </input_file>
      <input_file id="fl-162">
         <path>C:\ti\ccs2100\ccs\tools\compiler\ti-cgt-armllvm_5.1.1.LTS\lib\armv6m-ti-none-eabi\c\</path>
         <kind>archive</kind>
         <file>libsysbm.a</file>
         <name>hostexit.c.obj</name>
      </input_file>
      <input_file id="fl-163">
         <path>C:\ti\ccs2100\ccs\tools\compiler\ti-cgt-armllvm_5.1.1.LTS\lib\armv6m-ti-none-eabi\c\</path>
         <kind>archive</kind>
         <file>libsysbm.a</file>
         <name>write.c.obj</name>
      </input_file>
      <input_file id="fl-164">
         <path>C:\ti\ccs2100\ccs\tools\compiler\ti-cgt-armllvm_5.1.1.LTS\lib\armv6m-ti-none-eabi\c\</path>
         <kind>archive</kind>
         <file>libsysbm.a</file>
         <name>host_device.c.obj</name>
      </input_file>
      <input_file id="fl-165">
         <path>C:\ti\ccs2100\ccs\tools\compiler\ti-cgt-armllvm_5.1.1.LTS\lib\armv6m-ti-none-eabi\c\</path>
         <kind>archive</kind>
         <file>libsysbm.a</file>
         <name>remove.c.obj</name>
      </input_file>
      <input_file id="fl-166">
         <path>C:\ti\ccs2100\ccs\tools\compiler\ti-cgt-armllvm_5.1.1.LTS\lib\armv6m-ti-none-eabi\c\</path>
         <kind>archive</kind>
         <file>libsysbm.a</file>
         <name>open.c.obj</name>
      </input_file>
      <input_file id="fl-167">
         <path>C:\ti\ccs2100\ccs\tools\compiler\ti-cgt-armllvm_5.1.1.LTS\lib\armv6m-ti-none-eabi\c\</path>
         <kind>archive</kind>
         <file>libsysbm.a</file>
         <name>lseek.c.obj</name>
      </input_file>
      <input_file id="fl-168">
         <path>C:\ti\ccs2100\ccs\tools\compiler\ti-cgt-armllvm_5.1.1.LTS\lib\armv6m-ti-none-eabi\c\</path>
         <kind>archive</kind>
         <file>libsysbm.a</file>
         <name>close.c.obj</name>
      </input_file>
      <input_file id="fl-169">
         <path>C:\ti\ccs2100\ccs\tools\compiler\ti-cgt-armllvm_5.1.1.LTS\lib\armv6m-ti-none-eabi\c\</path>
         <kind>archive</kind>
         <file>libsysbm.a</file>
         <name>unlink.c.obj</name>
      </input_file>
      <input_file id="fl-16a">
         <path>C:\ti\ccs2100\ccs\tools\compiler\ti-cgt-armllvm_5.1.1.LTS\lib\armv6m-ti-none-eabi\c\</path>
         <kind>archive</kind>
         <file>libsysbm.a</file>
         <name>hostclose.c.obj</name>
      </input_file>
      <input_file id="fl-16b">
         <path>C:\ti\ccs2100\ccs\tools\compiler\ti-cgt-armllvm_5.1.1.LTS\lib\armv6m-ti-none-eabi\c\</path>
         <kind>archive</kind>
         <file>libsysbm.a</file>
         <name>hostlseek.c.obj</name>
      </input_file>
      <input_file id="fl-16c">
         <path>C:\ti\ccs2100\ccs\tools\compiler\ti-cgt-armllvm_5.1.1.LTS\lib\armv6m-ti-none-eabi\c\</path>
         <kind>archive</kind>
         <file>libsysbm.a</file>
         <name>hostopen.c.obj</name>
      </input_file>
      <input_file id="fl-16d">
         <path>C:\ti\ccs2100\ccs\tools\compiler\ti-cgt-armllvm_5.1.1.LTS\lib\armv6m-ti-none-eabi\c\</path>
         <kind>archive</kind>
         <file>libsysbm.a</file>
         <name>hostread.c.obj</name>
      </input_file>
      <input_file id="fl-16e">
         <path>C:\ti\ccs2100\ccs\tools\compiler\ti-cgt-armllvm_5.1.1.LTS\lib\armv6m-ti-none-eabi\c\</path>
         <kind>archive</kind>
         <file>libsysbm.a</file>
         <name>hostrename.c.obj</name>
      </input_file>
      <input_file id="fl-16f">
         <path>C:\ti\ccs2100\ccs\tools\compiler\ti-cgt-armllvm_5.1.1.LTS\lib\armv6m-ti-none-eabi\c\</path>
         <kind>archive</kind>
         <file>libsysbm.a</file>
         <name>hostunlink.c.obj</name>
      </input_file>
      <input_file id="fl-170">
         <path>C:\ti\ccs2100\ccs\tools\compiler\ti-cgt-armllvm_5.1.1.LTS\lib\armv6m-ti-none-eabi\c\</path>
         <kind>archive</kind>
         <file>libsysbm.a</file>
         <name>hostwrite.c.obj</name>
      </input_file>
      <input_file id="fl-171">
         <path>C:\ti\ccs2100\ccs\tools\compiler\ti-cgt-armllvm_5.1.1.LTS\lib\armv6m-ti-none-eabi\c\</path>
         <kind>archive</kind>
         <file>libsysbm.a</file>
         <name>trgmsg.c.obj</name>
      </input_file>
      <input_file id="fl-172">
         <path>C:\ti\ccs2100\ccs\tools\compiler\ti-cgt-armllvm_5.1.1.LTS\lib\armv6m-ti-none-eabi\</path>
         <kind>archive</kind>
         <file>libclang_rt.builtins.a</file>
         <name>addsf3.S.obj</name>
      </input_file>
      <input_file id="fl-173">
         <path>C:\ti\ccs2100\ccs\tools\compiler\ti-cgt-armllvm_5.1.1.LTS\lib\armv6m-ti-none-eabi\</path>
         <kind>archive</kind>
         <file>libclang_rt.builtins.a</file>
         <name>adddf3.S.obj</name>
      </input_file>
      <input_file id="fl-174">
         <path>C:\ti\ccs2100\ccs\tools\compiler\ti-cgt-armllvm_5.1.1.LTS\lib\armv6m-ti-none-eabi\</path>
         <kind>archive</kind>
         <file>libclang_rt.builtins.a</file>
         <name>mulsf3.S.obj</name>
      </input_file>
      <input_file id="fl-175">
         <path>C:\ti\ccs2100\ccs\tools\compiler\ti-cgt-armllvm_5.1.1.LTS\lib\armv6m-ti-none-eabi\</path>
         <kind>archive</kind>
         <file>libclang_rt.builtins.a</file>
         <name>divsf3.S.obj</name>
      </input_file>
      <input_file id="fl-176">
         <path>C:\ti\ccs2100\ccs\tools\compiler\ti-cgt-armllvm_5.1.1.LTS\lib\armv6m-ti-none-eabi\</path>
         <kind>archive</kind>
         <file>libclang_rt.builtins.a</file>
         <name>fixdfsi.S.obj</name>
      </input_file>
      <input_file id="fl-177">
         <path>C:\ti\ccs2100\ccs\tools\compiler\ti-cgt-armllvm_5.1.1.LTS\lib\armv6m-ti-none-eabi\</path>
         <kind>archive</kind>
         <file>libclang_rt.builtins.a</file>
         <name>fixsfsi.S.obj</name>
      </input_file>
      <input_file id="fl-178">
         <path>C:\ti\ccs2100\ccs\tools\compiler\ti-cgt-armllvm_5.1.1.LTS\lib\armv6m-ti-none-eabi\</path>
         <kind>archive</kind>
         <file>libclang_rt.builtins.a</file>
         <name>fixunsdfsi.S.obj</name>
      </input_file>
      <input_file id="fl-179">
         <path>C:\ti\ccs2100\ccs\tools\compiler\ti-cgt-armllvm_5.1.1.LTS\lib\armv6m-ti-none-eabi\</path>
         <kind>archive</kind>
         <file>libclang_rt.builtins.a</file>
         <name>floatdisf.S.obj</name>
      </input_file>
      <input_file id="fl-17a">
         <path>C:\ti\ccs2100\ccs\tools\compiler\ti-cgt-armllvm_5.1.1.LTS\lib\armv6m-ti-none-eabi\</path>
         <kind>archive</kind>
         <file>libclang_rt.builtins.a</file>
         <name>floatsidf.S.obj</name>
      </input_file>
      <input_file id="fl-17b">
         <path>C:\ti\ccs2100\ccs\tools\compiler\ti-cgt-armllvm_5.1.1.LTS\lib\armv6m-ti-none-eabi\</path>
         <kind>archive</kind>
         <file>libclang_rt.builtins.a</file>
         <name>floatsisf.S.obj</name>
      </input_file>
      <input_file id="fl-17c">
         <path>C:\ti\ccs2100\ccs\tools\compiler\ti-cgt-armllvm_5.1.1.LTS\lib\armv6m-ti-none-eabi\</path>
         <kind>archive</kind>
         <file>libclang_rt.builtins.a</file>
         <name>floatunsidf.S.obj</name>
      </input_file>
      <input_file id="fl-17d">
         <path>C:\ti\ccs2100\ccs\tools\compiler\ti-cgt-armllvm_5.1.1.LTS\lib\armv6m-ti-none-eabi\</path>
         <kind>archive</kind>
         <file>libclang_rt.builtins.a</file>
         <name>floatunsisf.S.obj</name>
      </input_file>
      <input_file id="fl-17e">
         <path>C:\ti\ccs2100\ccs\tools\compiler\ti-cgt-armllvm_5.1.1.LTS\lib\armv6m-ti-none-eabi\</path>
         <kind>archive</kind>
         <file>libclang_rt.builtins.a</file>
         <name>muldi3.S.obj</name>
      </input_file>
      <input_file id="fl-17f">
         <path>C:\ti\ccs2100\ccs\tools\compiler\ti-cgt-armllvm_5.1.1.LTS\lib\armv6m-ti-none-eabi\</path>
         <kind>archive</kind>
         <file>libclang_rt.builtins.a</file>
         <name>truncdfsf2.S.obj</name>
      </input_file>
      <input_file id="fl-180">
         <path>C:\ti\ccs2100\ccs\tools\compiler\ti-cgt-armllvm_5.1.1.LTS\lib\armv6m-ti-none-eabi\</path>
         <kind>archive</kind>
         <file>libclang_rt.builtins.a</file>
         <name>comparedf2.c.obj</name>
      </input_file>
      <input_file id="fl-181">
         <path>C:\ti\ccs2100\ccs\tools\compiler\ti-cgt-armllvm_5.1.1.LTS\lib\armv6m-ti-none-eabi\</path>
         <kind>archive</kind>
         <file>libclang_rt.builtins.a</file>
         <name>aeabi_dcmp.S.obj</name>
      </input_file>
      <input_file id="fl-182">
         <path>C:\ti\ccs2100\ccs\tools\compiler\ti-cgt-armllvm_5.1.1.LTS\lib\armv6m-ti-none-eabi\</path>
         <kind>archive</kind>
         <file>libclang_rt.builtins.a</file>
         <name>aeabi_ddiv.c.obj</name>
      </input_file>
      <input_file id="fl-183">
         <path>C:\ti\ccs2100\ccs\tools\compiler\ti-cgt-armllvm_5.1.1.LTS\lib\armv6m-ti-none-eabi\</path>
         <kind>archive</kind>
         <file>libclang_rt.builtins.a</file>
         <name>aeabi_dmul.c.obj</name>
      </input_file>
      <input_file id="fl-184">
         <path>C:\ti\ccs2100\ccs\tools\compiler\ti-cgt-armllvm_5.1.1.LTS\lib\armv6m-ti-none-eabi\</path>
         <kind>archive</kind>
         <file>libclang_rt.builtins.a</file>
         <name>aeabi_fcmp.S.obj</name>
      </input_file>
      <input_file id="fl-185">
         <path>C:\ti\ccs2100\ccs\tools\compiler\ti-cgt-armllvm_5.1.1.LTS\lib\armv6m-ti-none-eabi\</path>
         <kind>archive</kind>
         <file>libclang_rt.builtins.a</file>
         <name>aeabi_idivmod.S.obj</name>
      </input_file>
      <input_file id="fl-186">
         <path>C:\ti\ccs2100\ccs\tools\compiler\ti-cgt-armllvm_5.1.1.LTS\lib\armv6m-ti-none-eabi\</path>
         <kind>archive</kind>
         <file>libclang_rt.builtins.a</file>
         <name>aeabi_uidivmod.S.obj</name>
      </input_file>
      <input_file id="fl-187">
         <path>C:\ti\ccs2100\ccs\tools\compiler\ti-cgt-armllvm_5.1.1.LTS\lib\armv6m-ti-none-eabi\</path>
         <kind>archive</kind>
         <file>libclang_rt.builtins.a</file>
         <name>aeabi_uldivmod.S.obj</name>
      </input_file>
      <input_file id="fl-188">
         <path>C:\ti\ccs2100\ccs\tools\compiler\ti-cgt-armllvm_5.1.1.LTS\lib\armv6m-ti-none-eabi\</path>
         <kind>archive</kind>
         <file>libclang_rt.builtins.a</file>
         <name>aeabi_memcpy.S.obj</name>
      </input_file>
      <input_file id="fl-189">
         <path>C:\ti\ccs2100\ccs\tools\compiler\ti-cgt-armllvm_5.1.1.LTS\lib\armv6m-ti-none-eabi\</path>
         <kind>archive</kind>
         <file>libclang_rt.builtins.a</file>
         <name>aeabi_memset.S.obj</name>
      </input_file>
      <input_file id="fl-18a">
         <path>C:\ti\ccs2100\ccs\tools\compiler\ti-cgt-armllvm_5.1.1.LTS\lib\armv6m-ti-none-eabi\</path>
         <kind>archive</kind>
         <file>libclang_rt.builtins.a</file>
         <name>comparesf2.S.obj</name>
      </input_file>
      <input_file id="fl-18b">
         <path>C:\ti\ccs2100\ccs\tools\compiler\ti-cgt-armllvm_5.1.1.LTS\lib\armv6m-ti-none-eabi\</path>
         <kind>archive</kind>
         <file>libclang_rt.builtins.a</file>
         <name>udivmoddi4.S.obj</name>
      </input_file>
      <input_file id="fl-18c">
         <path>C:\ti\ccs2100\ccs\tools\compiler\ti-cgt-armllvm_5.1.1.LTS\lib\armv6m-ti-none-eabi\</path>
         <kind>archive</kind>
         <file>libclang_rt.builtins.a</file>
         <name>muldf3.S.obj</name>
      </input_file>
      <input_file id="fl-18d">
         <path>C:\ti\ccs2100\ccs\tools\compiler\ti-cgt-armllvm_5.1.1.LTS\lib\armv6m-ti-none-eabi\</path>
         <kind>archive</kind>
         <file>libclang_rt.builtins.a</file>
         <name>muldsi3.S.obj</name>
      </input_file>
      <input_file id="fl-18e">
         <path>C:\ti\ccs2100\ccs\tools\compiler\ti-cgt-armllvm_5.1.1.LTS\lib\armv6m-ti-none-eabi\</path>
         <kind>archive</kind>
         <file>libclang_rt.builtins.a</file>
         <name>ashldi3.S.obj</name>
      </input_file>
      <input_file id="fl-18f">
         <path>C:\ti\ccs2100\ccs\tools\compiler\ti-cgt-armllvm_5.1.1.LTS\lib\armv6m-ti-none-eabi\</path>
         <kind>archive</kind>
         <file>libclang_rt.builtins.a</file>
         <name>divdf3.S.obj</name>
      </input_file>
      <input_file id="fl-190">
         <path>C:\ti\ccs2100\ccs\tools\compiler\ti-cgt-armllvm_5.1.1.LTS\lib\armv6m-ti-none-eabi\</path>
         <kind>archive</kind>
         <file>libclang_rt.builtins.a</file>
         <name>aeabi_div0.c.obj</name>
      </input_file>
      <input_file id="fl-191">
         <path>C:\ti\ccs2100\ccs\tools\compiler\ti-cgt-armllvm_5.1.1.LTS\lib\armv6m-ti-none-eabi\c\</path>
         <kind>archive</kind>
         <file>libc.a</file>
         <name>divdf3_fast.c.obj</name>
      </input_file>
      <input_file id="fl-192">
         <path>C:\ti\ccs2100\ccs\tools\compiler\ti-cgt-armllvm_5.1.1.LTS\lib\armv6m-ti-none-eabi\c\</path>
         <kind>archive</kind>
         <file>libc.a</file>
         <name>muldf3_fast.c.obj</name>
      </input_file>
      <input_file id="fl-193">
         <path>C:\ti\ccs2100\ccs\tools\compiler\ti-cgt-armllvm_5.1.1.LTS\lib\armv6m-ti-none-eabi\c\</path>
         <kind>archive</kind>
         <file>libc.a</file>
         <name>getdevice.c.obj</name>
      </input_file>
      <input_file id="fl-194">
         <path>C:\ti\ccs2100\ccs\tools\compiler\ti-cgt-armllvm_5.1.1.LTS\lib\armv6m-ti-none-eabi\c\</path>
         <kind>archive</kind>
         <file>libc.a</file>
         <name>memcpy16.S.obj</name>
      </input_file>
      <input_file id="fl-195">
         <path>C:\ti\ccs2100\ccs\tools\compiler\ti-cgt-armllvm_5.1.1.LTS\lib\armv6m-ti-none-eabi\c\</path>
         <kind>archive</kind>
         <file>libc.a</file>
         <name>memset16.S.obj</name>
      </input_file>
   </input_file_list>
   <object_component_list>
      <object_component id="oc-18">
         <name>.intvecs</name>
         <load_address>0x0</load_address>
         <readonly>true</readonly>
         <run_address>0x0</run_address>
         <size>0xc0</size>
         <alignment>0x4</alignment>
         <input_file_ref idref="fl-3"/>
      </object_component>
      <object_component id="oc-2af">
         <name>.text:__TI_printfi</name>
         <load_address>0xc0</load_address>
         <readonly>true</readonly>
         <executable>true</executable>
         <run_address>0xc0</run_address>
         <size>0xa7c</size>
         <alignment>0x4</alignment>
         <input_file_ref idref="fl-58"/>
      </object_component>
      <object_component id="oc-1e0">
         <name>.text.LineSensor_Sample</name>
         <load_address>0xb3c</load_address>
         <readonly>true</readonly>
         <executable>true</executable>
         <run_address>0xb3c</run_address>
         <size>0x42c</size>
         <alignment>0x4</alignment>
         <input_file_ref idref="fl-16"/>
      </object_component>
      <object_component id="oc-1df">
         <name>.text.IMU_Update</name>
         <load_address>0xf68</load_address>
         <readonly>true</readonly>
         <executable>true</executable>
         <run_address>0xf68</run_address>
         <size>0x2e4</size>
         <alignment>0x4</alignment>
         <input_file_ref idref="fl-15"/>
      </object_component>
      <object_component id="oc-357">
         <name>.text.__divdf3_fast</name>
         <load_address>0x124c</load_address>
         <readonly>true</readonly>
         <executable>true</executable>
         <run_address>0x124c</run_address>
         <size>0x2dc</size>
         <alignment>0x4</alignment>
         <input_file_ref idref="fl-191"/>
      </object_component>
      <object_component id="oc-15e">
         <name>.text.SYSCFG_DL_SYSCTL_SYSPLL_init</name>
         <load_address>0x1528</load_address>
         <readonly>true</readonly>
         <executable>true</executable>
         <run_address>0x1528</run_address>
         <size>0x2a8</size>
         <alignment>0x4</alignment>
         <input_file_ref idref="fl-2"/>
      </object_component>
      <object_component id="oc-2b8">
         <name>.text.OLED_ShowImage</name>
         <load_address>0x17d0</load_address>
         <readonly>true</readonly>
         <executable>true</executable>
         <run_address>0x17d0</run_address>
         <size>0x2a0</size>
         <alignment>0x4</alignment>
         <input_file_ref idref="fl-18"/>
      </object_component>
      <object_component id="oc-142">
         <name>.text.App_Debug_OLEDTask</name>
         <load_address>0x1a70</load_address>
         <readonly>true</readonly>
         <executable>true</executable>
         <run_address>0x1a70</run_address>
         <size>0x22c</size>
         <alignment>0x4</alignment>
         <input_file_ref idref="fl-5"/>
      </object_component>
      <object_component id="oc-2e6">
         <name>.text._pconv_a</name>
         <load_address>0x1c9c</load_address>
         <readonly>true</readonly>
         <executable>true</executable>
         <run_address>0x1c9c</run_address>
         <size>0x20c</size>
         <alignment>0x4</alignment>
         <input_file_ref idref="fl-58"/>
      </object_component>
      <object_component id="oc-2e7">
         <name>.text._pconv_g</name>
         <load_address>0x1ea8</load_address>
         <readonly>true</readonly>
         <executable>true</executable>
         <run_address>0x1ea8</run_address>
         <size>0x1e0</size>
         <alignment>0x4</alignment>
         <input_file_ref idref="fl-58"/>
      </object_component>
      <object_component id="oc-34d">
         <name>.text.__muldf3_fast</name>
         <load_address>0x2088</load_address>
         <readonly>true</readonly>
         <executable>true</executable>
         <run_address>0x2088</run_address>
         <size>0x1d8</size>
         <alignment>0x4</alignment>
         <input_file_ref idref="fl-192"/>
      </object_component>
      <object_component id="oc-28c">
         <name>.text.OLED_ShowString</name>
         <load_address>0x2260</load_address>
         <readonly>true</readonly>
         <executable>true</executable>
         <run_address>0x2260</run_address>
         <size>0x1cc</size>
         <alignment>0x4</alignment>
         <input_file_ref idref="fl-18"/>
      </object_component>
      <object_component id="oc-1c9">
         <name>.text.OLED_Init</name>
         <load_address>0x242c</load_address>
         <readonly>true</readonly>
         <executable>true</executable>
         <run_address>0x242c</run_address>
         <size>0x1a8</size>
         <alignment>0x4</alignment>
         <input_file_ref idref="fl-18"/>
      </object_component>
      <object_component id="oc-31a">
         <name>.text</name>
         <load_address>0x25d4</load_address>
         <readonly>true</readonly>
         <executable>true</executable>
         <run_address>0x25d4</run_address>
         <size>0x192</size>
         <alignment>0x4</alignment>
         <input_file_ref idref="fl-173"/>
      </object_component>
      <object_component id="oc-277">
         <name>.text.PID_Update</name>
         <load_address>0x2766</load_address>
         <readonly>true</readonly>
         <executable>true</executable>
         <run_address>0x2766</run_address>
         <size>0x182</size>
         <alignment>0x2</alignment>
         <input_file_ref idref="fl-11"/>
      </object_component>
      <object_component id="oc-1fe">
         <name>.text.BSP_UART_TryWrite</name>
         <load_address>0x28e8</load_address>
         <readonly>true</readonly>
         <executable>true</executable>
         <run_address>0x28e8</run_address>
         <size>0x138</size>
         <alignment>0x4</alignment>
         <input_file_ref idref="fl-f"/>
      </object_component>
      <object_component id="oc-325">
         <name>.text.fcvt</name>
         <load_address>0x2a20</load_address>
         <readonly>true</readonly>
         <executable>true</executable>
         <run_address>0x2a20</run_address>
         <size>0x138</size>
         <alignment>0x4</alignment>
         <input_file_ref idref="fl-58"/>
      </object_component>
      <object_component id="oc-25f">
         <name>.text.IMU_PushRxByte</name>
         <load_address>0x2b58</load_address>
         <readonly>true</readonly>
         <executable>true</executable>
         <run_address>0x2b58</run_address>
         <size>0x128</size>
         <alignment>0x4</alignment>
         <input_file_ref idref="fl-15"/>
      </object_component>
      <object_component id="oc-25d">
         <name>.text.BSP_IMU_UART_TryWrite</name>
         <load_address>0x2c80</load_address>
         <readonly>true</readonly>
         <executable>true</executable>
         <run_address>0x2c80</run_address>
         <size>0x11c</size>
         <alignment>0x4</alignment>
         <input_file_ref idref="fl-a"/>
      </object_component>
      <object_component id="oc-7e">
         <name>.text.BSP_UART_IRQHandler</name>
         <load_address>0x2d9c</load_address>
         <readonly>true</readonly>
         <executable>true</executable>
         <run_address>0x2d9c</run_address>
         <size>0x10c</size>
         <alignment>0x4</alignment>
         <input_file_ref idref="fl-f"/>
      </object_component>
      <object_component id="oc-167">
         <name>.text.DL_Timer_initFourCCPWMMode</name>
         <load_address>0x2ea8</load_address>
         <readonly>true</readonly>
         <executable>true</executable>
         <run_address>0x2ea8</run_address>
         <size>0x104</size>
         <alignment>0x4</alignment>
         <input_file_ref idref="fl-2a"/>
      </object_component>
      <object_component id="oc-26d">
         <name>.text.BSP_LineADC_Read</name>
         <load_address>0x2fac</load_address>
         <readonly>true</readonly>
         <executable>true</executable>
         <run_address>0x2fac</run_address>
         <size>0x100</size>
         <alignment>0x4</alignment>
         <input_file_ref idref="fl-b"/>
      </object_component>
      <object_component id="oc-16e">
         <name>.text.DL_Timer_initTimerMode</name>
         <load_address>0x30ac</load_address>
         <readonly>true</readonly>
         <executable>true</executable>
         <run_address>0x30ac</run_address>
         <size>0xfc</size>
         <alignment>0x4</alignment>
         <input_file_ref idref="fl-2a"/>
      </object_component>
      <object_component id="oc-2e9">
         <name>.text._pconv_e</name>
         <load_address>0x31a8</load_address>
         <readonly>true</readonly>
         <executable>true</executable>
         <run_address>0x31a8</run_address>
         <size>0xfc</size>
         <alignment>0x4</alignment>
         <input_file_ref idref="fl-58"/>
      </object_component>
      <object_component id="oc-251">
         <name>.text.OLED_WriteData</name>
         <load_address>0x32a4</load_address>
         <readonly>true</readonly>
         <executable>true</executable>
         <run_address>0x32a4</run_address>
         <size>0xe0</size>
         <alignment>0x4</alignment>
         <input_file_ref idref="fl-18"/>
      </object_component>
      <object_component id="oc-f2">
         <name>.text.SYSCFG_DL_GPIO_init</name>
         <load_address>0x3384</load_address>
         <readonly>true</readonly>
         <executable>true</executable>
         <run_address>0x3384</run_address>
         <size>0xe0</size>
         <alignment>0x4</alignment>
         <input_file_ref idref="fl-2"/>
      </object_component>
      <object_component id="oc-140">
         <name>.text.App_Debug_Task</name>
         <load_address>0x3464</load_address>
         <readonly>true</readonly>
         <executable>true</executable>
         <run_address>0x3464</run_address>
         <size>0xdc</size>
         <alignment>0x4</alignment>
         <input_file_ref idref="fl-5"/>
      </object_component>
      <object_component id="oc-158">
         <name>.text.DL_SYSCTL_configSYSPLL</name>
         <load_address>0x3540</load_address>
         <readonly>true</readonly>
         <executable>true</executable>
         <run_address>0x3540</run_address>
         <size>0xdc</size>
         <alignment>0x4</alignment>
         <input_file_ref idref="fl-2c"/>
      </object_component>
      <object_component id="oc-30a">
         <name>.text.scalbn</name>
         <load_address>0x361c</load_address>
         <readonly>true</readonly>
         <executable>true</executable>
         <run_address>0x361c</run_address>
         <size>0xdc</size>
         <alignment>0x4</alignment>
         <input_file_ref idref="fl-64"/>
      </object_component>
      <object_component id="oc-259">
         <name>.text</name>
         <load_address>0x36f8</load_address>
         <readonly>true</readonly>
         <executable>true</executable>
         <run_address>0x36f8</run_address>
         <size>0xd8</size>
         <alignment>0x4</alignment>
         <input_file_ref idref="fl-172"/>
      </object_component>
      <object_component id="oc-82">
         <name>.text.BSP_IMU_UART_IRQHandler</name>
         <load_address>0x37d0</load_address>
         <readonly>true</readonly>
         <executable>true</executable>
         <run_address>0x37d0</run_address>
         <size>0xd0</size>
         <alignment>0x4</alignment>
         <input_file_ref idref="fl-a"/>
      </object_component>
      <object_component id="oc-29f">
         <name>.text.OLED_I2C_SendByte</name>
         <load_address>0x38a0</load_address>
         <readonly>true</readonly>
         <executable>true</executable>
         <run_address>0x38a0</run_address>
         <size>0xd0</size>
         <alignment>0x2</alignment>
         <input_file_ref idref="fl-18"/>
      </object_component>
      <object_component id="oc-f3">
         <name>.text.SYSCFG_DL_SYSCTL_init</name>
         <load_address>0x3970</load_address>
         <readonly>true</readonly>
         <executable>true</executable>
         <run_address>0x3970</run_address>
         <size>0xa8</size>
         <alignment>0x4</alignment>
         <input_file_ref idref="fl-2"/>
      </object_component>
      <object_component id="oc-2fc">
         <name>.text</name>
         <load_address>0x3a18</load_address>
         <readonly>true</readonly>
         <executable>true</executable>
         <run_address>0x3a18</run_address>
         <size>0xa2</size>
         <alignment>0x4</alignment>
         <input_file_ref idref="fl-18b"/>
      </object_component>
      <object_component id="oc-100">
         <name>.text.BSP_Board_Init</name>
         <load_address>0x3aba</load_address>
         <readonly>true</readonly>
         <executable>true</executable>
         <run_address>0x3aba</run_address>
         <size>0x2</size>
         <alignment>0x2</alignment>
         <input_file_ref idref="fl-7"/>
      </object_component>
      <object_component id="oc-34">
         <name>.text.GROUP1_IRQHandler</name>
         <load_address>0x3abc</load_address>
         <readonly>true</readonly>
         <executable>true</executable>
         <run_address>0x3abc</run_address>
         <size>0xa0</size>
         <alignment>0x4</alignment>
         <input_file_ref idref="fl-8"/>
      </object_component>
      <object_component id="oc-1e5">
         <name>.text.LineControl_Update</name>
         <load_address>0x3b5c</load_address>
         <readonly>true</readonly>
         <executable>true</executable>
         <run_address>0x3b5c</run_address>
         <size>0xa0</size>
         <alignment>0x4</alignment>
         <input_file_ref idref="fl-10"/>
      </object_component>
      <object_component id="oc-1e6">
         <name>.text.VehicleMixer_Mix</name>
         <load_address>0x3bfc</load_address>
         <readonly>true</readonly>
         <executable>true</executable>
         <run_address>0x3bfc</run_address>
         <size>0x9c</size>
         <alignment>0x2</alignment>
         <input_file_ref idref="fl-13"/>
      </object_component>
      <object_component id="oc-b7">
         <name>.text:memcpy</name>
         <load_address>0x3c98</load_address>
         <readonly>true</readonly>
         <executable>true</executable>
         <run_address>0x3c98</run_address>
         <size>0x9a</size>
         <alignment>0x1</alignment>
         <input_file_ref idref="fl-194"/>
      </object_component>
      <object_component id="oc-33">
         <name>.text.Default_Handler</name>
         <load_address>0x3d32</load_address>
         <readonly>true</readonly>
         <executable>true</executable>
         <run_address>0x3d32</run_address>
         <size>0x2</size>
         <alignment>0x2</alignment>
         <input_file_ref idref="fl-3"/>
      </object_component>
      <object_component id="oc-191">
         <name>.text.BSP_Encoder_ResetCounts</name>
         <load_address>0x3d34</load_address>
         <readonly>true</readonly>
         <executable>true</executable>
         <run_address>0x3d34</run_address>
         <size>0x98</size>
         <alignment>0x4</alignment>
         <input_file_ref idref="fl-8"/>
      </object_component>
      <object_component id="oc-19b">
         <name>.text.BSP_LineADC_Init</name>
         <load_address>0x3dcc</load_address>
         <readonly>true</readonly>
         <executable>true</executable>
         <run_address>0x3dcc</run_address>
         <size>0x98</size>
         <alignment>0x4</alignment>
         <input_file_ref idref="fl-b"/>
      </object_component>
      <object_component id="oc-114">
         <name>.text.IMU_Init</name>
         <load_address>0x3e64</load_address>
         <readonly>true</readonly>
         <executable>true</executable>
         <run_address>0x3e64</run_address>
         <size>0x98</size>
         <alignment>0x4</alignment>
         <input_file_ref idref="fl-15"/>
      </object_component>
      <object_component id="oc-207">
         <name>.text.OLED_UpdateArea</name>
         <load_address>0x3efc</load_address>
         <readonly>true</readonly>
         <executable>true</executable>
         <run_address>0x3efc</run_address>
         <size>0x94</size>
         <alignment>0x4</alignment>
         <input_file_ref idref="fl-18"/>
      </object_component>
      <object_component id="oc-190">
         <name>.text.BSP_Encoder_Init</name>
         <load_address>0x3f90</load_address>
         <readonly>true</readonly>
         <executable>true</executable>
         <run_address>0x3f90</run_address>
         <size>0x90</size>
         <alignment>0x4</alignment>
         <input_file_ref idref="fl-8"/>
      </object_component>
      <object_component id="oc-f4">
         <name>.text.SYSCFG_DL_MOTOR_PWM_init</name>
         <load_address>0x4020</load_address>
         <readonly>true</readonly>
         <executable>true</executable>
         <run_address>0x4020</run_address>
         <size>0x90</size>
         <alignment>0x4</alignment>
         <input_file_ref idref="fl-2"/>
      </object_component>
      <object_component id="oc-f8">
         <name>.text.SYSCFG_DL_HC05_UART_init</name>
         <load_address>0x40b0</load_address>
         <readonly>true</readonly>
         <executable>true</executable>
         <run_address>0x40b0</run_address>
         <size>0x8c</size>
         <alignment>0x4</alignment>
         <input_file_ref idref="fl-2"/>
      </object_component>
      <object_component id="oc-f7">
         <name>.text.SYSCFG_DL_IMU_UART_init</name>
         <load_address>0x413c</load_address>
         <readonly>true</readonly>
         <executable>true</executable>
         <run_address>0x413c</run_address>
         <size>0x8c</size>
         <alignment>0x4</alignment>
         <input_file_ref idref="fl-2"/>
      </object_component>
      <object_component id="oc-296">
         <name>.text</name>
         <load_address>0x41c8</load_address>
         <readonly>true</readonly>
         <executable>true</executable>
         <run_address>0x41c8</run_address>
         <size>0x8c</size>
         <alignment>0x4</alignment>
         <input_file_ref idref="fl-18a"/>
      </object_component>
      <object_component id="oc-1f0">
         <name>.text</name>
         <load_address>0x4254</load_address>
         <readonly>true</readonly>
         <executable>true</executable>
         <run_address>0x4254</run_address>
         <size>0x8c</size>
         <alignment>0x4</alignment>
         <input_file_ref idref="fl-174"/>
      </object_component>
      <object_component id="oc-13c">
         <name>.text.App_Debug_PollCommands</name>
         <load_address>0x42e0</load_address>
         <readonly>true</readonly>
         <executable>true</executable>
         <run_address>0x42e0</run_address>
         <size>0x8a</size>
         <alignment>0x4</alignment>
         <input_file_ref idref="fl-5"/>
      </object_component>
      <object_component id="oc-d0">
         <name>.text:abort</name>
         <load_address>0x436a</load_address>
         <readonly>true</readonly>
         <executable>true</executable>
         <run_address>0x436a</run_address>
         <size>0x6</size>
         <alignment>0x2</alignment>
         <input_file_ref idref="fl-5a"/>
      </object_component>
      <object_component id="oc-2b4">
         <name>.text:strcmp</name>
         <load_address>0x4370</load_address>
         <readonly>true</readonly>
         <executable>true</executable>
         <run_address>0x4370</run_address>
         <size>0x88</size>
         <alignment>0x10</alignment>
         <input_file_ref idref="fl-4e"/>
      </object_component>
      <object_component id="oc-268">
         <name>.text</name>
         <load_address>0x43f8</load_address>
         <readonly>true</readonly>
         <executable>true</executable>
         <run_address>0x43f8</run_address>
         <size>0x82</size>
         <alignment>0x4</alignment>
         <input_file_ref idref="fl-175"/>
      </object_component>
      <object_component id="oc-28d">
         <name>.text.__aeabi_idiv0</name>
         <load_address>0x447a</load_address>
         <readonly>true</readonly>
         <executable>true</executable>
         <run_address>0x447a</run_address>
         <size>0x2</size>
         <alignment>0x2</alignment>
         <input_file_ref idref="fl-190"/>
      </object_component>
      <object_component id="oc-fa">
         <name>.text.SYSCFG_DL_LINE_ADC1_init</name>
         <load_address>0x447c</load_address>
         <readonly>true</readonly>
         <executable>true</executable>
         <run_address>0x447c</run_address>
         <size>0x7c</size>
         <alignment>0x4</alignment>
         <input_file_ref idref="fl-2"/>
      </object_component>
      <object_component id="oc-f0">
         <name>.text.SYSCFG_DL_initPower</name>
         <load_address>0x44f8</load_address>
         <readonly>true</readonly>
         <executable>true</executable>
         <run_address>0x44f8</run_address>
         <size>0x7c</size>
         <alignment>0x4</alignment>
         <input_file_ref idref="fl-2"/>
      </object_component>
      <object_component id="oc-1c">
         <name>.text:decompress:lzss</name>
         <load_address>0x4574</load_address>
         <readonly>true</readonly>
         <executable>true</executable>
         <run_address>0x4574</run_address>
         <size>0x7c</size>
         <alignment>0x4</alignment>
         <input_file_ref idref="fl-56"/>
      </object_component>
      <object_component id="oc-27a">
         <name>.text.TB6612_SetSignedDuty</name>
         <load_address>0x45f0</load_address>
         <readonly>true</readonly>
         <executable>true</executable>
         <run_address>0x45f0</run_address>
         <size>0x7a</size>
         <alignment>0x2</alignment>
         <input_file_ref idref="fl-1a"/>
      </object_component>
      <object_component id="oc-327">
         <name>.text.__aeabi_ldiv0</name>
         <load_address>0x466a</load_address>
         <readonly>true</readonly>
         <executable>true</executable>
         <run_address>0x466a</run_address>
         <size>0x2</size>
         <alignment>0x2</alignment>
         <input_file_ref idref="fl-190"/>
      </object_component>
      <object_component id="oc-cd">
         <name>.text.App_Scheduler_Run</name>
         <load_address>0x466c</load_address>
         <readonly>true</readonly>
         <executable>true</executable>
         <run_address>0x466c</run_address>
         <size>0x78</size>
         <alignment>0x4</alignment>
         <input_file_ref idref="fl-6"/>
      </object_component>
      <object_component id="oc-1eb">
         <name>.text.Motor_Update</name>
         <load_address>0x46e4</load_address>
         <readonly>true</readonly>
         <executable>true</executable>
         <run_address>0x46e4</run_address>
         <size>0x78</size>
         <alignment>0x4</alignment>
         <input_file_ref idref="fl-17"/>
      </object_component>
      <object_component id="oc-276">
         <name>.text.update_one</name>
         <load_address>0x475c</load_address>
         <readonly>true</readonly>
         <executable>true</executable>
         <run_address>0x475c</run_address>
         <size>0x78</size>
         <alignment>0x4</alignment>
         <input_file_ref idref="fl-14"/>
      </object_component>
      <object_component id="oc-304">
         <name>.text.__gedf2</name>
         <load_address>0x47d4</load_address>
         <readonly>true</readonly>
         <executable>true</executable>
         <run_address>0x47d4</run_address>
         <size>0x74</size>
         <alignment>0x4</alignment>
         <input_file_ref idref="fl-180"/>
      </object_component>
      <object_component id="oc-f9">
         <name>.text.SYSCFG_DL_LINE_ADC0_init</name>
         <load_address>0x4848</load_address>
         <readonly>true</readonly>
         <executable>true</executable>
         <run_address>0x4848</run_address>
         <size>0x70</size>
         <alignment>0x4</alignment>
         <input_file_ref idref="fl-2"/>
      </object_component>
      <object_component id="oc-1c8">
         <name>.text.BSP_UART_Init</name>
         <load_address>0x48b8</load_address>
         <readonly>true</readonly>
         <executable>true</executable>
         <run_address>0x48b8</run_address>
         <size>0x6c</size>
         <alignment>0x4</alignment>
         <input_file_ref idref="fl-f"/>
      </object_component>
      <object_component id="oc-11e">
         <name>.text.SpeedControl_Init</name>
         <load_address>0x4924</load_address>
         <readonly>true</readonly>
         <executable>true</executable>
         <run_address>0x4924</run_address>
         <size>0x6c</size>
         <alignment>0x4</alignment>
         <input_file_ref idref="fl-12"/>
      </object_component>
      <object_component id="oc-233">
         <name>.text.BSP_TB6612_Init</name>
         <load_address>0x4990</load_address>
         <readonly>true</readonly>
         <executable>true</executable>
         <run_address>0x4990</run_address>
         <size>0x68</size>
         <alignment>0x4</alignment>
         <input_file_ref idref="fl-d"/>
      </object_component>
      <object_component id="oc-303">
         <name>.text.__ledf2</name>
         <load_address>0x49f8</load_address>
         <readonly>true</readonly>
         <executable>true</executable>
         <run_address>0x49f8</run_address>
         <size>0x68</size>
         <alignment>0x4</alignment>
         <input_file_ref idref="fl-180"/>
      </object_component>
      <object_component id="oc-323">
         <name>.text._mcpy</name>
         <load_address>0x4a60</load_address>
         <readonly>true</readonly>
         <executable>true</executable>
         <run_address>0x4a60</run_address>
         <size>0x66</size>
         <alignment>0x2</alignment>
         <input_file_ref idref="fl-58"/>
      </object_component>
      <object_component id="oc-13e">
         <name>.text.App_Car_ControlTask5ms</name>
         <load_address>0x4ac8</load_address>
         <readonly>true</readonly>
         <executable>true</executable>
         <run_address>0x4ac8</run_address>
         <size>0x64</size>
         <alignment>0x4</alignment>
         <input_file_ref idref="fl-4"/>
      </object_component>
      <object_component id="oc-250">
         <name>.text.OLED_WriteCommand</name>
         <load_address>0x4b2c</load_address>
         <readonly>true</readonly>
         <executable>true</executable>
         <run_address>0x4b2c</run_address>
         <size>0x64</size>
         <alignment>0x4</alignment>
         <input_file_ref idref="fl-18"/>
      </object_component>
      <object_component id="oc-ef">
         <name>.text:memset</name>
         <load_address>0x4b90</load_address>
         <readonly>true</readonly>
         <executable>true</executable>
         <run_address>0x4b90</run_address>
         <size>0x62</size>
         <alignment>0x1</alignment>
         <input_file_ref idref="fl-195"/>
      </object_component>
      <object_component id="oc-1d5">
         <name>.text.TB6612_StopAll</name>
         <load_address>0x4bf2</load_address>
         <readonly>true</readonly>
         <executable>true</executable>
         <run_address>0x4bf2</run_address>
         <size>0x5e</size>
         <alignment>0x2</alignment>
         <input_file_ref idref="fl-1a"/>
      </object_component>
      <object_component id="oc-1a3">
         <name>.text.BSP_IMU_UART_Init</name>
         <load_address>0x4c50</load_address>
         <readonly>true</readonly>
         <executable>true</executable>
         <run_address>0x4c50</run_address>
         <size>0x5c</size>
         <alignment>0x4</alignment>
         <input_file_ref idref="fl-a"/>
      </object_component>
      <object_component id="oc-306">
         <name>.text.frexp</name>
         <load_address>0x4cac</load_address>
         <readonly>true</readonly>
         <executable>true</executable>
         <run_address>0x4cac</run_address>
         <size>0x5c</size>
         <alignment>0x4</alignment>
         <input_file_ref idref="fl-63"/>
      </object_component>
      <object_component id="oc-2e2">
         <name>.text</name>
         <load_address>0x4d08</load_address>
         <readonly>true</readonly>
         <executable>true</executable>
         <run_address>0x4d08</run_address>
         <size>0x5a</size>
         <alignment>0x4</alignment>
         <input_file_ref idref="fl-181"/>
      </object_component>
      <object_component id="oc-246">
         <name>.text</name>
         <load_address>0x4d64</load_address>
         <readonly>true</readonly>
         <executable>true</executable>
         <run_address>0x4d64</run_address>
         <size>0x5a</size>
         <alignment>0x4</alignment>
         <input_file_ref idref="fl-184"/>
      </object_component>
      <object_component id="oc-119">
         <name>.text.LineControl_Init</name>
         <load_address>0x4dc0</load_address>
         <readonly>true</readonly>
         <executable>true</executable>
         <run_address>0x4dc0</run_address>
         <size>0x58</size>
         <alignment>0x4</alignment>
         <input_file_ref idref="fl-10"/>
      </object_component>
      <object_component id="oc-1ea">
         <name>.text.SpeedControl_Update</name>
         <load_address>0x4e18</load_address>
         <readonly>true</readonly>
         <executable>true</executable>
         <run_address>0x4e18</run_address>
         <size>0x58</size>
         <alignment>0x4</alignment>
         <input_file_ref idref="fl-12"/>
      </object_component>
      <object_component id="oc-312">
         <name>.text.__TI_ltoa</name>
         <load_address>0x4e70</load_address>
         <readonly>true</readonly>
         <executable>true</executable>
         <run_address>0x4e70</run_address>
         <size>0x58</size>
         <alignment>0x2</alignment>
         <input_file_ref idref="fl-5c"/>
      </object_component>
      <object_component id="oc-2e8">
         <name>.text._pconv_f</name>
         <load_address>0x4ec8</load_address>
         <readonly>true</readonly>
         <executable>true</executable>
         <run_address>0x4ec8</run_address>
         <size>0x58</size>
         <alignment>0x2</alignment>
         <input_file_ref idref="fl-58"/>
      </object_component>
      <object_component id="oc-334">
         <name>.text</name>
         <load_address>0x4f20</load_address>
         <readonly>true</readonly>
         <executable>true</executable>
         <run_address>0x4f20</run_address>
         <size>0x56</size>
         <alignment>0x4</alignment>
         <input_file_ref idref="fl-185"/>
      </object_component>
      <object_component id="oc-321">
         <name>.text._ecpy</name>
         <load_address>0x4f76</load_address>
         <readonly>true</readonly>
         <executable>true</executable>
         <run_address>0x4f76</run_address>
         <size>0x52</size>
         <alignment>0x2</alignment>
         <input_file_ref idref="fl-58"/>
      </object_component>
      <object_component id="oc-272">
         <name>.text</name>
         <load_address>0x4fc8</load_address>
         <readonly>true</readonly>
         <executable>true</executable>
         <run_address>0x4fc8</run_address>
         <size>0x4e</size>
         <alignment>0x4</alignment>
         <input_file_ref idref="fl-179"/>
      </object_component>
      <object_component id="oc-f5">
         <name>.text.SYSCFG_DL_LEFT_ENCODER_QEI_init</name>
         <load_address>0x5018</load_address>
         <readonly>true</readonly>
         <executable>true</executable>
         <run_address>0x5018</run_address>
         <size>0x4c</size>
         <alignment>0x4</alignment>
         <input_file_ref idref="fl-2"/>
      </object_component>
      <object_component id="oc-30e">
         <name>.text</name>
         <load_address>0x5064</load_address>
         <readonly>true</readonly>
         <executable>true</executable>
         <run_address>0x5064</run_address>
         <size>0x4a</size>
         <alignment>0x4</alignment>
         <input_file_ref idref="fl-176"/>
      </object_component>
      <object_component id="oc-177">
         <name>.text.DL_UART_init</name>
         <load_address>0x50b0</load_address>
         <readonly>true</readonly>
         <executable>true</executable>
         <run_address>0x50b0</run_address>
         <size>0x48</size>
         <alignment>0x4</alignment>
         <input_file_ref idref="fl-2b"/>
      </object_component>
      <object_component id="oc-109">
         <name>.text.Encoder_Init</name>
         <load_address>0x50f8</load_address>
         <readonly>true</readonly>
         <executable>true</executable>
         <run_address>0x50f8</run_address>
         <size>0x48</size>
         <alignment>0x4</alignment>
         <input_file_ref idref="fl-14"/>
      </object_component>
      <object_component id="oc-10e">
         <name>.text.LineSensor_Init</name>
         <load_address>0x5140</load_address>
         <readonly>true</readonly>
         <executable>true</executable>
         <run_address>0x5140</run_address>
         <size>0x48</size>
         <alignment>0x4</alignment>
         <input_file_ref idref="fl-16"/>
      </object_component>
      <object_component id="oc-1f8">
         <name>.text.snprintf</name>
         <load_address>0x5188</load_address>
         <readonly>true</readonly>
         <executable>true</executable>
         <run_address>0x5188</run_address>
         <size>0x48</size>
         <alignment>0x4</alignment>
         <input_file_ref idref="fl-4c"/>
      </object_component>
      <object_component id="oc-cc">
         <name>.text.App_Car_Start</name>
         <load_address>0x51d0</load_address>
         <readonly>true</readonly>
         <executable>true</executable>
         <run_address>0x51d0</run_address>
         <size>0x44</size>
         <alignment>0x4</alignment>
         <input_file_ref idref="fl-4"/>
      </object_component>
      <object_component id="oc-c6">
         <name>.text.App_Scheduler_Init</name>
         <load_address>0x5214</load_address>
         <readonly>true</readonly>
         <executable>true</executable>
         <run_address>0x5214</run_address>
         <size>0x44</size>
         <alignment>0x4</alignment>
         <input_file_ref idref="fl-6"/>
      </object_component>
      <object_component id="oc-15f">
         <name>.text.DL_SYSCTL_switchMCLKfromSYSOSCtoHSCLK</name>
         <load_address>0x5258</load_address>
         <readonly>true</readonly>
         <executable>true</executable>
         <run_address>0x5258</run_address>
         <size>0x44</size>
         <alignment>0x4</alignment>
         <input_file_ref idref="fl-2c"/>
      </object_component>
      <object_component id="oc-136">
         <name>.text.Encoder_Reset</name>
         <load_address>0x529c</load_address>
         <readonly>true</readonly>
         <executable>true</executable>
         <run_address>0x529c</run_address>
         <size>0x44</size>
         <alignment>0x4</alignment>
         <input_file_ref idref="fl-14"/>
      </object_component>
      <object_component id="oc-2ca">
         <name>.text.atoi</name>
         <load_address>0x52e0</load_address>
         <readonly>true</readonly>
         <executable>true</executable>
         <run_address>0x52e0</run_address>
         <size>0x44</size>
         <alignment>0x4</alignment>
         <input_file_ref idref="fl-5f"/>
      </object_component>
      <object_component id="oc-17c">
         <name>.text.DL_ADC12_setClockConfig</name>
         <load_address>0x5324</load_address>
         <readonly>true</readonly>
         <executable>true</executable>
         <run_address>0x5324</run_address>
         <size>0x40</size>
         <alignment>0x4</alignment>
         <input_file_ref idref="fl-28"/>
      </object_component>
      <object_component id="oc-1e2">
         <name>.text.Encoder_Update</name>
         <load_address>0x5364</load_address>
         <readonly>true</readonly>
         <executable>true</executable>
         <run_address>0x5364</run_address>
         <size>0x40</size>
         <alignment>0x4</alignment>
         <input_file_ref idref="fl-14"/>
      </object_component>
      <object_component id="oc-286">
         <name>.text.vsnprintf</name>
         <load_address>0x53a4</load_address>
         <readonly>true</readonly>
         <executable>true</executable>
         <run_address>0x53a4</run_address>
         <size>0x40</size>
         <alignment>0x4</alignment>
         <input_file_ref idref="fl-4d"/>
      </object_component>
      <object_component id="oc-229">
         <name>.text</name>
         <load_address>0x53e4</load_address>
         <readonly>true</readonly>
         <executable>true</executable>
         <run_address>0x53e4</run_address>
         <size>0x40</size>
         <alignment>0x4</alignment>
         <input_file_ref idref="fl-186"/>
      </object_component>
      <object_component id="oc-c1">
         <name>.text.App_Car_Init</name>
         <load_address>0x5424</load_address>
         <readonly>true</readonly>
         <executable>true</executable>
         <run_address>0x5424</run_address>
         <size>0x3c</size>
         <alignment>0x4</alignment>
         <input_file_ref idref="fl-4"/>
      </object_component>
      <object_component id="oc-23a">
         <name>.text.BSP_TB6612_SetInputs</name>
         <load_address>0x5460</load_address>
         <readonly>true</readonly>
         <executable>true</executable>
         <run_address>0x5460</run_address>
         <size>0x3c</size>
         <alignment>0x4</alignment>
         <input_file_ref idref="fl-d"/>
      </object_component>
      <object_component id="oc-ff">
         <name>.text.BSP_Time_Init</name>
         <load_address>0x549c</load_address>
         <readonly>true</readonly>
         <executable>true</executable>
         <run_address>0x549c</run_address>
         <size>0x3c</size>
         <alignment>0x4</alignment>
         <input_file_ref idref="fl-e"/>
      </object_component>
      <object_component id="oc-1c1">
         <name>.text.Motor_SetTargetPermille</name>
         <load_address>0x54d8</load_address>
         <readonly>true</readonly>
         <executable>true</executable>
         <run_address>0x54d8</run_address>
         <size>0x3c</size>
         <alignment>0x4</alignment>
         <input_file_ref idref="fl-17"/>
      </object_component>
      <object_component id="oc-bc">
         <name>.text.SYSCFG_DL_init</name>
         <load_address>0x5514</load_address>
         <readonly>true</readonly>
         <executable>true</executable>
         <run_address>0x5514</run_address>
         <size>0x3c</size>
         <alignment>0x4</alignment>
         <input_file_ref idref="fl-2"/>
      </object_component>
      <object_component id="oc-d7">
         <name>.text:__TI_auto_init_nobinit_nopinit</name>
         <load_address>0x5550</load_address>
         <readonly>true</readonly>
         <executable>true</executable>
         <run_address>0x5550</run_address>
         <size>0x3c</size>
         <alignment>0x4</alignment>
         <input_file_ref idref="fl-51"/>
      </object_component>
      <object_component id="oc-260">
         <name>.text</name>
         <load_address>0x558c</load_address>
         <readonly>true</readonly>
         <executable>true</executable>
         <run_address>0x558c</run_address>
         <size>0x3c</size>
         <alignment>0x4</alignment>
         <input_file_ref idref="fl-17b"/>
      </object_component>
      <object_component id="oc-27b">
         <name>.text</name>
         <load_address>0x55c8</load_address>
         <readonly>true</readonly>
         <executable>true</executable>
         <run_address>0x55c8</run_address>
         <size>0x3a</size>
         <alignment>0x4</alignment>
         <input_file_ref idref="fl-18d"/>
      </object_component>
      <object_component id="oc-13f">
         <name>.text.App_Car_StateTask10ms</name>
         <load_address>0x5604</load_address>
         <readonly>true</readonly>
         <executable>true</executable>
         <run_address>0x5604</run_address>
         <size>0x38</size>
         <alignment>0x4</alignment>
         <input_file_ref idref="fl-4"/>
      </object_component>
      <object_component id="oc-25e">
         <name>.text.BSP_IMU_UART_TryReadByte</name>
         <load_address>0x563c</load_address>
         <readonly>true</readonly>
         <executable>true</executable>
         <run_address>0x563c</run_address>
         <size>0x38</size>
         <alignment>0x4</alignment>
         <input_file_ref idref="fl-a"/>
      </object_component>
      <object_component id="oc-239">
         <name>.text.BSP_TB6612_SetPwmPermille</name>
         <load_address>0x5674</load_address>
         <readonly>true</readonly>
         <executable>true</executable>
         <run_address>0x5674</run_address>
         <size>0x38</size>
         <alignment>0x4</alignment>
         <input_file_ref idref="fl-d"/>
      </object_component>
      <object_component id="oc-1d8">
         <name>.text.BSP_UART_TryReadByte</name>
         <load_address>0x56ac</load_address>
         <readonly>true</readonly>
         <executable>true</executable>
         <run_address>0x56ac</run_address>
         <size>0x38</size>
         <alignment>0x4</alignment>
         <input_file_ref idref="fl-f"/>
      </object_component>
      <object_component id="oc-f6">
         <name>.text.SYSCFG_DL_TICK_TIMER_init</name>
         <load_address>0x56e4</load_address>
         <readonly>true</readonly>
         <executable>true</executable>
         <run_address>0x56e4</run_address>
         <size>0x38</size>
         <alignment>0x4</alignment>
         <input_file_ref idref="fl-2"/>
      </object_component>
      <object_component id="oc-1d7">
         <name>.text.TB6612_Enable</name>
         <load_address>0x571c</load_address>
         <readonly>true</readonly>
         <executable>true</executable>
         <run_address>0x571c</run_address>
         <size>0x38</size>
         <alignment>0x2</alignment>
         <input_file_ref idref="fl-1a"/>
      </object_component>
      <object_component id="oc-1f4">
         <name>.text</name>
         <load_address>0x5754</load_address>
         <readonly>true</readonly>
         <executable>true</executable>
         <run_address>0x5754</run_address>
         <size>0x38</size>
         <alignment>0x4</alignment>
         <input_file_ref idref="fl-177"/>
      </object_component>
      <object_component id="oc-1ba">
         <name>.text.PID_SetIntegralLimits</name>
         <load_address>0x578c</load_address>
         <readonly>true</readonly>
         <executable>true</executable>
         <run_address>0x578c</run_address>
         <size>0x36</size>
         <alignment>0x2</alignment>
         <input_file_ref idref="fl-11"/>
      </object_component>
      <object_component id="oc-186">
         <name>.text.TB6612_Init</name>
         <load_address>0x57c2</load_address>
         <readonly>true</readonly>
         <executable>true</executable>
         <run_address>0x57c2</run_address>
         <size>0x36</size>
         <alignment>0x2</alignment>
         <input_file_ref idref="fl-1a"/>
      </object_component>
      <object_component id="oc-1bb">
         <name>.text.PID_SetDerivativeFilter</name>
         <load_address>0x57f8</load_address>
         <readonly>true</readonly>
         <executable>true</executable>
         <run_address>0x57f8</run_address>
         <size>0x34</size>
         <alignment>0x2</alignment>
         <input_file_ref idref="fl-11"/>
      </object_component>
      <object_component id="oc-138">
         <name>.text.SpeedControl_Reset</name>
         <load_address>0x582c</load_address>
         <readonly>true</readonly>
         <executable>true</executable>
         <run_address>0x582c</run_address>
         <size>0x34</size>
         <alignment>0x4</alignment>
         <input_file_ref idref="fl-12"/>
      </object_component>
      <object_component id="oc-282">
         <name>.text._outs</name>
         <load_address>0x5860</load_address>
         <readonly>true</readonly>
         <executable>true</executable>
         <run_address>0x5860</run_address>
         <size>0x32</size>
         <alignment>0x2</alignment>
         <input_file_ref idref="fl-4c"/>
      </object_component>
      <object_component id="oc-2b0">
         <name>.text._outs</name>
         <load_address>0x5892</load_address>
         <readonly>true</readonly>
         <executable>true</executable>
         <run_address>0x5892</run_address>
         <size>0x32</size>
         <alignment>0x2</alignment>
         <input_file_ref idref="fl-4d"/>
      </object_component>
      <object_component id="oc-13d">
         <name>.text.App_Car_SensorTask1ms</name>
         <load_address>0x58c4</load_address>
         <readonly>true</readonly>
         <executable>true</executable>
         <run_address>0x58c4</run_address>
         <size>0x30</size>
         <alignment>0x4</alignment>
         <input_file_ref idref="fl-4"/>
      </object_component>
      <object_component id="oc-13b">
         <name>.text.Motor_Enable</name>
         <load_address>0x58f4</load_address>
         <readonly>true</readonly>
         <executable>true</executable>
         <run_address>0x58f4</run_address>
         <size>0x30</size>
         <alignment>0x4</alignment>
         <input_file_ref idref="fl-17"/>
      </object_component>
      <object_component id="oc-2dc">
         <name>.text.__unorddf2</name>
         <load_address>0x5924</load_address>
         <readonly>true</readonly>
         <executable>true</executable>
         <run_address>0x5924</run_address>
         <size>0x30</size>
         <alignment>0x4</alignment>
         <input_file_ref idref="fl-180"/>
      </object_component>
      <object_component id="oc-322">
         <name>.text._fcpy</name>
         <load_address>0x5954</load_address>
         <readonly>true</readonly>
         <executable>true</executable>
         <run_address>0x5954</run_address>
         <size>0x30</size>
         <alignment>0x2</alignment>
         <input_file_ref idref="fl-58"/>
      </object_component>
      <object_component id="oc-203">
         <name>.text.OLED_Printf</name>
         <load_address>0x5984</load_address>
         <readonly>true</readonly>
         <executable>true</executable>
         <run_address>0x5984</run_address>
         <size>0x2e</size>
         <alignment>0x2</alignment>
         <input_file_ref idref="fl-18"/>
      </object_component>
      <object_component id="oc-3a">
         <name>.text.ADC0_IRQHandler</name>
         <load_address>0x59b4</load_address>
[...]
         <value>0x0</value>
      </symbol>
      <symbol id="sm-38a">
         <name>__TI_ATRegion1_region_sz</name>
         <value>0x0</value>
      </symbol>
      <symbol id="sm-38b">
         <name>__TI_ATRegion2_src_addr</name>
         <value>0x0</value>
      </symbol>
      <symbol id="sm-38c">
         <name>__TI_ATRegion2_trg_addr</name>
         <value>0x0</value>
      </symbol>
      <symbol id="sm-38d">
         <name>__TI_ATRegion2_region_sz</name>
         <value>0x0</value>
      </symbol>
      <symbol id="sm-398">
         <name>DL_ADC12_setClockConfig</name>
         <value>0x5325</value>
         <object_component_ref idref="oc-17c"/>
      </symbol>
      <symbol id="sm-3a1">
         <name>DL_Common_delayCycles</name>
         <value>0x5f99</value>
         <object_component_ref idref="oc-154"/>
      </symbol>
      <symbol id="sm-3bd">
         <name>DL_Timer_setClockConfig</name>
         <value>0x5d29</value>
         <object_component_ref idref="oc-161"/>
      </symbol>
      <symbol id="sm-3be">
         <name>DL_Timer_initTimerMode</name>
         <value>0x30ad</value>
         <object_component_ref idref="oc-16e"/>
      </symbol>
      <symbol id="sm-3bf">
         <name>DL_Timer_setCaptureCompareValue</name>
         <value>0x5ead</value>
         <object_component_ref idref="oc-16a"/>
      </symbol>
      <symbol id="sm-3c0">
         <name>DL_Timer_setCaptCompUpdateMethod</name>
         <value>0x5d0d</value>
         <object_component_ref idref="oc-169"/>
      </symbol>
      <symbol id="sm-3c1">
         <name>DL_Timer_setCaptureCompareOutCtl</name>
         <value>0x5dad</value>
         <object_component_ref idref="oc-168"/>
      </symbol>
      <symbol id="sm-3c2">
         <name>DL_Timer_initFourCCPWMMode</name>
         <value>0x2ea9</value>
         <object_component_ref idref="oc-167"/>
      </symbol>
      <symbol id="sm-3cf">
         <name>DL_UART_init</name>
         <value>0x50b1</value>
         <object_component_ref idref="oc-177"/>
      </symbol>
      <symbol id="sm-3d0">
         <name>DL_UART_setClockConfig</name>
         <value>0x5e75</value>
         <object_component_ref idref="oc-171"/>
      </symbol>
      <symbol id="sm-3e1">
         <name>DL_SYSCTL_configSYSPLL</name>
         <value>0x3541</value>
         <object_component_ref idref="oc-158"/>
      </symbol>
      <symbol id="sm-3e2">
         <name>DL_SYSCTL_switchMCLKfromSYSOSCtoHSCLK</name>
         <value>0x5259</value>
         <object_component_ref idref="oc-15f"/>
      </symbol>
      <symbol id="sm-3e3">
         <name>DL_SYSCTL_configFCC</name>
         <value>0x5cf1</value>
         <object_component_ref idref="oc-228"/>
      </symbol>
      <symbol id="sm-3f7">
         <name>snprintf</name>
         <value>0x5189</value>
         <object_component_ref idref="oc-1f8"/>
      </symbol>
      <symbol id="sm-408">
         <name>vsnprintf</name>
         <value>0x53a5</value>
         <object_component_ref idref="oc-286"/>
      </symbol>
      <symbol id="sm-410">
         <name>strcmp</name>
         <value>0x4371</value>
         <object_component_ref idref="oc-2b4"/>
      </symbol>
      <symbol id="sm-41b">
         <name>_c_int00_noargs</name>
         <value>0x5b35</value>
         <object_component_ref idref="oc-6b"/>
      </symbol>
      <symbol id="sm-41c">
         <name>__stack</name>
         <value>0x20207e00</value>
         <object_component_ref idref="oc-1a"/>
      </symbol>
      <symbol id="sm-428">
         <name>__TI_auto_init_nobinit_nopinit</name>
         <value>0x5551</value>
         <object_component_ref idref="oc-d7"/>
      </symbol>
      <symbol id="sm-430">
         <name>_system_pre_init</name>
         <value>0x6039</value>
         <object_component_ref idref="oc-91"/>
      </symbol>
      <symbol id="sm-43b">
         <name>__TI_zero_init</name>
         <value>0x5edd</value>
         <object_component_ref idref="oc-68"/>
      </symbol>
      <symbol id="sm-444">
         <name>__TI_decompress_none</name>
         <value>0x5e99</value>
         <object_component_ref idref="oc-20"/>
      </symbol>
      <symbol id="sm-44f">
         <name>__TI_decompress_lzss</name>
         <value>0x4575</value>
         <object_component_ref idref="oc-1c"/>
      </symbol>
      <symbol id="sm-49d">
         <name>__TI_printfi</name>
         <value>0xc1</value>
         <object_component_ref idref="oc-2af"/>
      </symbol>
      <symbol id="sm-4a8">
         <name>__aeabi_errno_addr</name>
         <value>0x6021</value>
         <object_component_ref idref="oc-2d2"/>
      </symbol>
      <symbol id="sm-4a9">
         <name>__aeabi_errno</name>
         <value>0x20200a04</value>
         <object_component_ref idref="oc-2f8"/>
      </symbol>
      <symbol id="sm-4b3">
         <name>abort</name>
         <value>0x436b</value>
         <object_component_ref idref="oc-d0"/>
      </symbol>
      <symbol id="sm-4bd">
         <name>__TI_ltoa</name>
         <value>0x4e71</value>
         <object_component_ref idref="oc-312"/>
      </symbol>
      <symbol id="sm-4c9">
         <name>atoi</name>
         <value>0x52e1</value>
         <object_component_ref idref="oc-2ca"/>
      </symbol>
      <symbol id="sm-4d3">
         <name>memccpy</name>
         <value>0x5bf1</value>
         <object_component_ref idref="oc-2c3"/>
      </symbol>
      <symbol id="sm-4de">
         <name>frexp</name>
         <value>0x4cad</value>
         <object_component_ref idref="oc-306"/>
      </symbol>
      <symbol id="sm-4df">
         <name>frexpl</name>
         <value>0x4cad</value>
         <object_component_ref idref="oc-306"/>
      </symbol>
      <symbol id="sm-4e9">
         <name>scalbn</name>
         <value>0x361d</value>
         <object_component_ref idref="oc-30a"/>
      </symbol>
      <symbol id="sm-4ea">
         <name>ldexp</name>
         <value>0x361d</value>
         <object_component_ref idref="oc-30a"/>
      </symbol>
      <symbol id="sm-4eb">
         <name>scalbnl</name>
         <value>0x361d</value>
         <object_component_ref idref="oc-30a"/>
      </symbol>
      <symbol id="sm-4ec">
         <name>ldexpl</name>
         <value>0x361d</value>
         <object_component_ref idref="oc-30a"/>
      </symbol>
      <symbol id="sm-4f5">
         <name>wcslen</name>
         <value>0x5ecd</value>
         <object_component_ref idref="oc-2ce"/>
      </symbol>
      <symbol id="sm-4fb">
         <name>__aeabi_ctype_table_</name>
         <value>0x6b80</value>
         <object_component_ref idref="oc-2f1"/>
      </symbol>
      <symbol id="sm-4fc">
         <name>__aeabi_ctype_table_C</name>
         <value>0x6b80</value>
         <object_component_ref idref="oc-2f1"/>
      </symbol>
      <symbol id="sm-507">
         <name>HOSTexit</name>
         <value>0x6031</value>
         <object_component_ref idref="oc-143"/>
      </symbol>
      <symbol id="sm-508">
         <name>C$$EXIT</name>
         <value>0x6030</value>
         <object_component_ref idref="oc-143"/>
      </symbol>
      <symbol id="sm-51d">
         <name>__aeabi_fadd</name>
         <value>0x3703</value>
         <object_component_ref idref="oc-259"/>
      </symbol>
      <symbol id="sm-51e">
         <name>__addsf3</name>
         <value>0x3703</value>
         <object_component_ref idref="oc-259"/>
      </symbol>
      <symbol id="sm-51f">
         <name>__aeabi_fsub</name>
         <value>0x36f9</value>
         <object_component_ref idref="oc-259"/>
      </symbol>
      <symbol id="sm-520">
         <name>__subsf3</name>
         <value>0x36f9</value>
         <object_component_ref idref="oc-259"/>
      </symbol>
      <symbol id="sm-526">
         <name>__aeabi_dadd</name>
         <value>0x25df</value>
         <object_component_ref idref="oc-31a"/>
      </symbol>
      <symbol id="sm-527">
         <name>__adddf3</name>
         <value>0x25df</value>
         <object_component_ref idref="oc-31a"/>
      </symbol>
      <symbol id="sm-528">
         <name>__aeabi_dsub</name>
         <value>0x25d5</value>
         <object_component_ref idref="oc-31a"/>
      </symbol>
      <symbol id="sm-529">
         <name>__subdf3</name>
         <value>0x25d5</value>
         <object_component_ref idref="oc-31a"/>
      </symbol>
      <symbol id="sm-532">
         <name>__aeabi_fmul</name>
         <value>0x4255</value>
         <object_component_ref idref="oc-1f0"/>
      </symbol>
      <symbol id="sm-533">
         <name>__mulsf3</name>
         <value>0x4255</value>
         <object_component_ref idref="oc-1f0"/>
      </symbol>
      <symbol id="sm-539">
         <name>__aeabi_fdiv</name>
         <value>0x43f9</value>
         <object_component_ref idref="oc-268"/>
      </symbol>
      <symbol id="sm-53a">
         <name>__divsf3</name>
         <value>0x43f9</value>
         <object_component_ref idref="oc-268"/>
      </symbol>
      <symbol id="sm-540">
         <name>__aeabi_d2iz</name>
         <value>0x5065</value>
         <object_component_ref idref="oc-30e"/>
      </symbol>
      <symbol id="sm-541">
         <name>__fixdfsi</name>
         <value>0x5065</value>
         <object_component_ref idref="oc-30e"/>
      </symbol>
      <symbol id="sm-547">
         <name>__aeabi_f2iz</name>
         <value>0x5755</value>
         <object_component_ref idref="oc-1f4"/>
      </symbol>
      <symbol id="sm-548">
         <name>__fixsfsi</name>
         <value>0x5755</value>
         <object_component_ref idref="oc-1f4"/>
      </symbol>
      <symbol id="sm-54e">
         <name>__aeabi_l2f</name>
         <value>0x4fc9</value>
         <object_component_ref idref="oc-272"/>
      </symbol>
      <symbol id="sm-54f">
         <name>__floatdisf</name>
         <value>0x4fc9</value>
         <object_component_ref idref="oc-272"/>
      </symbol>
      <symbol id="sm-555">
         <name>__aeabi_i2d</name>
         <value>0x5a91</value>
         <object_component_ref idref="oc-316"/>
      </symbol>
      <symbol id="sm-556">
         <name>__floatsidf</name>
         <value>0x5a91</value>
         <object_component_ref idref="oc-316"/>
      </symbol>
      <symbol id="sm-55c">
         <name>__aeabi_i2f</name>
         <value>0x558d</value>
         <object_component_ref idref="oc-260"/>
      </symbol>
      <symbol id="sm-55d">
         <name>__floatsisf</name>
         <value>0x558d</value>
         <object_component_ref idref="oc-260"/>
      </symbol>
      <symbol id="sm-563">
         <name>__aeabi_ui2f</name>
         <value>0x5b5d</value>
         <object_component_ref idref="oc-264"/>
      </symbol>
      <symbol id="sm-564">
         <name>__floatunsisf</name>
         <value>0x5b5d</value>
         <object_component_ref idref="oc-264"/>
      </symbol>
      <symbol id="sm-56a">
         <name>__aeabi_lmul</name>
         <value>0x5bcd</value>
         <object_component_ref idref="oc-26e"/>
      </symbol>
      <symbol id="sm-56b">
         <name>__muldi3</name>
         <value>0x5bcd</value>
         <object_component_ref idref="oc-26e"/>
      </symbol>
      <symbol id="sm-57c">
         <name>__ledf2</name>
         <value>0x49f9</value>
         <object_component_ref idref="oc-303"/>
      </symbol>
      <symbol id="sm-57d">
         <name>__gedf2</name>
         <value>0x47d5</value>
         <object_component_ref idref="oc-304"/>
      </symbol>
      <symbol id="sm-57e">
         <name>__unorddf2</name>
         <value>0x5925</value>
         <object_component_ref idref="oc-2dc"/>
      </symbol>
      <symbol id="sm-57f">
         <name>__cmpdf2</name>
         <value>0x49f9</value>
         <object_component_ref idref="oc-303"/>
      </symbol>
      <symbol id="sm-580">
         <name>__eqdf2</name>
         <value>0x49f9</value>
         <object_component_ref idref="oc-303"/>
      </symbol>
      <symbol id="sm-581">
         <name>__ltdf2</name>
         <value>0x49f9</value>
         <object_component_ref idref="oc-303"/>
      </symbol>
      <symbol id="sm-582">
         <name>__nedf2</name>
         <value>0x49f9</value>
         <object_component_ref idref="oc-303"/>
      </symbol>
      <symbol id="sm-583">
         <name>__gtdf2</name>
         <value>0x47d5</value>
         <object_component_ref idref="oc-304"/>
      </symbol>
      <symbol id="sm-584">
         <name>__aeabi_dcmpun</name>
         <value>0x5925</value>
         <object_component_ref idref="oc-2dc"/>
      </symbol>
      <symbol id="sm-58a">
         <name>__aeabi_dcmpeq</name>
         <value>0x4d09</value>
         <object_component_ref idref="oc-2e2"/>
      </symbol>
      <symbol id="sm-58b">
         <name>__aeabi_dcmplt</name>
         <value>0x4d1b</value>
         <object_component_ref idref="oc-2e2"/>
      </symbol>
      <symbol id="sm-58c">
         <name>__aeabi_dcmple</name>
         <value>0x4d2d</value>
         <object_component_ref idref="oc-2e2"/>
      </symbol>
      <symbol id="sm-58d">
         <name>__aeabi_dcmpge</name>
         <value>0x4d3f</value>
         <object_component_ref idref="oc-2e2"/>
      </symbol>
      <symbol id="sm-58e">
         <name>__aeabi_dcmpgt</name>
         <value>0x4d51</value>
         <object_component_ref idref="oc-2e2"/>
      </symbol>
      <symbol id="sm-598">
         <name>__aeabi_ddiv_fast</name>
         <value>0x6011</value>
         <object_component_ref idref="oc-344"/>
      </symbol>
      <symbol id="sm-5a2">
         <name>__aeabi_dmul_fast</name>
         <value>0x6019</value>
         <object_component_ref idref="oc-33d"/>
      </symbol>
      <symbol id="sm-5a8">
         <name>__aeabi_fcmpeq</name>
         <value>0x4d65</value>
         <object_component_ref idref="oc-246"/>
      </symbol>
      <symbol id="sm-5a9">
         <name>__aeabi_fcmplt</name>
         <value>0x4d77</value>
         <object_component_ref idref="oc-246"/>
      </symbol>
      <symbol id="sm-5aa">
         <name>__aeabi_fcmple</name>
         <value>0x4d89</value>
         <object_component_ref idref="oc-246"/>
      </symbol>
      <symbol id="sm-5ab">
         <name>__aeabi_fcmpge</name>
         <value>0x4d9b</value>
         <object_component_ref idref="oc-246"/>
      </symbol>
      <symbol id="sm-5ac">
         <name>__aeabi_fcmpgt</name>
         <value>0x4dad</value>
         <object_component_ref idref="oc-246"/>
      </symbol>
      <symbol id="sm-5b2">
         <name>__aeabi_idiv</name>
         <value>0x4f21</value>
         <object_component_ref idref="oc-334"/>
      </symbol>
      <symbol id="sm-5b3">
         <name>__aeabi_idivmod</name>
         <value>0x4f21</value>
         <object_component_ref idref="oc-334"/>
      </symbol>
      <symbol id="sm-5b9">
         <name>__aeabi_uidiv</name>
         <value>0x53e5</value>
         <object_component_ref idref="oc-229"/>
      </symbol>
      <symbol id="sm-5ba">
         <name>__aeabi_uidivmod</name>
         <value>0x53e5</value>
         <object_component_ref idref="oc-229"/>
      </symbol>
      <symbol id="sm-5c0">
         <name>__aeabi_uldivmod</name>
         <value>0x5e61</value>
         <object_component_ref idref="oc-2d8"/>
      </symbol>
      <symbol id="sm-5c6">
         <name>__aeabi_memcpy</name>
         <value>0x6029</value>
         <object_component_ref idref="oc-5b"/>
      </symbol>
      <symbol id="sm-5c7">
         <name>__aeabi_memcpy4</name>
         <value>0x6029</value>
         <object_component_ref idref="oc-5b"/>
      </symbol>
      <symbol id="sm-5c8">
         <name>__aeabi_memcpy8</name>
         <value>0x6029</value>
         <object_component_ref idref="oc-5b"/>
      </symbol>
      <symbol id="sm-5ce">
         <name>__aeabi_memset</name>
         <value>0x5d61</value>
         <object_component_ref idref="oc-8d"/>
      </symbol>
      <symbol id="sm-5cf">
         <name>__aeabi_memset4</name>
         <value>0x5d61</value>
         <object_component_ref idref="oc-8d"/>
      </symbol>
      <symbol id="sm-5d0">
         <name>__aeabi_memset8</name>
         <value>0x5d61</value>
         <object_component_ref idref="oc-8d"/>
      </symbol>
      <symbol id="sm-5d1">
         <name>__aeabi_memclr</name>
         <value>0x5d6f</value>
         <object_component_ref idref="oc-8d"/>
      </symbol>
      <symbol id="sm-5d2">
         <name>__aeabi_memclr4</name>
         <value>0x5d6f</value>
         <object_component_ref idref="oc-8d"/>
      </symbol>
      <symbol id="sm-5d3">
         <name>__aeabi_memclr8</name>
         <value>0x5d6f</value>
         <object_component_ref idref="oc-8d"/>
      </symbol>
      <symbol id="sm-5d9">
         <name>__eqsf2</name>
         <value>0x41c9</value>
         <object_component_ref idref="oc-296"/>
      </symbol>
      <symbol id="sm-5da">
         <name>__lesf2</name>
         <value>0x41c9</value>
         <object_component_ref idref="oc-296"/>
      </symbol>
      <symbol id="sm-5db">
         <name>__ltsf2</name>
         <value>0x41c9</value>
         <object_component_ref idref="oc-296"/>
      </symbol>
      <symbol id="sm-5dc">
         <name>__nesf2</name>
         <value>0x41c9</value>
         <object_component_ref idref="oc-296"/>
      </symbol>
      <symbol id="sm-5dd">
         <name>__cmpsf2</name>
         <value>0x41c9</value>
         <object_component_ref idref="oc-296"/>
      </symbol>
      <symbol id="sm-5de">
         <name>__gtsf2</name>
         <value>0x4203</value>
         <object_component_ref idref="oc-296"/>
      </symbol>
      <symbol id="sm-5df">
         <name>__gesf2</name>
         <value>0x4203</value>
         <object_component_ref idref="oc-296"/>
      </symbol>
      <symbol id="sm-5e0">
         <name>__unordsf2</name>
         <value>0x423f</value>
         <object_component_ref idref="oc-296"/>
      </symbol>
      <symbol id="sm-5e1">
         <name>__aeabi_fcmpun</name>
         <value>0x423f</value>
         <object_component_ref idref="oc-296"/>
      </symbol>
      <symbol id="sm-5e7">
         <name>__udivmoddi4</name>
         <value>0x3a19</value>
         <object_component_ref idref="oc-2fc"/>
      </symbol>
      <symbol id="sm-5ed">
         <name>__muldsi3</name>
         <value>0x55c9</value>
         <object_component_ref idref="oc-27b"/>
      </symbol>
      <symbol id="sm-5f3">
         <name>__aeabi_llsl</name>
         <value>0x5cb5</value>
         <object_component_ref idref="oc-328"/>
      </symbol>
      <symbol id="sm-5f4">
         <name>__ashldi3</name>
         <value>0x5cb5</value>
         <object_component_ref idref="oc-328"/>
      </symbol>
      <symbol id="sm-600">
         <name>__aeabi_idiv0</name>
         <value>0x447b</value>
         <object_component_ref idref="oc-28d"/>
      </symbol>
      <symbol id="sm-601">
         <name>__aeabi_ldiv0</name>
         <value>0x466b</value>
         <object_component_ref idref="oc-327"/>
      </symbol>
      <symbol id="sm-60b">
         <name>__divdf3_fast</name>
         <value>0x124d</value>
         <object_component_ref idref="oc-357"/>
      </symbol>
      <symbol id="sm-615">
         <name>__muldf3_fast</name>
         <value>0x2089</value>
         <object_component_ref idref="oc-34d"/>
      </symbol>
      <symbol id="sm-62f">
         <name>memcpy</name>
         <value>0x3c99</value>
         <object_component_ref idref="oc-b7"/>
      </symbol>
      <symbol id="sm-63e">
         <name>memset</name>
         <value>0x4b91</value>
         <object_component_ref idref="oc-ef"/>
      </symbol>
      <symbol id="sm-63f">
         <name>__TI_static_base__</name>
         <value>0x0</value>
      </symbol>
      <symbol id="sm-643">
         <name>__mpu_init</name>
         <value>0x0</value>
      </symbol>
      <symbol id="sm-644">
         <name>_system_post_cinit</name>
         <value>0x0</value>
      </symbol>
   </symbol_table>
   <title>Link successful</title>
</link_info>
