******************************************************************************
            TI ARM Clang Linker PC v5.1.1                      
******************************************************************************
>> Linked Fri Jul 24 11:23:12 2026

OUTPUT FILE NAME:   <empty_LP_MSPM0G3507_nortos_ticlang.out>
ENTRY POINT SYMBOL: "_c_int00_noargs"  address: 00003149


MEMORY CONFIGURATION

         name            origin    length      used     unused   attr    fill
----------------------  --------  ---------  --------  --------  ----  --------
  FLASH                 00000000   00020000  000038b0  0001c750  R  X
  SRAM                  20200000   00008000  0000074e  000078b2  RW X
  BCR_CONFIG            41c00000   000000ff  00000000  000000ff  R   
  BSL_CONFIG            41c00100   00000080  00000000  00000080  R   


SEGMENT ALLOCATION MAP

run origin  load origin   length   init length attrs members
----------  ----------- ---------- ----------- ----- -------
00000000    00000000    000038b0   000038b0    r-x
  00000000    00000000    000000c0   000000c0    r-- .intvecs
  000000c0    000000c0    00003430   00003430    r-x .text
  000034f0    000034f0    00000390   00000390    r-- .rodata
  00003880    00003880    00000030   00000030    r-- .cinit
20200000    20200000    00000551   00000000    rw-
  20200000    20200000    00000549   00000000    rw- .bss
  2020054c    2020054c    00000005   00000000    rw- .data
20207e00    20207e00    00000200   00000000    rw-
  20207e00    20207e00    00000200   00000000    rw- .stack


SECTION ALLOCATION MAP

 output                                  attributes/
section   page    origin      length       input sections
--------  ----  ----------  ----------   ----------------
.intvecs   0    00000000    000000c0     
                  00000000    000000c0     startup_mspm0g350x_ticlang.o (.intvecs)

.text      0    000000c0    00003430     
                  000000c0    000008dc     libc.a : _printfi.c.obj (.text:__TI_printfi_nofloat)
                  0000099c    0000042c     line_sensor.o (.text.LineSensor_Sample)
                  00000dc8    000002e4     imu.o (.text.IMU_Update)
                  000010ac    00000182     pid.o (.text.PID_Update)
                  0000122e    00000002     bsp_board.o (.text.BSP_Board_Init)
                  00001230    00000138     bsp_uart.o (.text.BSP_UART_TryWrite)
                  00001368    00000128     imu.o (.text.IMU_PushRxByte)
                  00001490    0000011c     bsp_imu_uart.o (.text.BSP_IMU_UART_TryWrite)
                  000015ac    0000010c     bsp_uart.o (.text.BSP_UART_IRQHandler)
                  000016b8    00000100     bsp_line_adc.o (.text.BSP_LineADC_Read)
                  000017b8    000000fc     driverlib.a : dl_timer.o (.text.DL_Timer_initTimerMode)
                  000018b4    000000dc     app_debug.o (.text.App_Debug_Task)
                  00001990    000000d8     libclang_rt.builtins.a : addsf3.S.obj (.text)
                  00001a68    000000d0     bsp_imu_uart.o (.text.BSP_IMU_UART_IRQHandler)
                  00001b38    000000a2     libclang_rt.builtins.a : udivmoddi4.S.obj (.text)
                  00001bda    0000009c     vehicle_mixer.o (.text.VehicleMixer_Mix)
                  00001c76    0000009a     libc.a : memcpy16.S.obj (.text:memcpy)
                  00001d10    00000098     bsp_line_adc.o (.text.BSP_LineADC_Init)
                  00001da8    00000098     imu.o (.text.IMU_Init)
                  00001e40    00000098     line_control.o (.text.LineControl_Update)
                  00001ed8    0000008c     ti_msp_dl_config.o (.text.SYSCFG_DL_HC05_UART_init)
                  00001f64    0000008c     ti_msp_dl_config.o (.text.SYSCFG_DL_IMU_UART_init)
                  00001ff0    0000008c     libclang_rt.builtins.a : comparesf2.S.obj (.text)
                  0000207c    0000008c                            : mulsf3.S.obj (.text)
                  00002108    0000008a     app_debug.o (.text.App_Debug_PollCommands)
                  00002192    00000002     bsp_encoder.o (.text.BSP_Encoder_Init)
                  00002194    00000082     libclang_rt.builtins.a : divsf3.S.obj (.text)
                  00002216    00000002     bsp_encoder.o (.text.BSP_Encoder_ResetCounts)
                  00002218    0000007c     ti_msp_dl_config.o (.text.SYSCFG_DL_LINE_ADC1_init)
                  00002294    0000007c     libc.a : copy_decompress_lzss.c.obj (.text:decompress:lzss)
                  00002310    0000007a     tb6612.o (.text.TB6612_SetSignedDuty)
                  0000238a    00000002     bsp_tb6612.o (.text.BSP_TB6612_Init)
                  0000238c    00000078     motor.o (.text.Motor_Update)
                  00002404    00000074     encoder.o (.text.update_one)
                  00002478    00000070     ti_msp_dl_config.o (.text.SYSCFG_DL_LINE_ADC0_init)
                  000024e8    0000006c     bsp_uart.o (.text.BSP_UART_Init)
                  00002554    0000006c     speed_control.o (.text.SpeedControl_Init)
                  000025c0    00000064     app_car.o (.text.App_Car_ControlTask5ms)
                  00002624    00000062     libc.a : memset16.S.obj (.text:memset)
                  00002686    00000002     bsp_tb6612.o (.text.BSP_TB6612_SetInputs)
                  00002688    00000060     app_scheduler.o (.text.App_Scheduler_Run)
                  000026e8    00000060     ti_msp_dl_config.o (.text.SYSCFG_DL_initPower)
                  00002748    0000005e     tb6612.o (.text.TB6612_StopAll)
                  000027a6    00000002     bsp_tb6612.o (.text.BSP_TB6612_SetPwmPermille)
                  000027a8    0000005c     bsp_imu_uart.o (.text.BSP_IMU_UART_Init)
                  00002804    0000005a     libclang_rt.builtins.a : aeabi_fcmp.S.obj (.text)
                  0000285e    00000002     bsp_tb6612.o (.text.BSP_TB6612_SetStandby)
                  00002860    00000058     line_control.o (.text.LineControl_Init)
                  000028b8    00000058     speed_control.o (.text.SpeedControl_Update)
                  00002910    0000004e     libclang_rt.builtins.a : floatdisf.S.obj (.text)
                  0000295e    00000002     startup_mspm0g350x_ticlang.o (.text.Default_Handler)
                  00002960    00000048     driverlib.a : dl_uart.o (.text.DL_UART_init)
                  000029a8    00000048     encoder.o (.text.Encoder_Init)
                  000029f0    00000048     line_sensor.o (.text.LineSensor_Init)
                  00002a38    00000048     libc.a : snprintf.c.obj (.text.snprintf)
                  00002a80    00000044     app_car.o (.text.App_Car_Start)
                  00002ac4    00000044     encoder.o (.text.Encoder_Reset)
                  00002b08    00000044     libc.a : atoi.c.obj (.text.atoi)
                  00002b4c    00000040     driverlib.a : dl_adc12.o (.text.DL_ADC12_setClockConfig)
                  00002b8c    00000040     ti_msp_dl_config.o (.text.SYSCFG_DL_SYSCTL_init)
                  00002bcc    00000040     libclang_rt.builtins.a : aeabi_uidivmod.S.obj (.text)
                  00002c0c    0000003c     app_car.o (.text.App_Car_Init)
                  00002c48    0000003c     bsp_time.o (.text.BSP_Time_Init)
                  00002c84    0000003c     motor.o (.text.Motor_SetTargetPermille)
                  00002cc0    0000003c     libc.a : autoinit.c.obj (.text:__TI_auto_init_nobinit_nopinit)
                  00002cfc    0000003c     libclang_rt.builtins.a : floatsisf.S.obj (.text)
                  00002d38    0000003a                            : muldsi3.S.obj (.text)
                  00002d72    00000002                            : aeabi_div0.c.obj (.text.__aeabi_idiv0)
                  00002d74    00000038     app_car.o (.text.App_Car_StateTask10ms)
                  00002dac    00000038     app_scheduler.o (.text.App_Scheduler_Init)
                  00002de4    00000038     bsp_imu_uart.o (.text.BSP_IMU_UART_TryReadByte)
                  00002e1c    00000038     bsp_uart.o (.text.BSP_UART_TryReadByte)
                  00002e54    00000038     encoder.o (.text.Encoder_Update)
                  00002e8c    00000038     ti_msp_dl_config.o (.text.SYSCFG_DL_TICK_TIMER_init)
                  00002ec4    00000038     tb6612.o (.text.TB6612_Enable)
                  00002efc    00000038     libclang_rt.builtins.a : fixsfsi.S.obj (.text)
                  00002f34    00000036     pid.o (.text.PID_SetIntegralLimits)
                  00002f6a    00000036     tb6612.o (.text.TB6612_Init)
                  00002fa0    00000034     pid.o (.text.PID_SetDerivativeFilter)
                  00002fd4    00000034     speed_control.o (.text.SpeedControl_Reset)
                  00003008    00000032     libc.a : snprintf.c.obj (.text._outs)
                  0000303a    00000002     libclang_rt.builtins.a : aeabi_div0.c.obj (.text.__aeabi_ldiv0)
                  0000303c    00000030     app_car.o (.text.App_Car_SensorTask1ms)
                  0000306c    00000030     motor.o (.text.Motor_Enable)
                  0000309c    0000002c     bsp_line_adc.o (.text.ADC0_IRQHandler)
                  000030c8    0000002c     bsp_line_adc.o (.text.ADC1_IRQHandler)
                  000030f4    0000002c     line_sensor.o (.text.LineSensor_StartCalibration)
                  00003120    00000028     pid.o (.text.PID_Init)
                  00003148    00000028     libc.a : boot_cortex_m.c.obj (.text:_c_int00_noargs)
                  00003170    00000028     libclang_rt.builtins.a : floatunsisf.S.obj (.text)
                  00003198    00000024     ti_msp_dl_config.o (.text.SYSCFG_DL_init)
                  000031bc    00000024     libclang_rt.builtins.a : muldi3.S.obj (.text)
                  000031e0    00000022     libc.a : memccpy.c.obj (.text.memccpy)
                  00003202    00000002     --HOLE-- [fill = 0]
                  00003204    00000020     app_car.o (.text.App_Car_Stop)
                  00003224    00000020     motor.o (.text.Motor_EmergencyStop)
                  00003244    00000020     motor.o (.text.Motor_Init)
                  00003264    0000001e     libclang_rt.builtins.a : ashldi3.S.obj (.text)
                  00003282    00000002     --HOLE-- [fill = 0]
                  00003284    0000001c     driverlib.a : dl_timer.o (.text.DL_Timer_setClockConfig)
                  000032a0    0000001c     bsp_time.o (.text.TIMG0_IRQHandler)
                  000032bc    0000001a     empty.o (.text.main)
                  000032d6    00000002     --HOLE-- [fill = 0]
                  000032d8    0000001a     libclang_rt.builtins.a : aeabi_memset.S.obj (.text)
                  000032f2    00000002     --HOLE-- [fill = 0]
                  000032f4    00000018     app_car.o (.text.App_Car_EmergencyStop)
                  0000330c    00000018     app_car.o (.text.App_Car_StartCalibration)
                  00003324    00000018     imu.o (.text.IMU_StartGyroCalibration)
                  0000333c    00000018     line_control.o (.text.LineControl_Reset)
                  00003354    00000018     ti_msp_dl_config.o (.text.SYSCFG_DL_GPIO_init)
                  0000336c    00000018     libc.a : snprintf.c.obj (.text._outc)
                  00003384    00000014     app_car.o (.text.App_Car_FinishCalibration)
                  00003398    00000014     libclang_rt.builtins.a : aeabi_uldivmod.S.obj (.text)
                  000033ac    00000012     driverlib.a : dl_uart.o (.text.DL_UART_setClockConfig)
                  000033be    00000012     libc.a : copy_decompress_none.c.obj (.text:decompress:none)
                  000033d0    00000010     pid.o (.text.PID_Reset)
                  000033e0    00000010     libc.a : wcslen.c.obj (.text.wcslen)
                  000033f0    00000010            : copy_zero_init.c.obj (.text:decompress:ZI)
                  00003400    0000000e            : _printfi.c.obj (.text.strlen)
                  0000340e    00000002     --HOLE-- [fill = 0]
                  00003410    0000000c     app_car.o (.text.App_Car_GetState)
                  0000341c    0000000c     bsp_imu_uart.o (.text.BSP_IMU_UART_GetRxOverflowCount)
                  00003428    0000000c     bsp_time.o (.text.BSP_Time_GetMs)
                  00003434    0000000c     imu.o (.text.IMU_ResetYaw)
                  00003440    0000000c     line_sensor.o (.text.LineSensor_FinishCalibration)
                  0000344c    0000000c     line_sensor.o (.text.LineSensor_IsCalibrating)
                  00003458    0000000c     motor.o (.text.Motor_ClearEmergencyStop)
                  00003464    0000000c     motor.o (.text.Motor_SetStopMode)
                  00003470    0000000a     driverlib.a : dl_common.o (.text.DL_Common_delayCycles)
                  0000347a    00000008     app_debug.o (.text.App_Debug_Init)
                  00003482    00000002     --HOLE-- [fill = 0]
                  00003484    00000008     encoder.o (.text.Encoder_GetLeft)
                  0000348c    00000008     encoder.o (.text.Encoder_GetRight)
                  00003494    00000008     imu.o (.text.IMU_GetData)
                  0000349c    00000008     imu.o (.text.IMU_GetDiagnostics)
                  000034a4    00000008     line_sensor.o (.text.LineSensor_GetData)
                  000034ac    00000008     motor.o (.text.Motor_GetStatus)
                  000034b4    00000008     bsp_imu_uart.o (.text.UART0_IRQHandler)
                  000034bc    00000008     bsp_uart.o (.text.UART1_IRQHandler)
                  000034c4    00000008     libc.a : aeabi_portable.c.obj (.text.__aeabi_errno_addr)
                  000034cc    00000008     libclang_rt.builtins.a : aeabi_memcpy.S.obj (.text)
                  000034d4    00000006     libc.a : exit.c.obj (.text:abort)
                  000034da    00000004     bsp_encoder.o (.text.BSP_Encoder_GetLeftCount)
                  000034de    00000004     bsp_encoder.o (.text.BSP_Encoder_GetRightCount)
                  000034e2    00000004     libsysbm.a : hostexit.c.obj (.text.HOSTexit)
                  000034e6    00000004     startup_mspm0g350x_ticlang.o (.text.Reset_Handler)
                  000034ea    00000004     libc.a : pre_init.c.obj (.text._system_pre_init)
                  000034ee    00000002     --HOLE-- [fill = 0]

.cinit     0    00003880    00000030     
                  00003880    0000000c     (__TI_handler_table)
                  0000388c    00000008     (.cinit..bss.load) [load image, compression = zero_init]
                  00003894    00000007     (.cinit..data.load) [load image, compression = lzss]
                  0000389b    00000001     --HOLE-- [fill = 0]
                  0000389c    00000010     (__TI_cinit_table)
                  000038ac    00000004     --HOLE-- [fill = 0]

.rodata    0    000034f0    00000390     
                  000034f0    00000200     imu.o (.rodata..L.crctable)
                  000036f0    00000101     libc.a : aeabi_ctype.S.obj (.rodata:__aeabi_ctype_table_)
                  000037f1    0000002d     app_debug.o (.rodata.str1.9620717744555156545.1)
                  0000381e    00000002     ti_msp_dl_config.o (.rodata.gHC05_UARTClockConfig)
                  00003820    00000014     ti_msp_dl_config.o (.rodata.gTICK_TIMERTimerConfig)
                  00003834    00000011     libc.a : _printfi.c.obj (.rodata.str1.10348868589481759720.1)
                  00003845    00000011            : _printfi.c.obj (.rodata.str1.15363888844622738466.1)
                  00003856    0000000a     ti_msp_dl_config.o (.rodata.gHC05_UARTConfig)
                  00003860    0000000a     ti_msp_dl_config.o (.rodata.gIMU_UARTConfig)
                  0000386a    00000002     ti_msp_dl_config.o (.rodata.gIMU_UARTClockConfig)
                  0000386c    00000008     ti_msp_dl_config.o (.rodata.gLINE_ADC0ClockConfig)
                  00003874    00000008     ti_msp_dl_config.o (.rodata.gLINE_ADC1ClockConfig)
                  0000387c    00000003     ti_msp_dl_config.o (.rodata.gTICK_TIMERClockConfig)
                  0000387f    00000001     --HOLE-- [fill = 0]

.init_array 
*          0    00000000    00000000     UNINITIALIZED

.binit     0    00000000    00000000     

.bss       0    20200000    00000549     UNINITIALIZED
                  20200000    00000200     bsp_uart.o (.bss.g_txBuffer)
                  20200200    00000100     bsp_uart.o (.bss.g_rxBuffer)
                  20200300    00000040     bsp_imu_uart.o (.bss.g_rxBuffer)
                  20200340    00000034     speed_control.o (.bss.g_leftPid)
                  20200374    00000034     line_control.o (.bss.g_linePid)
                  202003a8    00000034     speed_control.o (.bss.g_rightPid)
                  202003dc    00000030     line_sensor.o (.bss.g_data)
                  2020040c    00000020     bsp_imu_uart.o (.bss.g_txBuffer)
                  2020042c    00000018     imu.o (.bss.g_data)
                  20200444    00000018     imu.o (.bss.g_diagnostics)
                  2020045c    00000018     speed_control.o (.bss.g_status)
                  20200474    00000014     encoder.o (.bss.g_left)
                  20200488    00000014     encoder.o (.bss.g_right)
                  2020049c    00000010     line_sensor.o (.bss.g_maximum)
                  202004ac    00000010     line_sensor.o (.bss.g_minimum)
                  202004bc    0000000a     imu.o (.bss.g_parser)
                  202004c6    00000002     imu.o (.bss.g_lastAngleRaw)
                  202004c8    0000000a     motor.o (.bss.g_status)
                  202004d2    00000002     imu.o (.bss.g_publishedAngleRaw)
                  202004d4    00000004     imu.o (.bss.g_calibrationSumDps)
                  202004d8    00000004     imu.o (.bss.g_configElapsedSeconds)
                  202004dc    00000004     imu.o (.bss.g_consumedSequence)
                  202004e0    00000004     bsp_line_adc.o (.bss.g_frameCount)
                  202004e4    00000004     bsp_uart.o (.bss.g_hardwareErrorCount)
                  202004e8    00000004     app_car.o (.bss.g_lastLineSeenMs)
                  202004ec    00000004     line_control.o (.bss.g_lastPosition)
                  202004f0    00000004     line_sensor.o (.bss.g_lastPosition)
                  202004f4    00000004     app_scheduler.o (.bss.g_nextControlMs)
                  202004f8    00000004     app_scheduler.o (.bss.g_nextDebugMs)
                  202004fc    00000004     app_scheduler.o (.bss.g_nextSensorMs)
                  20200500    00000004     app_scheduler.o (.bss.g_nextStateMs)
                  20200504    00000004     encoder.o (.bss.g_previousLeft)
                  20200508    00000004     encoder.o (.bss.g_previousRight)
                  2020050c    00000004     imu.o (.bss.g_publishedSequence)
                  20200510    00000004     bsp_line_adc.o (.bss.g_restartCount)
                  20200514    00000004     bsp_imu_uart.o (.bss.g_rxOverflowCount)
                  20200518    00000004     bsp_uart.o (.bss.g_rxOverflowCount)
                  2020051c    00000004     imu.o (.bss.g_sampleAgeSeconds)
                  20200520    00000004     bsp_time.o (.bss.g_timeMs)
                  20200524    00000004     bsp_uart.o (.bss.g_txRejectedCount)
                  20200528    00000004     bsp_line_adc.o (.bss.g_unexpectedIrqCount)
                  2020052c    00000004     bsp_line_adc.o (.bss.g_waitPolls)
                  20200530    00000002     imu.o (.bss.g_publishedDpsRaw)
                  20200532    00000002     bsp_imu_uart.o (.bss.g_rxHead)
                  20200534    00000002     bsp_uart.o (.bss.g_rxHead)
                  20200536    00000002     bsp_imu_uart.o (.bss.g_rxTail)
                  20200538    00000002     bsp_uart.o (.bss.g_rxTail)
                  2020053a    00000002     bsp_imu_uart.o (.bss.g_txHead)
                  2020053c    00000002     bsp_uart.o (.bss.g_txHead)
                  2020053e    00000002     bsp_imu_uart.o (.bss.g_txTail)
                  20200540    00000002     bsp_uart.o (.bss.g_txTail)
                  20200542    00000001     bsp_line_adc.o (.bss.g_adc0Done)
                  20200543    00000001     bsp_line_adc.o (.bss.g_adc1Done)
                  20200544    00000001     line_sensor.o (.bss.g_calibrating)
                  20200545    00000001     bsp_line_adc.o (.bss.g_conversionActive)
                  20200546    00000001     imu.o (.bss.g_haveLastAngle)
                  20200547    00000001     app_car.o (.bss.g_state)
                  20200548    00000001     imu.o (.bss.g_uartReady)

.data      0    2020054c    00000005     UNINITIALIZED
                  2020054c    00000004     libc.a : aeabi_portable.c.obj (.data.__aeabi_errno)
                  20200550    00000001     motor.o (.data.g_stopMode)

.stack     0    20207e00    00000200     UNINITIALIZED
                  20207e00    00000004     libc.a : boot_cortex_m.c.obj (.stack)
                  20207e04    000001fc     --HOLE--

__llvm_prf_cnts 
*          0    20200000    00000000     UNINITIALIZED

__llvm_prf_bits 
*          0    20200000    00000000     UNINITIALIZED

MODULE SUMMARY

       Module                         code    ro data   rw data
       ------                         ----    -------   -------
    .\
       ti_msp_dl_config.o             792     63        0      
       startup_mspm0g350x_ticlang.o   6       192       0      
       empty.o                        26      0         0      
    +--+------------------------------+-------+---------+---------+
       Total:                         824     255       0      
                                                               
    .\app\
       app_car.o                      444     0         5      
       app_debug.o                    366     45        0      
       app_scheduler.o                152     0         16     
    +--+------------------------------+-------+---------+---------+
       Total:                         962     45        21     
                                                               
    .\bsp\
       bsp_uart.o                     752     0         788    
       bsp_imu_uart.o                 660     0         108    
       bsp_line_adc.o                 496     0         19     
       bsp_time.o                     100     0         4      
       bsp_encoder.o                  12      0         0      
       bsp_tb6612.o                   8       0         0      
       bsp_board.o                    2       0         0      
    +--+------------------------------+-------+---------+---------+
       Total:                         2030    0         919    
                                                               
    .\control\
       pid.o                          548     0         0      
       speed_control.o                248     0         128    
       line_control.o                 264     0         56     
       vehicle_mixer.o                156     0         0      
    +--+------------------------------+-------+---------+---------+
       Total:                         1216    0         184    
                                                               
    .\drivers\
       imu.o                          1240    512       86     
       line_sensor.o                  1216    0         85     
       encoder.o                      328     0         48     
       motor.o                        324     0         11     
       tb6612.o                       326     0         0      
    +--+------------------------------+-------+---------+---------+
       Total:                         3434    512       230    
                                                               
    C:/ti/mspm0_sdk_2_11_00_07/source/ti/driverlib/lib/ticlang/m0p/mspm0g1x0x_g3x0x/driverlib.a
       dl_timer.o                     280     0         0      
       dl_uart.o                      90      0         0      
       dl_adc12.o                     64      0         0      
       dl_common.o                    10      0         0      
    +--+------------------------------+-------+---------+---------+
       Total:                         444     0         0      
                                                               
    C:\ti\ccs2100\ccs\tools\compiler\ti-cgt-armllvm_5.1.1.LTS\lib\armv6m-ti-none-eabi/c/libc.a
       _printfi.c.obj                 2282    34        0      
       aeabi_ctype.S.obj              0       257       0      
       memcpy16.S.obj                 154     0         0      
       snprintf.c.obj                 146     0         0      
       copy_decompress_lzss.c.obj     124     0         0      
       memset16.S.obj                 98      0         0      
       atoi.c.obj                     68      0         0      
       autoinit.c.obj                 60      0         0      
       boot_cortex_m.c.obj            40      0         0      
       memccpy.c.obj                  34      0         0      
       copy_decompress_none.c.obj     18      0         0      
       copy_zero_init.c.obj           16      0         0      
       wcslen.c.obj                   16      0         0      
       aeabi_portable.c.obj           8       0         4      
       exit.c.obj                     6       0         0      
       pre_init.c.obj                 4       0         0      
    +--+------------------------------+-------+---------+---------+
       Total:                         3074    291       4      
                                                               
    C:\ti\ccs2100\ccs\tools\compiler\ti-cgt-armllvm_5.1.1.LTS\lib\armv6m-ti-none-eabi/c/libsysbm.a
       hostexit.c.obj                 4       0         0      
    +--+------------------------------+-------+---------+---------+
       Total:                         4       0         0      
                                                               
    C:\ti\ccs2100\ccs\tools\compiler\ti-cgt-armllvm_5.1.1.LTS\lib\armv6m-ti-none-eabi/libclang_rt.builtins.a
       addsf3.S.obj                   216     0         0      
       udivmoddi4.S.obj               162     0         0      
       comparesf2.S.obj               140     0         0      
       mulsf3.S.obj                   140     0         0      
       divsf3.S.obj                   130     0         0      
       aeabi_fcmp.S.obj               90      0         0      
       floatdisf.S.obj                78      0         0      
       aeabi_uidivmod.S.obj           64      0         0      
       floatsisf.S.obj                60      0         0      
       muldsi3.S.obj                  58      0         0      
       fixsfsi.S.obj                  56      0         0      
       floatunsisf.S.obj              40      0         0      
       muldi3.S.obj                   36      0         0      
       ashldi3.S.obj                  30      0         0      
       aeabi_memset.S.obj             26      0         0      
       aeabi_uldivmod.S.obj           20      0         0      
       aeabi_memcpy.S.obj             8       0         0      
       aeabi_div0.c.obj               4       0         0      
    +--+------------------------------+-------+---------+---------+
       Total:                         1358    0         0      
                                                               
       Stack:                         0       0         512    
       Linker Generated:              0       43        0      
    +--+------------------------------+-------+---------+---------+
       Grand Total:                   13346   1146      1870   


LINKER GENERATED COPY TABLES

__TI_cinit_table @ 0000389c records: 2, size/record: 8, table size: 16
	.bss: load addr=0000388c, load size=00000008 bytes, run addr=20200000, run size=00000549 bytes, compression=zero_init
	.data: load addr=00003894, load size=00000007 bytes, run addr=2020054c, run size=00000005 bytes, compression=lzss


LINKER GENERATED HANDLER TABLE

__TI_handler_table @ 00003880 records: 3, size/record: 4, table size: 12
	index: 0, handler: __TI_decompress_lzss
	index: 1, handler: __TI_decompress_none
	index: 2, handler: __TI_zero_init


GLOBAL SYMBOLS: SORTED ALPHABETICALLY BY Name 

address   name                           
-------   ----                           
0000309d  ADC0_IRQHandler                
000030c9  ADC1_IRQHandler                
0000295f  AES_IRQHandler                 
000025c1  App_Car_ControlTask5ms         
000032f5  App_Car_EmergencyStop          
00003385  App_Car_FinishCalibration      
00003411  App_Car_GetState               
00002c0d  App_Car_Init                   
0000303d  App_Car_SensorTask1ms          
00002a81  App_Car_Start                  
0000330d  App_Car_StartCalibration       
00002d75  App_Car_StateTask10ms          
00003205  App_Car_Stop                   
0000347b  App_Debug_Init                 
00002109  App_Debug_PollCommands         
000018b5  App_Debug_Task                 
00002dad  App_Scheduler_Init             
00002689  App_Scheduler_Run              
0000122f  BSP_Board_Init                 
000034db  BSP_Encoder_GetLeftCount       
000034df  BSP_Encoder_GetRightCount      
00002193  BSP_Encoder_Init               
00002217  BSP_Encoder_ResetCounts        
0000341d  BSP_IMU_UART_GetRxOverflowCount
00001a69  BSP_IMU_UART_IRQHandler        
000027a9  BSP_IMU_UART_Init              
00002de5  BSP_IMU_UART_TryReadByte       
00001491  BSP_IMU_UART_TryWrite          
00001d11  BSP_LineADC_Init               
000016b9  BSP_LineADC_Read               
0000238b  BSP_TB6612_Init                
00002687  BSP_TB6612_SetInputs           
000027a7  BSP_TB6612_SetPwmPermille      
0000285f  BSP_TB6612_SetStandby          
00003429  BSP_Time_GetMs                 
00002c49  BSP_Time_Init                  
000015ad  BSP_UART_IRQHandler            
000024e9  BSP_UART_Init                  
00002e1d  BSP_UART_TryReadByte           
00001231  BSP_UART_TryWrite              
000034e2  C$$EXIT                        
0000295f  CANFD0_IRQHandler              
0000295f  DAC0_IRQHandler                
00002b4d  DL_ADC12_setClockConfig        
00003471  DL_Common_delayCycles          
000017b9  DL_Timer_initTimerMode         
00003285  DL_Timer_setClockConfig        
00002961  DL_UART_init                   
000033ad  DL_UART_setClockConfig         
0000295f  DMA_IRQHandler                 
0000295f  Default_Handler                
00003485  Encoder_GetLeft                
0000348d  Encoder_GetRight               
000029a9  Encoder_Init                   
00002ac5  Encoder_Reset                  
00002e55  Encoder_Update                 
0000295f  GROUP0_IRQHandler              
0000295f  GROUP1_IRQHandler              
000034e3  HOSTexit                       
0000295f  HardFault_Handler              
0000295f  I2C0_IRQHandler                
0000295f  I2C1_IRQHandler                
00003495  IMU_GetData                    
0000349d  IMU_GetDiagnostics             
00001da9  IMU_Init                       
00001369  IMU_PushRxByte                 
00003435  IMU_ResetYaw                   
00003325  IMU_StartGyroCalibration       
00000dc9  IMU_Update                     
00002861  LineControl_Init               
0000333d  LineControl_Reset              
00001e41  LineControl_Update             
00003441  LineSensor_FinishCalibration   
000034a5  LineSensor_GetData             
000029f1  LineSensor_Init                
0000344d  LineSensor_IsCalibrating       
0000099d  LineSensor_Sample              
000030f5  LineSensor_StartCalibration    
00003459  Motor_ClearEmergencyStop       
00003225  Motor_EmergencyStop            
0000306d  Motor_Enable                   
000034ad  Motor_GetStatus                
00003245  Motor_Init                     
00003465  Motor_SetStopMode              
00002c85  Motor_SetTargetPermille        
0000238d  Motor_Update                   
0000295f  NMI_Handler                    
00003121  PID_Init                       
000033d1  PID_Reset                      
00002fa1  PID_SetDerivativeFilter        
00002f35  PID_SetIntegralLimits          
000010ad  PID_Update                     
0000295f  PendSV_Handler                 
0000295f  RTC_IRQHandler                 
000034e7  Reset_Handler                  
0000295f  SPI0_IRQHandler                
0000295f  SPI1_IRQHandler                
0000295f  SVC_Handler                    
00003355  SYSCFG_DL_GPIO_init            
00001ed9  SYSCFG_DL_HC05_UART_init       
00001f65  SYSCFG_DL_IMU_UART_init        
00002479  SYSCFG_DL_LINE_ADC0_init       
00002219  SYSCFG_DL_LINE_ADC1_init       
00002b8d  SYSCFG_DL_SYSCTL_init          
00002e8d  SYSCFG_DL_TICK_TIMER_init      
00003199  SYSCFG_DL_init                 
000026e9  SYSCFG_DL_initPower            
00002555  SpeedControl_Init              
00002fd5  SpeedControl_Reset             
000028b9  SpeedControl_Update            
0000295f  SysTick_Handler                
00002ec5  TB6612_Enable                  
00002f6b  TB6612_Init                    
00002311  TB6612_SetSignedDuty           
00002749  TB6612_StopAll                 
0000295f  TIMA0_IRQHandler               
0000295f  TIMA1_IRQHandler               
000032a1  TIMG0_IRQHandler               
0000295f  TIMG12_IRQHandler              
0000295f  TIMG6_IRQHandler               
0000295f  TIMG7_IRQHandler               
0000295f  TIMG8_IRQHandler               
000034b5  UART0_IRQHandler               
000034bd  UART1_IRQHandler               
0000295f  UART2_IRQHandler               
0000295f  UART3_IRQHandler               
00001bdb  VehicleMixer_Mix               
20208000  __STACK_END                    
00000200  __STACK_SIZE                   
00000000  __TI_ATRegion0_region_sz       
00000000  __TI_ATRegion0_src_addr        
00000000  __TI_ATRegion0_trg_addr        
00000000  __TI_ATRegion1_region_sz       
00000000  __TI_ATRegion1_src_addr        
00000000  __TI_ATRegion1_trg_addr        
00000000  __TI_ATRegion2_region_sz       
00000000  __TI_ATRegion2_src_addr        
00000000  __TI_ATRegion2_trg_addr        
0000389c  __TI_CINIT_Base                
000038ac  __TI_CINIT_Limit               
000038ac  __TI_CINIT_Warm                
00003880  __TI_Handler_Table_Base        
0000388c  __TI_Handler_Table_Limit       
00002cc1  __TI_auto_init_nobinit_nopinit 
00002295  __TI_decompress_lzss           
000033bf  __TI_decompress_none           
ffffffff  __TI_pprof_out_hndl            
000000c1  __TI_printfi_nofloat           
ffffffff  __TI_prof_data_size            
ffffffff  __TI_prof_data_start           
00000000  __TI_static_base__             
000033f1  __TI_zero_init                 
0000199b  __addsf3                       
000036f0  __aeabi_ctype_table_           
000036f0  __aeabi_ctype_table_C          
2020054c  __aeabi_errno                  
000034c5  __aeabi_errno_addr             
00002efd  __aeabi_f2iz                   
0000199b  __aeabi_fadd                   
00002805  __aeabi_fcmpeq                 
0000283b  __aeabi_fcmpge                 
0000284d  __aeabi_fcmpgt                 
00002829  __aeabi_fcmple                 
00002817  __aeabi_fcmplt                 
00002067  __aeabi_fcmpun                 
00002195  __aeabi_fdiv                   
0000207d  __aeabi_fmul                   
00001991  __aeabi_fsub                   
00002cfd  __aeabi_i2f                    
00002d73  __aeabi_idiv0                  
00002911  __aeabi_l2f                    
0000303b  __aeabi_ldiv0                  
00003265  __aeabi_llsl                   
000031bd  __aeabi_lmul                   
000032e7  __aeabi_memclr                 
000032e7  __aeabi_memclr4                
000032e7  __aeabi_memclr8                
000034cd  __aeabi_memcpy                 
000034cd  __aeabi_memcpy4                
000034cd  __aeabi_memcpy8                
000032d9  __aeabi_memset                 
000032d9  __aeabi_memset4                
000032d9  __aeabi_memset8                
00003171  __aeabi_ui2f                   
00002bcd  __aeabi_uidiv                  
00002bcd  __aeabi_uidivmod               
00003399  __aeabi_uldivmod               
00003265  __ashldi3                      
ffffffff  __binit__                      
00001ff1  __cmpsf2                       
00002195  __divsf3                       
00001ff1  __eqsf2                        
00002efd  __fixsfsi                      
00002911  __floatdisf                    
00002cfd  __floatsisf                    
00003171  __floatunsisf                  
0000202b  __gesf2                        
0000202b  __gtsf2                        
00001ff1  __lesf2                        
00001ff1  __ltsf2                        
UNDEFED   __mpu_init                     
000031bd  __muldi3                       
00002d39  __muldsi3                      
0000207d  __mulsf3                       
00001ff1  __nesf2                        
20207e00  __stack                        
20200000  __start___llvm_prf_bits        
20200000  __start___llvm_prf_cnts        
20200000  __stop___llvm_prf_bits         
20200000  __stop___llvm_prf_cnts         
00001991  __subsf3                       
00001b39  __udivmoddi4                   
00002067  __unordsf2                     
00003149  _c_int00_noargs                
UNDEFED   _system_post_cinit             
000034eb  _system_pre_init               
000034d5  abort                          
00002b09  atoi                           
ffffffff  binit                          
00000000  interruptVectors               
000032bd  main                           
000031e1  memccpy                        
00001c77  memcpy                         
00002625  memset                         
00002a39  snprintf                       
000033e1  wcslen                         


GLOBAL SYMBOLS: SORTED BY Symbol Address 

address   name                           
-------   ----                           
00000000  __TI_ATRegion0_region_sz       
00000000  __TI_ATRegion0_src_addr        
00000000  __TI_ATRegion0_trg_addr        
00000000  __TI_ATRegion1_region_sz       
00000000  __TI_ATRegion1_src_addr        
00000000  __TI_ATRegion1_trg_addr        
00000000  __TI_ATRegion2_region_sz       
00000000  __TI_ATRegion2_src_addr        
00000000  __TI_ATRegion2_trg_addr        
00000000  __TI_static_base__             
00000000  interruptVectors               
000000c1  __TI_printfi_nofloat           
00000200  __STACK_SIZE                   
0000099d  LineSensor_Sample              
00000dc9  IMU_Update                     
000010ad  PID_Update                     
0000122f  BSP_Board_Init                 
00001231  BSP_UART_TryWrite              
00001369  IMU_PushRxByte                 
00001491  BSP_IMU_UART_TryWrite          
000015ad  BSP_UART_IRQHandler            
000016b9  BSP_LineADC_Read               
000017b9  DL_Timer_initTimerMode         
000018b5  App_Debug_Task                 
00001991  __aeabi_fsub                   
00001991  __subsf3                       
0000199b  __addsf3                       
0000199b  __aeabi_fadd                   
00001a69  BSP_IMU_UART_IRQHandler        
00001b39  __udivmoddi4                   
00001bdb  VehicleMixer_Mix               
00001c77  memcpy                         
00001d11  BSP_LineADC_Init               
00001da9  IMU_Init                       
00001e41  LineControl_Update             
00001ed9  SYSCFG_DL_HC05_UART_init       
00001f65  SYSCFG_DL_IMU_UART_init        
00001ff1  __cmpsf2                       
00001ff1  __eqsf2                        
00001ff1  __lesf2                        
00001ff1  __ltsf2                        
00001ff1  __nesf2                        
0000202b  __gesf2                        
0000202b  __gtsf2                        
00002067  __aeabi_fcmpun                 
00002067  __unordsf2                     
0000207d  __aeabi_fmul                   
0000207d  __mulsf3                       
00002109  App_Debug_PollCommands         
00002193  BSP_Encoder_Init               
00002195  __aeabi_fdiv                   
00002195  __divsf3                       
00002217  BSP_Encoder_ResetCounts        
00002219  SYSCFG_DL_LINE_ADC1_init       
00002295  __TI_decompress_lzss           
00002311  TB6612_SetSignedDuty           
0000238b  BSP_TB6612_Init                
0000238d  Motor_Update                   
00002479  SYSCFG_DL_LINE_ADC0_init       
000024e9  BSP_UART_Init                  
00002555  SpeedControl_Init              
000025c1  App_Car_ControlTask5ms         
00002625  memset                         
00002687  BSP_TB6612_SetInputs           
00002689  App_Scheduler_Run              
000026e9  SYSCFG_DL_initPower            
00002749  TB6612_StopAll                 
000027a7  BSP_TB6612_SetPwmPermille      
000027a9  BSP_IMU_UART_Init              
00002805  __aeabi_fcmpeq                 
00002817  __aeabi_fcmplt                 
00002829  __aeabi_fcmple                 
0000283b  __aeabi_fcmpge                 
0000284d  __aeabi_fcmpgt                 
0000285f  BSP_TB6612_SetStandby          
00002861  LineControl_Init               
000028b9  SpeedControl_Update            
00002911  __aeabi_l2f                    
00002911  __floatdisf                    
0000295f  AES_IRQHandler                 
0000295f  CANFD0_IRQHandler              
0000295f  DAC0_IRQHandler                
0000295f  DMA_IRQHandler                 
0000295f  Default_Handler                
0000295f  GROUP0_IRQHandler              
0000295f  GROUP1_IRQHandler              
0000295f  HardFault_Handler              
0000295f  I2C0_IRQHandler                
0000295f  I2C1_IRQHandler                
0000295f  NMI_Handler                    
0000295f  PendSV_Handler                 
0000295f  RTC_IRQHandler                 
0000295f  SPI0_IRQHandler                
0000295f  SPI1_IRQHandler                
0000295f  SVC_Handler                    
0000295f  SysTick_Handler                
0000295f  TIMA0_IRQHandler               
0000295f  TIMA1_IRQHandler               
0000295f  TIMG12_IRQHandler              
0000295f  TIMG6_IRQHandler               
0000295f  TIMG7_IRQHandler               
0000295f  TIMG8_IRQHandler               
0000295f  UART2_IRQHandler               
0000295f  UART3_IRQHandler               
00002961  DL_UART_init                   
000029a9  Encoder_Init                   
000029f1  LineSensor_Init                
00002a39  snprintf                       
00002a81  App_Car_Start                  
00002ac5  Encoder_Reset                  
00002b09  atoi                           
00002b4d  DL_ADC12_setClockConfig        
00002b8d  SYSCFG_DL_SYSCTL_init          
00002bcd  __aeabi_uidiv                  
00002bcd  __aeabi_uidivmod               
00002c0d  App_Car_Init                   
00002c49  BSP_Time_Init                  
00002c85  Motor_SetTargetPermille        
00002cc1  __TI_auto_init_nobinit_nopinit 
00002cfd  __aeabi_i2f                    
00002cfd  __floatsisf                    
00002d39  __muldsi3                      
00002d73  __aeabi_idiv0                  
00002d75  App_Car_StateTask10ms          
00002dad  App_Scheduler_Init             
00002de5  BSP_IMU_UART_TryReadByte       
00002e1d  BSP_UART_TryReadByte           
00002e55  Encoder_Update                 
00002e8d  SYSCFG_DL_TICK_TIMER_init      
00002ec5  TB6612_Enable                  
00002efd  __aeabi_f2iz                   
00002efd  __fixsfsi                      
00002f35  PID_SetIntegralLimits          
00002f6b  TB6612_Init                    
00002fa1  PID_SetDerivativeFilter        
00002fd5  SpeedControl_Reset             
0000303b  __aeabi_ldiv0                  
0000303d  App_Car_SensorTask1ms          
0000306d  Motor_Enable                   
0000309d  ADC0_IRQHandler                
000030c9  ADC1_IRQHandler                
000030f5  LineSensor_StartCalibration    
00003121  PID_Init                       
00003149  _c_int00_noargs                
00003171  __aeabi_ui2f                   
00003171  __floatunsisf                  
00003199  SYSCFG_DL_init                 
000031bd  __aeabi_lmul                   
000031bd  __muldi3                       
000031e1  memccpy                        
00003205  App_Car_Stop                   
00003225  Motor_EmergencyStop            
00003245  Motor_Init                     
00003265  __aeabi_llsl                   
00003265  __ashldi3                      
00003285  DL_Timer_setClockConfig        
000032a1  TIMG0_IRQHandler               
000032bd  main                           
000032d9  __aeabi_memset                 
000032d9  __aeabi_memset4                
000032d9  __aeabi_memset8                
000032e7  __aeabi_memclr                 
000032e7  __aeabi_memclr4                
000032e7  __aeabi_memclr8                
000032f5  App_Car_EmergencyStop          
0000330d  App_Car_StartCalibration       
00003325  IMU_StartGyroCalibration       
0000333d  LineControl_Reset              
00003355  SYSCFG_DL_GPIO_init            
00003385  App_Car_FinishCalibration      
00003399  __aeabi_uldivmod               
000033ad  DL_UART_setClockConfig         
000033bf  __TI_decompress_none           
000033d1  PID_Reset                      
000033e1  wcslen                         
000033f1  __TI_zero_init                 
00003411  App_Car_GetState               
0000341d  BSP_IMU_UART_GetRxOverflowCount
00003429  BSP_Time_GetMs                 
00003435  IMU_ResetYaw                   
00003441  LineSensor_FinishCalibration   
0000344d  LineSensor_IsCalibrating       
00003459  Motor_ClearEmergencyStop       
00003465  Motor_SetStopMode              
00003471  DL_Common_delayCycles          
0000347b  App_Debug_Init                 
00003485  Encoder_GetLeft                
0000348d  Encoder_GetRight               
00003495  IMU_GetData                    
0000349d  IMU_GetDiagnostics             
000034a5  LineSensor_GetData             
000034ad  Motor_GetStatus                
000034b5  UART0_IRQHandler               
000034bd  UART1_IRQHandler               
000034c5  __aeabi_errno_addr             
000034cd  __aeabi_memcpy                 
000034cd  __aeabi_memcpy4                
000034cd  __aeabi_memcpy8                
000034d5  abort                          
000034db  BSP_Encoder_GetLeftCount       
000034df  BSP_Encoder_GetRightCount      
000034e2  C$$EXIT                        
000034e3  HOSTexit                       
000034e7  Reset_Handler                  
000034eb  _system_pre_init               
000036f0  __aeabi_ctype_table_           
000036f0  __aeabi_ctype_table_C          
00003880  __TI_Handler_Table_Base        
0000388c  __TI_Handler_Table_Limit       
0000389c  __TI_CINIT_Base                
000038ac  __TI_CINIT_Limit               
000038ac  __TI_CINIT_Warm                
20200000  __start___llvm_prf_bits        
20200000  __start___llvm_prf_cnts        
20200000  __stop___llvm_prf_bits         
20200000  __stop___llvm_prf_cnts         
2020054c  __aeabi_errno                  
20207e00  __stack                        
20208000  __STACK_END                    
ffffffff  __TI_pprof_out_hndl            
ffffffff  __TI_prof_data_size            
ffffffff  __TI_prof_data_start           
ffffffff  __binit__                      
ffffffff  binit                          
UNDEFED   __mpu_init                     
UNDEFED   _system_post_cinit             

[226 symbols]
