******************************************************************************
            TI ARM Clang Linker PC v5.1.1                      
******************************************************************************
>> Linked Mon Jul 27 11:49:02 2026

OUTPUT FILE NAME:   <empty_LP_MSPM0G3507_nortos_ticlang.out>
ENTRY POINT SYMBOL: "_c_int00_noargs"  address: 00006c81


MEMORY CONFIGURATION

         name            origin    length      used     unused   attr    fill
----------------------  --------  ---------  --------  --------  ----  --------
  FLASH                 00000000   00020000  00008110  00017ef0  R  X
  SRAM                  20200000   00008000  00000cfa  00007306  RW X
  BCR_CONFIG            41c00000   000000ff  00000000  000000ff  R   
  BSL_CONFIG            41c00100   00000080  00000000  00000080  R   


SEGMENT ALLOCATION MAP

run origin  load origin   length   init length attrs members
----------  ----------- ---------- ----------- ----- -------
00000000    00000000    00008110   00008110    r-x
  00000000    00000000    000000c0   000000c0    r-- .intvecs
  000000c0    000000c0    000070f0   000070f0    r-x .text
  000071b0    000071b0    00000f30   00000f30    r-- .rodata
  000080e0    000080e0    00000030   00000030    r-- .cinit
20200000    20200000    00000afd   00000000    rw-
  20200000    20200000    00000af1   00000000    rw- .bss
  20200af4    20200af4    00000009   00000000    rw- .data
20207e00    20207e00    00000200   00000000    rw-
  20207e00    20207e00    00000200   00000000    rw- .stack


SECTION ALLOCATION MAP

 output                                  attributes/
section   page    origin      length       input sections
--------  ----  ----------  ----------   ----------------
.intvecs   0    00000000    000000c0     
                  00000000    000000c0     startup_mspm0g350x_ticlang.o (.intvecs)

.text      0    000000c0    000070f0     
                  000000c0    00000c60     pid_debug.o (.text.PIDDebug_PushRxByte)
                  00000d20    00000a7c     libc.a : _printfi.c.obj (.text:__TI_printfi)
                  0000179c    0000042c     line_sensor.o (.text.LineSensor_Sample)
                  00001bc8    00000374     app_debug.o (.text.App_Debug_OLEDTask)
                  00001f3c    000002e4     imu.o (.text.IMU_Update)
                  00002220    000002dc     libc.a : divdf3_fast.c.obj (.text.__divdf3_fast)
                  000024fc    000002a8     ti_msp_dl_config.o (.text.SYSCFG_DL_SYSCTL_SYSPLL_init)
                  000027a4    000002a0     oled.o (.text.OLED_ShowImage)
                  00002a44    0000020c     libc.a : _printfi.c.obj (.text._pconv_a)
                  00002c50    000001e0            : _printfi.c.obj (.text._pconv_g)
                  00002e30    000001d8            : muldf3_fast.c.obj (.text.__muldf3_fast)
                  00003008    000001cc     oled.o (.text.OLED_ShowString)
                  000031d4    000001a8     oled.o (.text.OLED_Init)
                  0000337c    0000019c     line_control.o (.text.LineControl_Update)
                  00003518    00000192     libclang_rt.builtins.a : adddf3.S.obj (.text)
                  000036aa    00000182     pid.o (.text.PID_Update)
                  0000382c    0000014c     pid_debug.o (.text.PIDDebug_Task)
                  00003978    00000138     bsp_uart.o (.text.BSP_UART_TryWrite)
                  00003ab0    00000138     libc.a : _printfi.c.obj (.text.fcvt)
                  00003be8    00000128     imu.o (.text.IMU_PushRxByte)
                  00003d10    0000011c     bsp_imu_uart.o (.text.BSP_IMU_UART_TryWrite)
                  00003e2c    0000010c     bsp_uart.o (.text.BSP_UART_IRQHandler)
                  00003f38    00000104     driverlib.a : dl_timer.o (.text.DL_Timer_initFourCCPWMMode)
                  0000403c    00000100     bsp_line_adc.o (.text.BSP_LineADC_Read)
                  0000413c    000000fc     driverlib.a : dl_timer.o (.text.DL_Timer_initTimerMode)
                  00004238    000000fc     libc.a : _printfi.c.obj (.text._pconv_e)
                  00004334    000000e0     oled.o (.text.OLED_WriteData)
                  00004414    000000e0     ti_msp_dl_config.o (.text.SYSCFG_DL_GPIO_init)
                  000044f4    000000dc     driverlib.a : dl_sysctl_mspm0g1x0x_g3x0x.o (.text.DL_SYSCTL_configSYSPLL)
                  000045d0    000000dc     libc.a : s_scalbn.c.obj (.text.scalbn)
                  000046ac    000000d8     libclang_rt.builtins.a : addsf3.S.obj (.text)
                  00004784    000000d0     bsp_imu_uart.o (.text.BSP_IMU_UART_IRQHandler)
                  00004854    000000d0     oled.o (.text.OLED_I2C_SendByte)
                  00004924    000000a8     ti_msp_dl_config.o (.text.SYSCFG_DL_SYSCTL_init)
                  000049cc    000000a4     line_control.o (.text.LineControl_Init)
                  00004a70    000000a2     app_debug.o (.text.App_Debug_PollCommands)
                  00004b12    00000002     bsp_board.o (.text.BSP_Board_Init)
                  00004b14    000000a2     libclang_rt.builtins.a : udivmoddi4.S.obj (.text)
                  00004bb6    00000002     startup_mspm0g350x_ticlang.o (.text.Default_Handler)
                  00004bb8    000000a0     bsp_encoder.o (.text.GROUP1_IRQHandler)
                  00004c58    0000009c     vehicle_mixer.o (.text.VehicleMixer_Mix)
                  00004cf4    0000009a     libc.a : memcpy16.S.obj (.text:memcpy)
                  00004d8e    00000002     libclang_rt.builtins.a : aeabi_div0.c.obj (.text.__aeabi_idiv0)
                  00004d90    00000098     bsp_encoder.o (.text.BSP_Encoder_ResetCounts)
                  00004e28    00000098     bsp_line_adc.o (.text.BSP_LineADC_Init)
                  00004ec0    00000098     imu.o (.text.IMU_Init)
                  00004f58    00000094     oled.o (.text.OLED_UpdateArea)
                  00004fec    00000090     bsp_encoder.o (.text.BSP_Encoder_Init)
                  0000507c    00000090     ti_msp_dl_config.o (.text.SYSCFG_DL_MOTOR_PWM_init)
                  0000510c    0000008c     ti_msp_dl_config.o (.text.SYSCFG_DL_HC05_UART_init)
                  00005198    0000008c     ti_msp_dl_config.o (.text.SYSCFG_DL_IMU_UART_init)
                  00005224    0000008c     libclang_rt.builtins.a : comparesf2.S.obj (.text)
                  000052b0    0000008c                            : mulsf3.S.obj (.text)
                  0000533c    00000004     libsysbm.a : hostexit.c.obj (.text.HOSTexit)
                  00005340    00000088     libc.a : strcmp-armv6m.S.obj (.text:strcmp)
                  000053c8    00000084     app_car.o (.text.App_Car_ControlTask5ms)
                  0000544c    00000082     libclang_rt.builtins.a : divsf3.S.obj (.text)
                  000054ce    00000002                            : aeabi_div0.c.obj (.text.__aeabi_ldiv0)
                  000054d0    0000007c     ti_msp_dl_config.o (.text.SYSCFG_DL_LINE_ADC1_init)
                  0000554c    0000007c     ti_msp_dl_config.o (.text.SYSCFG_DL_initPower)
                  000055c8    0000007c     libc.a : copy_decompress_lzss.c.obj (.text:decompress:lzss)
                  00005644    0000007a     tb6612.o (.text.TB6612_SetSignedDuty)
                  000056be    00000002     --HOLE-- [fill = 0]
                  000056c0    00000078     app_scheduler.o (.text.App_Scheduler_Run)
                  00005738    00000078     motor.o (.text.Motor_Update)
                  000057b0    00000078     encoder.o (.text.update_one)
                  00005828    00000074     speed_control.o (.text.SpeedControl_Init)
                  0000589c    00000074     libclang_rt.builtins.a : comparedf2.c.obj (.text.__gedf2)
                  00005910    00000070     ti_msp_dl_config.o (.text.SYSCFG_DL_LINE_ADC0_init)
                  00005980    0000006c     bsp_uart.o (.text.BSP_UART_Init)
                  000059ec    0000006c     pid_debug.o (.text.PIDDebug_Init)
                  00005a58    00000068     bsp_tb6612.o (.text.BSP_TB6612_Init)
                  00005ac0    00000068     libclang_rt.builtins.a : comparedf2.c.obj (.text.__ledf2)
                  00005b28    00000066     libc.a : _printfi.c.obj (.text._mcpy)
                  00005b8e    00000002     --HOLE-- [fill = 0]
                  00005b90    00000064     oled.o (.text.OLED_WriteCommand)
                  00005bf4    00000062     libc.a : memset16.S.obj (.text:memset)
                  00005c56    0000005e     tb6612.o (.text.TB6612_StopAll)
                  00005cb4    0000005c     bsp_imu_uart.o (.text.BSP_IMU_UART_Init)
                  00005d10    0000005c     libc.a : s_frexp.c.obj (.text.frexp)
                  00005d6c    0000005a     libclang_rt.builtins.a : aeabi_dcmp.S.obj (.text)
                  00005dc6    00000002     --HOLE-- [fill = 0]
                  00005dc8    0000005a                            : aeabi_fcmp.S.obj (.text)
                  00005e22    00000002     --HOLE-- [fill = 0]
                  00005e24    00000058     pid_debug.o (.text.PIDDebug_Printf)
                  00005e7c    00000058     speed_control.o (.text.SpeedControl_Update)
                  00005ed4    00000058     libc.a : _ltoa.c.obj (.text.__TI_ltoa)
                  00005f2c    00000058            : _printfi.c.obj (.text._pconv_f)
                  00005f84    00000056     libclang_rt.builtins.a : aeabi_idivmod.S.obj (.text)
                  00005fda    00000052     libc.a : _printfi.c.obj (.text._ecpy)
                  0000602c    0000004e     libclang_rt.builtins.a : floatdisf.S.obj (.text)
                  0000607a    00000002     --HOLE-- [fill = 0]
                  0000607c    0000004c     ti_msp_dl_config.o (.text.SYSCFG_DL_LEFT_ENCODER_QEI_init)
                  000060c8    0000004a     libclang_rt.builtins.a : fixdfsi.S.obj (.text)
                  00006112    00000002     --HOLE-- [fill = 0]
                  00006114    00000048     driverlib.a : dl_uart.o (.text.DL_UART_init)
                  0000615c    00000048     encoder.o (.text.Encoder_Init)
                  000061a4    00000048     line_sensor.o (.text.LineSensor_Init)
                  000061ec    00000044     app_car.o (.text.App_Car_Start)
                  00006230    00000044     app_scheduler.o (.text.App_Scheduler_Init)
                  00006274    00000044     driverlib.a : dl_sysctl_mspm0g1x0x_g3x0x.o (.text.DL_SYSCTL_switchMCLKfromSYSOSCtoHSCLK)
                  000062b8    00000044     encoder.o (.text.Encoder_Reset)
                  000062fc    00000044     libc.a : atoi.c.obj (.text.atoi)
                  00006340    00000040     driverlib.a : dl_adc12.o (.text.DL_ADC12_setClockConfig)
                  00006380    00000040     encoder.o (.text.Encoder_Update)
                  000063c0    00000040     pid_debug.o (.text.ascii_equal_ignore_case)
                  00006400    00000040     libc.a : vsnprintf.c.obj (.text.vsnprintf)
                  00006440    00000040     libclang_rt.builtins.a : aeabi_uidivmod.S.obj (.text)
                  00006480    00000040                            : extendsfdf2.S.obj (.text)
                  000064c0    0000003c     app_car.o (.text.App_Car_Init)
                  000064fc    0000003c     bsp_tb6612.o (.text.BSP_TB6612_SetInputs)
                  00006538    0000003c     bsp_time.o (.text.BSP_Time_Init)
                  00006574    0000003c     motor.o (.text.Motor_SetTargetPermille)
                  000065b0    0000003c     pid_debug.o (.text.PIDDebug_CheckTimeout)
                  000065ec    0000003c     ti_msp_dl_config.o (.text.SYSCFG_DL_init)
                  00006628    0000003c     libc.a : autoinit.c.obj (.text:__TI_auto_init_nobinit_nopinit)
                  00006664    0000003c     libclang_rt.builtins.a : floatsisf.S.obj (.text)
                  000066a0    0000003a                            : muldsi3.S.obj (.text)
                  000066da    00000002     --HOLE-- [fill = 0]
                  000066dc    00000038     app_car.o (.text.App_Car_StateTask10ms)
                  00006714    00000038     bsp_imu_uart.o (.text.BSP_IMU_UART_TryReadByte)
                  0000674c    00000038     bsp_tb6612.o (.text.BSP_TB6612_SetPwmPermille)
                  00006784    00000038     bsp_uart.o (.text.BSP_UART_TryReadByte)
                  000067bc    00000038     line_control.o (.text.LineControl_Reset)
                  000067f4    00000038     ti_msp_dl_config.o (.text.SYSCFG_DL_TICK_TIMER_init)
                  0000682c    00000038     tb6612.o (.text.TB6612_Enable)
                  00006864    00000038     libclang_rt.builtins.a : fixsfsi.S.obj (.text)
                  0000689c    00000036     pid.o (.text.PID_SetIntegralLimits)
                  000068d2    00000036     tb6612.o (.text.TB6612_Init)
                  00006908    00000034     pid.o (.text.PID_SetDerivativeFilter)
                  0000693c    00000034     speed_control.o (.text.SpeedControl_Reset)
                  00006970    00000034     pid_debug.o (.text.selected_pid)
                  000069a4    00000032     libc.a : vsnprintf.c.obj (.text._outs)
                  000069d6    00000002     --HOLE-- [fill = 0]
                  000069d8    00000032     libclang_rt.builtins.a : fixunssfsi.S.obj (.text)
                  00006a0a    00000002     --HOLE-- [fill = 0]
                  00006a0c    00000030     app_car.o (.text.App_Car_SensorTask1ms)
                  00006a3c    00000030     app_debug.o (.text.App_Debug_Init)
                  00006a6c    00000030     motor.o (.text.Motor_Enable)
                  00006a9c    00000030     libclang_rt.builtins.a : comparedf2.c.obj (.text.__unorddf2)
                  00006acc    00000030     libc.a : _printfi.c.obj (.text._fcpy)
                  00006afc    0000002e     oled.o (.text.OLED_Printf)
                  00006b2a    00000002     --HOLE-- [fill = 0]
                  00006b2c    0000002c     bsp_line_adc.o (.text.ADC0_IRQHandler)
                  00006b58    0000002c     bsp_line_adc.o (.text.ADC1_IRQHandler)
                  00006b84    0000002c     bsp_encoder.o (.text.BSP_Encoder_GetDiagnostics)
                  00006bb0    0000002c     line_sensor.o (.text.LineSensor_StartCalibration)
                  00006bdc    0000002c     libclang_rt.builtins.a : floatsidf.S.obj (.text)
                  00006c08    00000028     bsp_encoder.o (.text.BSP_Encoder_GetLeftCount)
                  00006c30    00000028     pid.o (.text.PID_Init)
                  00006c58    00000028     ti_msp_dl_config.o (.text.SYSCFG_DL_SYSCTL_CLK_init)
                  00006c80    00000028     libc.a : boot_cortex_m.c.obj (.text:_c_int00_noargs)
                  00006ca8    00000028     libclang_rt.builtins.a : floatunsisf.S.obj (.text)
                  00006cd0    00000024     bsp_oled_soft_i2c.o (.text.BSP_OLED_SoftI2C_WriteSCL)
                  00006cf4    00000024     bsp_oled_soft_i2c.o (.text.BSP_OLED_SoftI2C_WriteSDA)
                  00006d18    00000024     libclang_rt.builtins.a : muldi3.S.obj (.text)
                  00006d3c    00000022     libc.a : memccpy.c.obj (.text.memccpy)
                  00006d5e    00000022     pid_debug.o (.text.strlen)
                  00006d80    00000020     app_car.o (.text.App_Car_Stop)
                  00006da0    00000020     bsp_oled_soft_i2c.o (.text.BSP_OLED_SoftI2C_Init)
                  00006dc0    00000020     motor.o (.text.Motor_EmergencyStop)
                  00006de0    00000020     motor.o (.text.Motor_Init)
                  00006e00    0000001e     empty.o (.text.main)
                  00006e1e    00000002     --HOLE-- [fill = 0]
                  00006e20    0000001e     libclang_rt.builtins.a : ashldi3.S.obj (.text)
                  00006e3e    00000002     --HOLE-- [fill = 0]
                  00006e40    0000001c     bsp_tb6612.o (.text.BSP_TB6612_SetStandby)
                  00006e5c    0000001c     driverlib.a : dl_sysctl_mspm0g1x0x_g3x0x.o (.text.DL_SYSCTL_configFCC)
                  00006e78    0000001c                 : dl_timer.o (.text.DL_Timer_setCaptCompUpdateMethod)
                  00006e94    0000001c                 : dl_timer.o (.text.DL_Timer_setClockConfig)
                  00006eb0    0000001c     bsp_time.o (.text.TIMG0_IRQHandler)
                  00006ecc    0000001a     libclang_rt.builtins.a : aeabi_memset.S.obj (.text)
                  00006ee6    00000002     --HOLE-- [fill = 0]
                  00006ee8    00000018     app_car.o (.text.App_Car_EmergencyStop)
                  00006f00    00000018     app_car.o (.text.App_Car_StartCalibration)
                  00006f18    00000018     driverlib.a : dl_timer.o (.text.DL_Timer_setCaptureCompareOutCtl)
                  00006f30    00000018     imu.o (.text.IMU_StartGyroCalibration)
                  00006f48    00000018     libc.a : vsnprintf.c.obj (.text._outc)
                  00006f60    00000014     app_car.o (.text.App_Car_FinishCalibration)
                  00006f74    00000014     bsp_oled_soft_i2c.o (.text.BSP_OLED_SoftI2C_ReadSDA)
                  00006f88    00000014     oled.o (.text.OLED_Clear)
                  00006f9c    00000014     libclang_rt.builtins.a : aeabi_uldivmod.S.obj (.text)
                  00006fb0    00000012     driverlib.a : dl_uart.o (.text.DL_UART_setClockConfig)
                  00006fc2    00000012     libc.a : _printfi.c.obj (.text.strchr)
                  00006fd4    00000012            : copy_decompress_none.c.obj (.text:decompress:none)
                  00006fe6    00000002     --HOLE-- [fill = 0]
                  00006fe8    00000010     driverlib.a : dl_timer.o (.text.DL_Timer_setCaptureCompareValue)
                  00006ff8    00000010     pid.o (.text.PID_Reset)
                  00007008    00000010     libc.a : wcslen.c.obj (.text.wcslen)
                  00007018    00000010            : copy_zero_init.c.obj (.text:decompress:ZI)
                  00007028    0000000e            : _printfi.c.obj (.text.strlen)
                  00007036    00000002     --HOLE-- [fill = 0]
                  00007038    0000000c     app_car.o (.text.App_Car_GetState)
                  00007044    0000000c     bsp_encoder.o (.text.BSP_Encoder_GetRightCount)
                  00007050    0000000c     bsp_imu_uart.o (.text.BSP_IMU_UART_GetRxOverflowCount)
                  0000705c    0000000c     bsp_line_adc.o (.text.BSP_LineADC_GetFrameCount)
                  00007068    0000000c     bsp_line_adc.o (.text.BSP_LineADC_GetRestartCount)
                  00007074    0000000c     bsp_line_adc.o (.text.BSP_LineADC_GetUnexpectedIrqCount)
                  00007080    0000000c     bsp_time.o (.text.BSP_Time_GetMs)
                  0000708c    0000000c     imu.o (.text.IMU_ResetYaw)
                  00007098    0000000c     line_sensor.o (.text.LineSensor_FinishCalibration)
                  000070a4    0000000c     line_sensor.o (.text.LineSensor_IsCalibrating)
                  000070b0    0000000c     motor.o (.text.Motor_ClearEmergencyStop)
                  000070bc    0000000c     motor.o (.text.Motor_SetStopMode)
                  000070c8    0000000c     oled.o (.text.OLED_IsConnected)
                  000070d4    0000000a     driverlib.a : dl_common.o (.text.DL_Common_delayCycles)
                  000070de    0000000a     libc.a : _printfi.c.obj (.text.OUTLINED_FUNCTION_0)
                  000070e8    00000010     libclang_rt.builtins.a : adddf3.S.obj (.tramp.__aeabi_dsub.1)
                  000070f8    0000000a     libc.a : _printfi.c.obj (.text.OUTLINED_FUNCTION_1)
                  00007102    00000008     app_debug.o (.text.App_Debug_Task)
                  0000710a    00000002     --HOLE-- [fill = 0]
                  0000710c    00000008     encoder.o (.text.Encoder_GetLeft)
                  00007114    00000008     encoder.o (.text.Encoder_GetRight)
                  0000711c    00000008     imu.o (.text.IMU_GetData)
                  00007124    00000008     imu.o (.text.IMU_GetDiagnostics)
                  0000712c    00000008     line_control.o (.text.LineControl_GetPID)
                  00007134    00000008     line_control.o (.text.LineControl_GetStatus)
                  0000713c    00000008     line_control.o (.text.LineControl_GetYawRatePID)
                  00007144    00000008     line_sensor.o (.text.LineSensor_GetData)
                  0000714c    00000008     motor.o (.text.Motor_GetStatus)
                  00007154    00000008     speed_control.o (.text.SpeedControl_GetLeftPID)
                  0000715c    00000008     speed_control.o (.text.SpeedControl_GetRightPID)
                  00007164    00000008     speed_control.o (.text.SpeedControl_GetStatus)
                  0000716c    00000008     bsp_imu_uart.o (.text.UART0_IRQHandler)
                  00007174    00000008     bsp_uart.o (.text.UART1_IRQHandler)
                  0000717c    00000008     libclang_rt.builtins.a : aeabi_ddiv.c.obj (.text.__aeabi_ddiv_fast)
                  00007184    00000008                            : aeabi_dmul.c.obj (.text.__aeabi_dmul_fast)
                  0000718c    00000008     libc.a : aeabi_portable.c.obj (.text.__aeabi_errno_addr)
                  00007194    00000008     libclang_rt.builtins.a : aeabi_memcpy.S.obj (.text)
                  0000719c    00000006     libc.a : exit.c.obj (.text:abort)
                  000071a2    00000004     pid.o (.text.PID_SetTunings)
                  000071a6    00000004     startup_mspm0g350x_ticlang.o (.text.Reset_Handler)
                  000071aa    00000004     libc.a : pre_init.c.obj (.text._system_pre_init)
                  000071ae    00000002     --HOLE-- [fill = 0]

.cinit     0    000080e0    00000030     
                  000080e0    0000000c     (__TI_handler_table)
                  000080ec    0000000b     (.cinit..data.load) [load image, compression = lzss]
                  000080f7    00000001     --HOLE-- [fill = 0]
                  000080f8    00000008     (.cinit..bss.load) [load image, compression = zero_init]
                  00008100    00000010     (__TI_cinit_table)

.rodata    0    000071b0    00000f30     
                  000071b0    000005f0     oled_data.o (.rodata.OLED_F8x16)
                  000077a0    0000023a     oled_data.o (.rodata.OLED_F6x8)
                  000079da    00000006     pid_debug.o (.rodata.str1.12431526897964838382.1)
                  000079e0    00000200     imu.o (.rodata..L.crctable)
                  00007be0    00000103     oled_data.o (.rodata.OLED_CF16x16)
                  00007ce3    0000000d     app_debug.o (.rodata.str1.18182487691812853547.1)
                  00007cf0    00000101     libc.a : aeabi_ctype.S.obj (.rodata:__aeabi_ctype_table_)
                  00007df1    00000051     pid_debug.o (.rodata.str1.18336213660060667752.1)
                  00007e42    00000002     ti_msp_dl_config.o (.rodata.gHC05_UARTClockConfig)
                  00007e44    00000028     ti_msp_dl_config.o (.rodata.gSYSPLLConfig)
                  00007e6c    00000014     ti_msp_dl_config.o (.rodata.gTICK_TIMERTimerConfig)
                  00007e80    00000014     app_debug.o (.rodata.str1.11293601526043110279.1)
                  00007e94    00000013     app_debug.o (.rodata.str1.2798890928979894272.1)
                  00007ea7    00000012     app_debug.o (.rodata.str1.12937848143626781365.1)
                  00007eb9    00000011     libc.a : _printfi.c.obj (.rodata.str1.10348868589481759720.1)
                  00007eca    00000011     app_debug.o (.rodata.str1.11315499314775192817.1)
                  00007edb    00000011     app_debug.o (.rodata.str1.11971626001154491176.1)
                  00007eec    00000011     pid_debug.o (.rodata.str1.12026191404788313028.1)
                  00007efd    00000011     app_debug.o (.rodata.str1.12733250209387784054.1)
                  00007f0e    00000011     libc.a : _printfi.c.obj (.rodata.str1.15363888844622738466.1)
                  00007f1f    00000011     app_debug.o (.rodata.str1.4891276961507366127.1)
                  00007f30    00000011     app_debug.o (.rodata.str1.9269700098308078387.1)
                  00007f41    00000003     ti_msp_dl_config.o (.rodata.gLEFT_ENCODER_QEIClockConfig)
                  00007f44    00000010     pid_debug.o (.rodata..Lswitch.table.PIDDebug_Task)
                  00007f54    00000010     bsp_encoder.o (.rodata.cst16)
                  00007f64    00000010     app_debug.o (.rodata.str1.10727423958446722541.1)
                  00007f74    00000010     app_debug.o (.rodata.str1.11836038452286667467.1)
                  00007f84    00000010     app_debug.o (.rodata.str1.3077226226063038121.1)
                  00007f94    00000010     app_debug.o (.rodata.str1.8317468062311787187.1)
                  00007fa4    00000010     app_debug.o (.rodata.str1.8393614531981289380.1)
                  00007fb4    0000000f     app_debug.o (.rodata.str1.6117714838153347073.1)
                  00007fc3    0000000e     app_debug.o (.rodata.str1.16617884780539370218.1)
                  00007fd1    0000000d     app_debug.o (.rodata.str1.2115725191039821411.1)
                  00007fde    0000000c     app_debug.o (.rodata.str1.18272325201651093521.1)
                  00007fea    0000000c     app_debug.o (.rodata.str1.4393960957010246102.1)
                  00007ff6    0000000c     app_debug.o (.rodata.str1.5331226150881879698.1)
                  00008002    0000000c     app_debug.o (.rodata.str1.6718837306179793139.1)
                  0000800e    0000000b     app_debug.o (.rodata.str1.2997798556473692064.1)
                  00008019    0000000b     app_debug.o (.rodata.str1.5035716269708224044.1)
                  00008024    0000000a     ti_msp_dl_config.o (.rodata.gHC05_UARTConfig)
                  0000802e    0000000a     ti_msp_dl_config.o (.rodata.gIMU_UARTConfig)
                  00008038    00000009     app_debug.o (.rodata.str1.9620717744555156545.1)
                  00008041    00000003     ti_msp_dl_config.o (.rodata.gMOTOR_PWMClockConfig)
                  00008044    00000008     ti_msp_dl_config.o (.rodata.gLINE_ADC0ClockConfig)
                  0000804c    00000008     ti_msp_dl_config.o (.rodata.gLINE_ADC1ClockConfig)
                  00008054    00000008     ti_msp_dl_config.o (.rodata.gMOTOR_PWMConfig)
                  0000805c    00000008     pid_debug.o (.rodata.str1.3886643624907060703.1)
                  00008064    00000008     pid_debug.o (.rodata.str1.7986536232229893145.1)
                  0000806c    00000008     pid_debug.o (.rodata.str1.8456904789380864948.1)
                  00008074    00000007     pid_debug.o (.rodata.str1.11877910162695729275.1)
                  0000807b    00000007     pid_debug.o (.rodata.str1.1416602119553805069.1)
                  00008082    00000006     pid_debug.o (.rodata.str1.15842777436653960414.1)
                  00008088    00000006     pid_debug.o (.rodata.str1.16253993669262159547.1)
                  0000808e    00000006     pid_debug.o (.rodata.str1.2262253325373176953.1)
                  00008094    00000006     pid_debug.o (.rodata.str1.9094243432804522831.1)
                  0000809a    00000005     pid_debug.o (.rodata.str1.12969824529650049617.1)
                  0000809f    00000005     pid_debug.o (.rodata.str1.2778487014700404240.1)
                  000080a4    00000005     pid_debug.o (.rodata.str1.5352912628024371171.1)
                  000080a9    00000005     pid_debug.o (.rodata.str1.5673184633061407038.1)
                  000080ae    00000005     pid_debug.o (.rodata.str1.6397140539138654884.1)
                  000080b3    00000004     pid_debug.o (.rodata.str1.17953100446383368872.1)
                  000080b7    00000004     pid_debug.o (.rodata.str1.3849484794626343316.1)
                  000080bb    00000004     pid_debug.o (.rodata.str1.6529405688652304906.1)
                  000080bf    00000003     ti_msp_dl_config.o (.rodata.gTICK_TIMERClockConfig)
                  000080c2    00000003     pid_debug.o (.rodata.str1.1562754529217441215.1)
                  000080c5    00000003     pid_debug.o (.rodata.str1.6534756515858037954.1)
                  000080c8    00000003     pid_debug.o (.rodata.str1.8888355515855213943.1)
                  000080cb    00000002     ti_msp_dl_config.o (.rodata.gIMU_UARTClockConfig)
                  000080cd    00000002     pid_debug.o (.rodata.str1.1328762885903601245.1)
                  000080cf    00000002     pid_debug.o (.rodata.str1.1545196544212826627.1)
                  000080d1    00000002     pid_debug.o (.rodata.str1.2707440330996629769.1)
                  000080d3    0000000d     --HOLE-- [fill = 0]

.init_array 
*          0    00000000    00000000     UNINITIALIZED

.binit     0    00000000    00000000     

.bss       0    20200000    00000af1     UNINITIALIZED
                  20200000    00000400     (.common:OLED_DisplayBuf)
                  20200400    00000200     bsp_uart.o (.bss.g_txBuffer)
                  20200600    00000100     bsp_uart.o (.bss.g_rxBuffer)
                  20200700    000000a0     (.common:gLEFT_ENCODER_QEIBackup)
                  202007a0    00000060     pid_debug.o (.bss.g_rxPacket)
                  20200800    00000040     bsp_imu_uart.o (.bss.g_rxBuffer)
                  20200840    00000034     speed_control.o (.bss.g_leftPid)
                  20200874    00000034     line_control.o (.bss.g_linePid)
                  202008a8    00000034     speed_control.o (.bss.g_rightPid)
                  202008dc    00000034     line_control.o (.bss.g_yawRatePid)
                  20200910    00000030     line_sensor.o (.bss.g_data)
                  20200940    0000002c     pid_debug.o (.bss.g_diagnostics)
                  2020096c    00000020     bsp_imu_uart.o (.bss.g_txBuffer)
                  2020098c    0000001c     line_control.o (.bss.g_status)
                  202009a8    00000018     imu.o (.bss.g_data)
                  202009c0    00000018     imu.o (.bss.g_diagnostics)
                  202009d8    00000018     speed_control.o (.bss.g_status)
                  202009f0    00000014     encoder.o (.bss.g_left)
                  20200a04    00000014     encoder.o (.bss.g_right)
                  20200a18    00000010     line_sensor.o (.bss.g_maximum)
                  20200a28    00000010     line_sensor.o (.bss.g_minimum)
                  20200a38    0000000a     imu.o (.bss.g_parser)
                  20200a42    00000002     imu.o (.bss.g_lastAngleRaw)
                  20200a44    00000004     imu.o (.bss.g_calibrationSumDps)
                  20200a48    0000000a     motor.o (.bss.g_status)
                  20200a52    00000002     bsp_encoder.o (.bss.g_leftPreviousRaw)
                  20200a54    00000004     imu.o (.bss.g_configElapsedSeconds)
                  20200a58    00000004     imu.o (.bss.g_consumedSequence)
                  20200a5c    00000004     bsp_line_adc.o (.bss.g_frameCount)
                  20200a60    00000004     bsp_uart.o (.bss.g_hardwareErrorCount)
                  20200a64    00000004     app_car.o (.bss.g_lastLineSeenMs)
                  20200a68    00000004     line_control.o (.bss.g_lastPosition)
                  20200a6c    00000004     line_sensor.o (.bss.g_lastPosition)
                  20200a70    00000004     pid_debug.o (.bss.g_lastRxByteMs)
                  20200a74    00000004     bsp_encoder.o (.bss.g_leftExtendedCount)
                  20200a78    00000004     app_scheduler.o (.bss.g_nextControlMs)
                  20200a7c    00000004     app_scheduler.o (.bss.g_nextDebugMs)
                  20200a80    00000004     pid_debug.o (.bss.g_nextDisplayMs)
                  20200a84    00000004     app_scheduler.o (.bss.g_nextOledMs)
                  20200a88    00000004     pid_debug.o (.bss.g_nextPlotMs)
                  20200a8c    00000004     app_scheduler.o (.bss.g_nextSensorMs)
                  20200a90    00000004     app_scheduler.o (.bss.g_nextStateMs)
                  20200a94    00000004     encoder.o (.bss.g_previousLeft)
                  20200a98    00000004     encoder.o (.bss.g_previousRight)
                  20200a9c    00000004     imu.o (.bss.g_publishedSequence)
                  20200aa0    00000004     bsp_line_adc.o (.bss.g_restartCount)
                  20200aa4    00000004     bsp_encoder.o (.bss.g_rightCount)
                  20200aa8    00000004     bsp_encoder.o (.bss.g_rightEdgeInterrupts)
                  20200aac    00000004     bsp_encoder.o (.bss.g_rightInvalidTransitions)
                  20200ab0    00000004     bsp_imu_uart.o (.bss.g_rxOverflowCount)
                  20200ab4    00000004     bsp_uart.o (.bss.g_rxOverflowCount)
                  20200ab8    00000004     imu.o (.bss.g_sampleAgeSeconds)
                  20200abc    00000004     bsp_time.o (.bss.g_timeMs)
                  20200ac0    00000004     bsp_uart.o (.bss.g_txRejectedCount)
                  20200ac4    00000004     bsp_line_adc.o (.bss.g_unexpectedIrqCount)
                  20200ac8    00000004     bsp_line_adc.o (.bss.g_waitPolls)
                  20200acc    00000002     imu.o (.bss.g_publishedAngleRaw)
                  20200ace    00000002     imu.o (.bss.g_publishedDpsRaw)
                  20200ad0    00000002     bsp_imu_uart.o (.bss.g_rxHead)
                  20200ad2    00000002     bsp_uart.o (.bss.g_rxHead)
                  20200ad4    00000002     pid_debug.o (.bss.g_rxLength)
                  20200ad6    00000002     bsp_imu_uart.o (.bss.g_rxTail)
                  20200ad8    00000002     bsp_uart.o (.bss.g_rxTail)
                  20200ada    00000002     bsp_imu_uart.o (.bss.g_txHead)
                  20200adc    00000002     bsp_uart.o (.bss.g_txHead)
                  20200ade    00000002     bsp_imu_uart.o (.bss.g_txTail)
                  20200ae0    00000002     bsp_uart.o (.bss.g_txTail)
                  20200ae2    00000001     bsp_line_adc.o (.bss.g_adc0Done)
                  20200ae3    00000001     bsp_line_adc.o (.bss.g_adc1Done)
                  20200ae4    00000001     line_sensor.o (.bss.g_calibrating)
                  20200ae5    00000001     bsp_line_adc.o (.bss.g_conversionActive)
                  20200ae6    00000001     pid_debug.o (.bss.g_discardingOverflow)
                  20200ae7    00000001     pid_debug.o (.bss.g_displayDirty)
                  20200ae8    00000001     imu.o (.bss.g_haveLastAngle)
                  20200ae9    00000001     app_debug.o (.bss.g_oledConnected)
                  20200aea    00000001     oled.o (.bss.g_oledConnected)
                  20200aeb    00000001     app_debug.o (.bss.g_oledNextPage)
                  20200aec    00000001     app_debug.o (.bss.g_oledView)
                  20200aed    00000001     pid_debug.o (.bss.g_receivingPacket)
                  20200aee    00000001     bsp_encoder.o (.bss.g_rightPreviousState)
                  20200aef    00000001     app_car.o (.bss.g_state)
                  20200af0    00000001     imu.o (.bss.g_uartReady)

.data      0    20200af4    00000009     UNINITIALIZED
                  20200af4    00000004     libc.a : aeabi_portable.c.obj (.data.__aeabi_errno)
                  20200af8    00000004     bsp_tb6612.o (.data.g_pwmPeriodCounts)
                  20200afc    00000001     motor.o (.data.g_stopMode)

.stack     0    20207e00    00000200     UNINITIALIZED
                  20207e00    00000004     libc.a : boot_cortex_m.c.obj (.stack)
                  20207e04    000001fc     --HOLE--

__llvm_prf_cnts 
*          0    20200000    00000000     UNINITIALIZED

__llvm_prf_bits 
*          0    20200000    00000000     UNINITIALIZED

MODULE SUMMARY

       Module                         code    ro data   rw data
       ------                         ----    -------   -------
    .\
       ti_msp_dl_config.o             2088    117       160    
       startup_mspm0g350x_ticlang.o   6       192       0      
       empty.o                        30      0         0      
    +--+------------------------------+-------+---------+---------+
       Total:                         2124    309       160    
                                                               
    .\app\
       pid_debug.o                    3906    234       157    
       app_debug.o                    1102    356       3      
       app_car.o                      476     0         5      
       app_scheduler.o                188     0         20     
    +--+------------------------------+-------+---------+---------+
       Total:                         5672    590       185    
                                                               
    .\bsp\
       bsp_uart.o                     752     0         788    
       bsp_imu_uart.o                 660     0         108    
       bsp_encoder.o                  552     16        19     
       bsp_line_adc.o                 532     0         19     
       bsp_tb6612.o                   248     0         4      
       bsp_oled_soft_i2c.o            124     0         0      
       bsp_time.o                     100     0         4      
       bsp_board.o                    2       0         0      
    +--+------------------------------+-------+---------+---------+
       Total:                         2970    16        942    
                                                               
    .\control\
       line_control.o                 656     0         136    
       pid.o                          552     0         0      
       speed_control.o                280     0         128    
       vehicle_mixer.o                156     0         0      
    +--+------------------------------+-------+---------+---------+
       Total:                         1644    0         264    
                                                               
    .\drivers\
       oled.o                         2314    0         1025   
       oled_data.o                    0       2349      0      
       imu.o                          1240    512       86     
       line_sensor.o                  1216    0         85     
       encoder.o                      340     0         48     
       motor.o                        324     0         11     
       tb6612.o                       326     0         0      
    +--+------------------------------+-------+---------+---------+
       Total:                         5760    2861      1255   
                                                               
    C:/ti/mspm0_sdk_2_11_00_07/source/ti/driverlib/lib/ticlang/m0p/mspm0g1x0x_g3x0x/driverlib.a
       dl_timer.o                     608     0         0      
       dl_sysctl_mspm0g1x0x_g3x0x.o   316     0         0      
       dl_uart.o                      90      0         0      
       dl_adc12.o                     64      0         0      
       dl_common.o                    10      0         0      
    +--+------------------------------+-------+---------+---------+
       Total:                         1088    0         0      
                                                               
    C:\ti\ccs2100\ccs\tools\compiler\ti-cgt-armllvm_5.1.1.LTS\lib\armv6m-ti-none-eabi/c/libc.a
       _printfi.c.obj                 4624    34        0      
       divdf3_fast.c.obj              732     0         0      
       muldf3_fast.c.obj              472     0         0      
       aeabi_ctype.S.obj              0       257       0      
       s_scalbn.c.obj                 220     0         0      
       memcpy16.S.obj                 154     0         0      
       vsnprintf.c.obj                138     0         0      
       strcmp-armv6m.S.obj            136     0         0      
       copy_decompress_lzss.c.obj     124     0         0      
       memset16.S.obj                 98      0         0      
       s_frexp.c.obj                  92      0         0      
       _ltoa.c.obj                    88      0         0      
       atoi.c.obj                     68      0         0      
       autoinit.c.obj                 60      0         0      
       boot_cortex_m.c.obj            40      0         0      
       memccpy.c.obj                  34      0         0      
       copy_decompress_none.c.obj     18      0         0      
       copy_zero_init.c.obj           16      0         0      
       wcslen.c.obj                   16      0         0      
       aeabi_portable.c.obj           8       0         4      
       exit.c.obj                     6       0         0      
       pre_init.c.obj                 4       0         0      
    +--+------------------------------+-------+---------+---------+
       Total:                         7148    291       4      
                                                               
    C:\ti\ccs2100\ccs\tools\compiler\ti-cgt-armllvm_5.1.1.LTS\lib\armv6m-ti-none-eabi/c/libsysbm.a
       hostexit.c.obj                 4       0         0      
    +--+------------------------------+-------+---------+---------+
       Total:                         4       0         0      
                                                               
    C:\ti\ccs2100\ccs\tools\compiler\ti-cgt-armllvm_5.1.1.LTS\lib\armv6m-ti-none-eabi/libclang_rt.builtins.a
       adddf3.S.obj                   418     0         0      
       comparedf2.c.obj               268     0         0      
       addsf3.S.obj                   216     0         0      
       udivmoddi4.S.obj               162     0         0      
       comparesf2.S.obj               140     0         0      
       mulsf3.S.obj                   140     0         0      
       divsf3.S.obj                   130     0         0      
       aeabi_dcmp.S.obj               90      0         0      
       aeabi_fcmp.S.obj               90      0         0      
       aeabi_idivmod.S.obj            86      0         0      
       floatdisf.S.obj                78      0         0      
       fixdfsi.S.obj                  74      0         0      
       aeabi_uidivmod.S.obj           64      0         0      
       extendsfdf2.S.obj              64      0         0      
       floatsisf.S.obj                60      0         0      
       muldsi3.S.obj                  58      0         0      
       fixsfsi.S.obj                  56      0         0      
       fixunssfsi.S.obj               50      0         0      
       floatsidf.S.obj                44      0         0      
       floatunsisf.S.obj              40      0         0      
       muldi3.S.obj                   36      0         0      
       ashldi3.S.obj                  30      0         0      
       aeabi_memset.S.obj             26      0         0      
       aeabi_uldivmod.S.obj           20      0         0      
       aeabi_ddiv.c.obj               8       0         0      
       aeabi_dmul.c.obj               8       0         0      
       aeabi_memcpy.S.obj             8       0         0      
       aeabi_div0.c.obj               4       0         0      
    +--+------------------------------+-------+---------+---------+
       Total:                         2468    0         0      
                                                               
       Stack:                         0       0         512    
       Linker Generated:              0       47        0      
    +--+------------------------------+-------+---------+---------+
       Grand Total:                   28878   4114      3322   


LINKER GENERATED COPY TABLES

__TI_cinit_table @ 00008100 records: 2, size/record: 8, table size: 16
	.data: load addr=000080ec, load size=0000000b bytes, run addr=20200af4, run size=00000009 bytes, compression=lzss
	.bss: load addr=000080f8, load size=00000008 bytes, run addr=20200000, run size=00000af1 bytes, compression=zero_init


LINKER GENERATED HANDLER TABLE

__TI_handler_table @ 000080e0 records: 3, size/record: 4, table size: 12
	index: 0, handler: __TI_decompress_lzss
	index: 1, handler: __TI_decompress_none
	index: 2, handler: __TI_zero_init


FAR CALL TRAMPOLINES

callee name               trampoline name
   callee addr  tramp addr   call addr  call info
--------------  -----------  ---------  ----------------
__aeabi_dsub              $Tramp$TT$L$PI$$__aeabi_dsub
   00003519     000070e8     000070e6   libc.a : _printfi.c.obj (.text.OUTLINED_FUNCTION_0)

[1 trampolines]
[1 trampoline calls]


GLOBAL SYMBOLS: SORTED ALPHABETICALLY BY Name 

address   name                                 
-------   ----                                 
00006b2d  ADC0_IRQHandler                      
00006b59  ADC1_IRQHandler                      
00004bb7  AES_IRQHandler                       
000053c9  App_Car_ControlTask5ms               
00006ee9  App_Car_EmergencyStop                
00006f61  App_Car_FinishCalibration            
00007039  App_Car_GetState                     
000064c1  App_Car_Init                         
00006a0d  App_Car_SensorTask1ms                
000061ed  App_Car_Start                        
00006f01  App_Car_StartCalibration             
000066dd  App_Car_StateTask10ms                
00006d81  App_Car_Stop                         
00006a3d  App_Debug_Init                       
00001bc9  App_Debug_OLEDTask                   
00004a71  App_Debug_PollCommands               
00007103  App_Debug_Task                       
00006231  App_Scheduler_Init                   
000056c1  App_Scheduler_Run                    
00004b13  BSP_Board_Init                       
00006b85  BSP_Encoder_GetDiagnostics           
00006c09  BSP_Encoder_GetLeftCount             
00007045  BSP_Encoder_GetRightCount            
00004fed  BSP_Encoder_Init                     
00004d91  BSP_Encoder_ResetCounts              
00007051  BSP_IMU_UART_GetRxOverflowCount      
00004785  BSP_IMU_UART_IRQHandler              
00005cb5  BSP_IMU_UART_Init                    
00006715  BSP_IMU_UART_TryReadByte             
00003d11  BSP_IMU_UART_TryWrite                
0000705d  BSP_LineADC_GetFrameCount            
00007069  BSP_LineADC_GetRestartCount          
00007075  BSP_LineADC_GetUnexpectedIrqCount    
00004e29  BSP_LineADC_Init                     
0000403d  BSP_LineADC_Read                     
00006da1  BSP_OLED_SoftI2C_Init                
00006f75  BSP_OLED_SoftI2C_ReadSDA             
00006cd1  BSP_OLED_SoftI2C_WriteSCL            
00006cf5  BSP_OLED_SoftI2C_WriteSDA            
00005a59  BSP_TB6612_Init                      
000064fd  BSP_TB6612_SetInputs                 
0000674d  BSP_TB6612_SetPwmPermille            
00006e41  BSP_TB6612_SetStandby                
00007081  BSP_Time_GetMs                       
00006539  BSP_Time_Init                        
00003e2d  BSP_UART_IRQHandler                  
00005981  BSP_UART_Init                        
00006785  BSP_UART_TryReadByte                 
00003979  BSP_UART_TryWrite                    
0000533c  C$$EXIT                              
00004bb7  CANFD0_IRQHandler                    
00004bb7  DAC0_IRQHandler                      
00006341  DL_ADC12_setClockConfig              
000070d5  DL_Common_delayCycles                
00006e5d  DL_SYSCTL_configFCC                  
000044f5  DL_SYSCTL_configSYSPLL               
00006275  DL_SYSCTL_switchMCLKfromSYSOSCtoHSCLK
00003f39  DL_Timer_initFourCCPWMMode           
0000413d  DL_Timer_initTimerMode               
00006e79  DL_Timer_setCaptCompUpdateMethod     
00006f19  DL_Timer_setCaptureCompareOutCtl     
00006fe9  DL_Timer_setCaptureCompareValue      
00006e95  DL_Timer_setClockConfig              
00006115  DL_UART_init                         
00006fb1  DL_UART_setClockConfig               
00004bb7  DMA_IRQHandler                       
00004bb7  Default_Handler                      
0000710d  Encoder_GetLeft                      
00007115  Encoder_GetRight                     
0000615d  Encoder_Init                         
000062b9  Encoder_Reset                        
00006381  Encoder_Update                       
00004bb7  GROUP0_IRQHandler                    
00004bb9  GROUP1_IRQHandler                    
0000533d  HOSTexit                             
00004bb7  HardFault_Handler                    
00004bb7  I2C0_IRQHandler                      
00004bb7  I2C1_IRQHandler                      
0000711d  IMU_GetData                          
00007125  IMU_GetDiagnostics                   
00004ec1  IMU_Init                             
00003be9  IMU_PushRxByte                       
0000708d  IMU_ResetYaw                         
00006f31  IMU_StartGyroCalibration             
00001f3d  IMU_Update                           
0000712d  LineControl_GetPID                   
00007135  LineControl_GetStatus                
0000713d  LineControl_GetYawRatePID            
000049cd  LineControl_Init                     
000067bd  LineControl_Reset                    
0000337d  LineControl_Update                   
00007099  LineSensor_FinishCalibration         
00007145  LineSensor_GetData                   
000061a5  LineSensor_Init                      
000070a5  LineSensor_IsCalibrating             
0000179d  LineSensor_Sample                    
00006bb1  LineSensor_StartCalibration          
000070b1  Motor_ClearEmergencyStop             
00006dc1  Motor_EmergencyStop                  
00006a6d  Motor_Enable                         
0000714d  Motor_GetStatus                      
00006de1  Motor_Init                           
000070bd  Motor_SetStopMode                    
00006575  Motor_SetTargetPermille              
00005739  Motor_Update                         
00004bb7  NMI_Handler                          
00007be0  OLED_CF16x16                         
00006f89  OLED_Clear                           
20200000  OLED_DisplayBuf                      
000077a0  OLED_F6x8                            
000071b0  OLED_F8x16                           
00004855  OLED_I2C_SendByte                    
000031d5  OLED_Init                            
000070c9  OLED_IsConnected                     
00006afd  OLED_Printf                          
000027a5  OLED_ShowImage                       
00003009  OLED_ShowString                      
00004f59  OLED_UpdateArea                      
00005b91  OLED_WriteCommand                    
00004335  OLED_WriteData                       
000065b1  PIDDebug_CheckTimeout                
000059ed  PIDDebug_Init                        
00005e25  PIDDebug_Printf                      
000000c1  PIDDebug_PushRxByte                  
0000382d  PIDDebug_Task                        
00006c31  PID_Init                             
00006ff9  PID_Reset                            
00006909  PID_SetDerivativeFilter              
0000689d  PID_SetIntegralLimits                
000071a3  PID_SetTunings                       
000036ab  PID_Update                           
00004bb7  PendSV_Handler                       
00004bb7  RTC_IRQHandler                       
000071a7  Reset_Handler                        
00004bb7  SPI0_IRQHandler                      
00004bb7  SPI1_IRQHandler                      
00004bb7  SVC_Handler                          
00004415  SYSCFG_DL_GPIO_init                  
0000510d  SYSCFG_DL_HC05_UART_init             
00005199  SYSCFG_DL_IMU_UART_init              
0000607d  SYSCFG_DL_LEFT_ENCODER_QEI_init      
00005911  SYSCFG_DL_LINE_ADC0_init             
000054d1  SYSCFG_DL_LINE_ADC1_init             
0000507d  SYSCFG_DL_MOTOR_PWM_init             
00006c59  SYSCFG_DL_SYSCTL_CLK_init            
000024fd  SYSCFG_DL_SYSCTL_SYSPLL_init         
00004925  SYSCFG_DL_SYSCTL_init                
000067f5  SYSCFG_DL_TICK_TIMER_init            
000065ed  SYSCFG_DL_init                       
0000554d  SYSCFG_DL_initPower                  
00007155  SpeedControl_GetLeftPID              
0000715d  SpeedControl_GetRightPID             
00007165  SpeedControl_GetStatus               
00005829  SpeedControl_Init                    
0000693d  SpeedControl_Reset                   
00005e7d  SpeedControl_Update                  
00004bb7  SysTick_Handler                      
0000682d  TB6612_Enable                        
000068d3  TB6612_Init                          
00005645  TB6612_SetSignedDuty                 
00005c57  TB6612_StopAll                       
00004bb7  TIMA0_IRQHandler                     
00004bb7  TIMA1_IRQHandler                     
00006eb1  TIMG0_IRQHandler                     
00004bb7  TIMG12_IRQHandler                    
00004bb7  TIMG6_IRQHandler                     
00004bb7  TIMG7_IRQHandler                     
00004bb7  TIMG8_IRQHandler                     
0000716d  UART0_IRQHandler                     
00007175  UART1_IRQHandler                     
00004bb7  UART2_IRQHandler                     
00004bb7  UART3_IRQHandler                     
00004c59  VehicleMixer_Mix                     
20208000  __STACK_END                          
00000200  __STACK_SIZE                         
00000000  __TI_ATRegion0_region_sz             
00000000  __TI_ATRegion0_src_addr              
00000000  __TI_ATRegion0_trg_addr              
00000000  __TI_ATRegion1_region_sz             
00000000  __TI_ATRegion1_src_addr              
00000000  __TI_ATRegion1_trg_addr              
00000000  __TI_ATRegion2_region_sz             
00000000  __TI_ATRegion2_src_addr              
00000000  __TI_ATRegion2_trg_addr              
00008100  __TI_CINIT_Base                      
00008110  __TI_CINIT_Limit                     
00008110  __TI_CINIT_Warm                      
000080e0  __TI_Handler_Table_Base              
000080ec  __TI_Handler_Table_Limit             
00006629  __TI_auto_init_nobinit_nopinit       
000055c9  __TI_decompress_lzss                 
00006fd5  __TI_decompress_none                 
00005ed5  __TI_ltoa                            
ffffffff  __TI_pprof_out_hndl                  
00000d21  __TI_printfi                         
ffffffff  __TI_prof_data_size                  
ffffffff  __TI_prof_data_start                 
00000000  __TI_static_base__                   
00007019  __TI_zero_init                       
00003523  __adddf3                             
000046b7  __addsf3                             
00007cf0  __aeabi_ctype_table_                 
00007cf0  __aeabi_ctype_table_C                
000060c9  __aeabi_d2iz                         
00003523  __aeabi_dadd                         
00005d6d  __aeabi_dcmpeq                       
00005da3  __aeabi_dcmpge                       
00005db5  __aeabi_dcmpgt                       
00005d91  __aeabi_dcmple                       
00005d7f  __aeabi_dcmplt                       
00006a9d  __aeabi_dcmpun                       
0000717d  __aeabi_ddiv_fast                    
00007185  __aeabi_dmul_fast                    
00003519  __aeabi_dsub                         
20200af4  __aeabi_errno                        
0000718d  __aeabi_errno_addr                   
00006481  __aeabi_f2d                          
00006865  __aeabi_f2iz                         
000069d9  __aeabi_f2uiz                        
000046b7  __aeabi_fadd                         
00005dc9  __aeabi_fcmpeq                       
00005dff  __aeabi_fcmpge                       
00005e11  __aeabi_fcmpgt                       
00005ded  __aeabi_fcmple                       
00005ddb  __aeabi_fcmplt                       
0000529b  __aeabi_fcmpun                       
0000544d  __aeabi_fdiv                         
000052b1  __aeabi_fmul                         
000046ad  __aeabi_fsub                         
00006bdd  __aeabi_i2d                          
00006665  __aeabi_i2f                          
00005f85  __aeabi_idiv                         
00004d8f  __aeabi_idiv0                        
00005f85  __aeabi_idivmod                      
0000602d  __aeabi_l2f                          
000054cf  __aeabi_ldiv0                        
00006e21  __aeabi_llsl                         
00006d19  __aeabi_lmul                         
00006edb  __aeabi_memclr                       
00006edb  __aeabi_memclr4                      
00006edb  __aeabi_memclr8                      
00007195  __aeabi_memcpy                       
00007195  __aeabi_memcpy4                      
00007195  __aeabi_memcpy8                      
00006ecd  __aeabi_memset                       
00006ecd  __aeabi_memset4                      
00006ecd  __aeabi_memset8                      
00006ca9  __aeabi_ui2f                         
00006441  __aeabi_uidiv                        
00006441  __aeabi_uidivmod                     
00006f9d  __aeabi_uldivmod                     
00006e21  __ashldi3                            
ffffffff  __binit__                            
00005ac1  __cmpdf2                             
00005225  __cmpsf2                             
00002221  __divdf3_fast                        
0000544d  __divsf3                             
00005ac1  __eqdf2                              
00005225  __eqsf2                              
00006481  __extendsfdf2                        
000060c9  __fixdfsi                            
00006865  __fixsfsi                            
000069d9  __fixunssfsi                         
0000602d  __floatdisf                          
00006bdd  __floatsidf                          
00006665  __floatsisf                          
00006ca9  __floatunsisf                        
0000589d  __gedf2                              
0000525f  __gesf2                              
0000589d  __gtdf2                              
0000525f  __gtsf2                              
00005ac1  __ledf2                              
00005225  __lesf2                              
00005ac1  __ltdf2                              
00005225  __ltsf2                              
UNDEFED   __mpu_init                           
00002e31  __muldf3_fast                        
00006d19  __muldi3                             
000066a1  __muldsi3                            
000052b1  __mulsf3                             
00005ac1  __nedf2                              
00005225  __nesf2                              
20207e00  __stack                              
20200000  __start___llvm_prf_bits              
20200000  __start___llvm_prf_cnts              
20200000  __stop___llvm_prf_bits               
20200000  __stop___llvm_prf_cnts               
00003519  __subdf3                             
000046ad  __subsf3                             
00004b15  __udivmoddi4                         
00006a9d  __unorddf2                           
0000529b  __unordsf2                           
00006c81  _c_int00_noargs                      
UNDEFED   _system_post_cinit                   
000071ab  _system_pre_init                     
0000719d  abort                                
000062fd  atoi                                 
ffffffff  binit                                
00005d11  frexp                                
00005d11  frexpl                               
20200700  gLEFT_ENCODER_QEIBackup              
00000000  interruptVectors                     
000045d1  ldexp                                
000045d1  ldexpl                               
00006e01  main                                 
00006d3d  memccpy                              
00004cf5  memcpy                               
00005bf5  memset                               
000045d1  scalbn                               
000045d1  scalbnl                              
00005341  strcmp                               
00006401  vsnprintf                            
00007009  wcslen                               


GLOBAL SYMBOLS: SORTED BY Symbol Address 

address   name                                 
-------   ----                                 
00000000  __TI_ATRegion0_region_sz             
00000000  __TI_ATRegion0_src_addr              
00000000  __TI_ATRegion0_trg_addr              
00000000  __TI_ATRegion1_region_sz             
00000000  __TI_ATRegion1_src_addr              
00000000  __TI_ATRegion1_trg_addr              
00000000  __TI_ATRegion2_region_sz             
00000000  __TI_ATRegion2_src_addr              
00000000  __TI_ATRegion2_trg_addr              
00000000  __TI_static_base__                   
00000000  interruptVectors                     
000000c1  PIDDebug_PushRxByte                  
00000200  __STACK_SIZE                         
00000d21  __TI_printfi                         
0000179d  LineSensor_Sample                    
00001bc9  App_Debug_OLEDTask                   
00001f3d  IMU_Update                           
00002221  __divdf3_fast                        
000024fd  SYSCFG_DL_SYSCTL_SYSPLL_init         
000027a5  OLED_ShowImage                       
00002e31  __muldf3_fast                        
00003009  OLED_ShowString                      
000031d5  OLED_Init                            
0000337d  LineControl_Update                   
00003519  __aeabi_dsub                         
00003519  __subdf3                             
00003523  __adddf3                             
00003523  __aeabi_dadd                         
000036ab  PID_Update                           
0000382d  PIDDebug_Task                        
00003979  BSP_UART_TryWrite                    
00003be9  IMU_PushRxByte                       
00003d11  BSP_IMU_UART_TryWrite                
00003e2d  BSP_UART_IRQHandler                  
00003f39  DL_Timer_initFourCCPWMMode           
0000403d  BSP_LineADC_Read                     
0000413d  DL_Timer_initTimerMode               
00004335  OLED_WriteData                       
00004415  SYSCFG_DL_GPIO_init                  
000044f5  DL_SYSCTL_configSYSPLL               
000045d1  ldexp                                
000045d1  ldexpl                               
000045d1  scalbn                               
000045d1  scalbnl                              
000046ad  __aeabi_fsub                         
000046ad  __subsf3                             
000046b7  __addsf3                             
000046b7  __aeabi_fadd                         
00004785  BSP_IMU_UART_IRQHandler              
00004855  OLED_I2C_SendByte                    
00004925  SYSCFG_DL_SYSCTL_init                
000049cd  LineControl_Init                     
00004a71  App_Debug_PollCommands               
00004b13  BSP_Board_Init                       
00004b15  __udivmoddi4                         
00004bb7  AES_IRQHandler                       
00004bb7  CANFD0_IRQHandler                    
00004bb7  DAC0_IRQHandler                      
00004bb7  DMA_IRQHandler                       
00004bb7  Default_Handler                      
00004bb7  GROUP0_IRQHandler                    
00004bb7  HardFault_Handler                    
00004bb7  I2C0_IRQHandler                      
00004bb7  I2C1_IRQHandler                      
00004bb7  NMI_Handler                          
00004bb7  PendSV_Handler                       
00004bb7  RTC_IRQHandler                       
00004bb7  SPI0_IRQHandler                      
00004bb7  SPI1_IRQHandler                      
00004bb7  SVC_Handler                          
00004bb7  SysTick_Handler                      
00004bb7  TIMA0_IRQHandler                     
00004bb7  TIMA1_IRQHandler                     
00004bb7  TIMG12_IRQHandler                    
00004bb7  TIMG6_IRQHandler                     
00004bb7  TIMG7_IRQHandler                     
00004bb7  TIMG8_IRQHandler                     
00004bb7  UART2_IRQHandler                     
00004bb7  UART3_IRQHandler                     
00004bb9  GROUP1_IRQHandler                    
00004c59  VehicleMixer_Mix                     
00004cf5  memcpy                               
00004d8f  __aeabi_idiv0                        
00004d91  BSP_Encoder_ResetCounts              
00004e29  BSP_LineADC_Init                     
00004ec1  IMU_Init                             
00004f59  OLED_UpdateArea                      
00004fed  BSP_Encoder_Init                     
0000507d  SYSCFG_DL_MOTOR_PWM_init             
0000510d  SYSCFG_DL_HC05_UART_init             
00005199  SYSCFG_DL_IMU_UART_init              
00005225  __cmpsf2                             
00005225  __eqsf2                              
00005225  __lesf2                              
00005225  __ltsf2                              
00005225  __nesf2                              
0000525f  __gesf2                              
0000525f  __gtsf2                              
0000529b  __aeabi_fcmpun                       
0000529b  __unordsf2                           
000052b1  __aeabi_fmul                         
000052b1  __mulsf3                             
0000533c  C$$EXIT                              
0000533d  HOSTexit                             
00005341  strcmp                               
000053c9  App_Car_ControlTask5ms               
0000544d  __aeabi_fdiv                         
0000544d  __divsf3                             
000054cf  __aeabi_ldiv0                        
000054d1  SYSCFG_DL_LINE_ADC1_init             
0000554d  SYSCFG_DL_initPower                  
000055c9  __TI_decompress_lzss                 
00005645  TB6612_SetSignedDuty                 
000056c1  App_Scheduler_Run                    
00005739  Motor_Update                         
00005829  SpeedControl_Init                    
0000589d  __gedf2                              
0000589d  __gtdf2                              
00005911  SYSCFG_DL_LINE_ADC0_init             
00005981  BSP_UART_Init                        
000059ed  PIDDebug_Init                        
00005a59  BSP_TB6612_Init                      
00005ac1  __cmpdf2                             
00005ac1  __eqdf2                              
00005ac1  __ledf2                              
00005ac1  __ltdf2                              
00005ac1  __nedf2                              
00005b91  OLED_WriteCommand                    
00005bf5  memset                               
00005c57  TB6612_StopAll                       
00005cb5  BSP_IMU_UART_Init                    
00005d11  frexp                                
00005d11  frexpl                               
00005d6d  __aeabi_dcmpeq                       
00005d7f  __aeabi_dcmplt                       
00005d91  __aeabi_dcmple                       
00005da3  __aeabi_dcmpge                       
00005db5  __aeabi_dcmpgt                       
00005dc9  __aeabi_fcmpeq                       
00005ddb  __aeabi_fcmplt                       
00005ded  __aeabi_fcmple                       
00005dff  __aeabi_fcmpge                       
00005e11  __aeabi_fcmpgt                       
00005e25  PIDDebug_Printf                      
00005e7d  SpeedControl_Update                  
00005ed5  __TI_ltoa                            
00005f85  __aeabi_idiv                         
00005f85  __aeabi_idivmod                      
0000602d  __aeabi_l2f                          
0000602d  __floatdisf                          
0000607d  SYSCFG_DL_LEFT_ENCODER_QEI_init      
000060c9  __aeabi_d2iz                         
000060c9  __fixdfsi                            
00006115  DL_UART_init                         
0000615d  Encoder_Init                         
000061a5  LineSensor_Init                      
000061ed  App_Car_Start                        
00006231  App_Scheduler_Init                   
00006275  DL_SYSCTL_switchMCLKfromSYSOSCtoHSCLK
000062b9  Encoder_Reset                        
000062fd  atoi                                 
00006341  DL_ADC12_setClockConfig              
00006381  Encoder_Update                       
00006401  vsnprintf                            
00006441  __aeabi_uidiv                        
00006441  __aeabi_uidivmod                     
00006481  __aeabi_f2d                          
00006481  __extendsfdf2                        
000064c1  App_Car_Init                         
000064fd  BSP_TB6612_SetInputs                 
00006539  BSP_Time_Init                        
00006575  Motor_SetTargetPermille              
000065b1  PIDDebug_CheckTimeout                
000065ed  SYSCFG_DL_init                       
00006629  __TI_auto_init_nobinit_nopinit       
00006665  __aeabi_i2f                          
00006665  __floatsisf                          
000066a1  __muldsi3                            
000066dd  App_Car_StateTask10ms                
00006715  BSP_IMU_UART_TryReadByte             
0000674d  BSP_TB6612_SetPwmPermille            
00006785  BSP_UART_TryReadByte                 
000067bd  LineControl_Reset                    
000067f5  SYSCFG_DL_TICK_TIMER_init            
0000682d  TB6612_Enable                        
00006865  __aeabi_f2iz                         
00006865  __fixsfsi                            
0000689d  PID_SetIntegralLimits                
000068d3  TB6612_Init                          
00006909  PID_SetDerivativeFilter              
0000693d  SpeedControl_Reset                   
000069d9  __aeabi_f2uiz                        
000069d9  __fixunssfsi                         
00006a0d  App_Car_SensorTask1ms                
00006a3d  App_Debug_Init                       
00006a6d  Motor_Enable                         
00006a9d  __aeabi_dcmpun                       
00006a9d  __unorddf2                           
00006afd  OLED_Printf                          
00006b2d  ADC0_IRQHandler                      
00006b59  ADC1_IRQHandler                      
00006b85  BSP_Encoder_GetDiagnostics           
00006bb1  LineSensor_StartCalibration          
00006bdd  __aeabi_i2d                          
00006bdd  __floatsidf                          
00006c09  BSP_Encoder_GetLeftCount             
00006c31  PID_Init                             
00006c59  SYSCFG_DL_SYSCTL_CLK_init            
00006c81  _c_int00_noargs                      
00006ca9  __aeabi_ui2f                         
00006ca9  __floatunsisf                        
00006cd1  BSP_OLED_SoftI2C_WriteSCL            
00006cf5  BSP_OLED_SoftI2C_WriteSDA            
00006d19  __aeabi_lmul                         
00006d19  __muldi3                             
00006d3d  memccpy                              
00006d81  App_Car_Stop                         
00006da1  BSP_OLED_SoftI2C_Init                
00006dc1  Motor_EmergencyStop                  
00006de1  Motor_Init                           
00006e01  main                                 
00006e21  __aeabi_llsl                         
00006e21  __ashldi3                            
00006e41  BSP_TB6612_SetStandby                
00006e5d  DL_SYSCTL_configFCC                  
00006e79  DL_Timer_setCaptCompUpdateMethod     
00006e95  DL_Timer_setClockConfig              
00006eb1  TIMG0_IRQHandler                     
00006ecd  __aeabi_memset                       
00006ecd  __aeabi_memset4                      
00006ecd  __aeabi_memset8                      
00006edb  __aeabi_memclr                       
00006edb  __aeabi_memclr4                      
00006edb  __aeabi_memclr8                      
00006ee9  App_Car_EmergencyStop                
00006f01  App_Car_StartCalibration             
00006f19  DL_Timer_setCaptureCompareOutCtl     
00006f31  IMU_StartGyroCalibration             
00006f61  App_Car_FinishCalibration            
00006f75  BSP_OLED_SoftI2C_ReadSDA             
00006f89  OLED_Clear                           
00006f9d  __aeabi_uldivmod                     
00006fb1  DL_UART_setClockConfig               
00006fd5  __TI_decompress_none                 
00006fe9  DL_Timer_setCaptureCompareValue      
00006ff9  PID_Reset                            
00007009  wcslen                               
00007019  __TI_zero_init                       
00007039  App_Car_GetState                     
00007045  BSP_Encoder_GetRightCount            
00007051  BSP_IMU_UART_GetRxOverflowCount      
0000705d  BSP_LineADC_GetFrameCount            
00007069  BSP_LineADC_GetRestartCount          
00007075  BSP_LineADC_GetUnexpectedIrqCount    
00007081  BSP_Time_GetMs                       
0000708d  IMU_ResetYaw                         
00007099  LineSensor_FinishCalibration         
000070a5  LineSensor_IsCalibrating             
000070b1  Motor_ClearEmergencyStop             
000070bd  Motor_SetStopMode                    
000070c9  OLED_IsConnected                     
000070d5  DL_Common_delayCycles                
00007103  App_Debug_Task                       
0000710d  Encoder_GetLeft                      
00007115  Encoder_GetRight                     
0000711d  IMU_GetData                          
00007125  IMU_GetDiagnostics                   
0000712d  LineControl_GetPID                   
00007135  LineControl_GetStatus                
0000713d  LineControl_GetYawRatePID            
00007145  LineSensor_GetData                   
0000714d  Motor_GetStatus                      
00007155  SpeedControl_GetLeftPID              
0000715d  SpeedControl_GetRightPID             
00007165  SpeedControl_GetStatus               
0000716d  UART0_IRQHandler                     
00007175  UART1_IRQHandler                     
0000717d  __aeabi_ddiv_fast                    
00007185  __aeabi_dmul_fast                    
0000718d  __aeabi_errno_addr                   
00007195  __aeabi_memcpy                       
00007195  __aeabi_memcpy4                      
00007195  __aeabi_memcpy8                      
0000719d  abort                                
000071a3  PID_SetTunings                       
000071a7  Reset_Handler                        
000071ab  _system_pre_init                     
000071b0  OLED_F8x16                           
000077a0  OLED_F6x8                            
00007be0  OLED_CF16x16                         
00007cf0  __aeabi_ctype_table_                 
00007cf0  __aeabi_ctype_table_C                
000080e0  __TI_Handler_Table_Base              
000080ec  __TI_Handler_Table_Limit             
00008100  __TI_CINIT_Base                      
00008110  __TI_CINIT_Limit                     
00008110  __TI_CINIT_Warm                      
20200000  OLED_DisplayBuf                      
20200000  __start___llvm_prf_bits              
20200000  __start___llvm_prf_cnts              
20200000  __stop___llvm_prf_bits               
20200000  __stop___llvm_prf_cnts               
20200700  gLEFT_ENCODER_QEIBackup              
20200af4  __aeabi_errno                        
20207e00  __stack                              
20208000  __STACK_END                          
ffffffff  __TI_pprof_out_hndl                  
ffffffff  __TI_prof_data_size                  
ffffffff  __TI_prof_data_start                 
ffffffff  __binit__                            
ffffffff  binit                                
UNDEFED   __mpu_init                           
UNDEFED   _system_post_cinit                   

[313 symbols]
