******************************************************************************
            TI ARM Clang Linker PC v5.1.1                      
******************************************************************************
>> Linked Thu Jul 23 23:41:59 2026

OUTPUT FILE NAME:   <empty_LP_MSPM0G3507_nortos_ticlang.out>
ENTRY POINT SYMBOL: "_c_int00_noargs"  address: 00002a21


MEMORY CONFIGURATION

         name            origin    length      used     unused   attr    fill
----------------------  --------  ---------  --------  --------  ----  --------
  FLASH                 00000000   00020000  00003178  0001ce88  R  X
  SRAM                  20200000   00008000  00000441  00007bbf  RW X
  BCR_CONFIG            41c00000   000000ff  00000000  000000ff  R   
  BSL_CONFIG            41c00100   00000080  00000000  00000080  R   


SEGMENT ALLOCATION MAP

run origin  load origin   length   init length attrs members
----------  ----------- ---------- ----------- ----- -------
00000000    00000000    00002dd8   00002dd8    r-x
  00000000    00000000    000000c0   000000c0    r-- .intvecs
  000000c0    000000c0    00002d18   00002d18    r-x .text
00002de0    00002de0    000003a0   000003a0    r--
  00002de0    00002de0    00000370   00000370    r-- .rodata
  00003150    00003150    00000030   00000030    r-- .cinit
20200000    20200000    00000241   00000000    rw-
  20200000    20200000    0000023c   00000000    rw- .bss
  2020023c    2020023c    00000005   00000000    rw- .data
20207e00    20207e00    00000200   00000000    rw-
  20207e00    20207e00    00000200   00000000    rw- .stack


SECTION ALLOCATION MAP

 output                                  attributes/
section   page    origin      length       input sections
--------  ----  ----------  ----------   ----------------
.intvecs   0    00000000    000000c0     
                  00000000    000000c0     startup_mspm0g350x_ticlang.o (.intvecs)

.text      0    000000c0    00002d18     
                  000000c0    000008dc     libc.a : _printfi.c.obj (.text:__TI_printfi_nofloat)
                  0000099c    0000042c     line_sensor.o (.text.LineSensor_Sample)
                  00000dc8    000002e4     imu.o (.text.IMU_Update)
                  000010ac    00000182     pid.o (.text.PID_Update)
                  0000122e    00000002     bsp_board.o (.text.BSP_Board_Init)
                  00001230    00000128     imu.o (.text.IMU_PushRxByte)
                  00001358    0000011c     bsp_imu_uart.o (.text.BSP_IMU_UART_TryWrite)
                  00001474    000000dc     app_debug.o (.text.App_Debug_Task)
                  00001550    000000d8     libclang_rt.builtins.a : addsf3.S.obj (.text)
                  00001628    000000d0     bsp_imu_uart.o (.text.BSP_IMU_UART_IRQHandler)
                  000016f8    000000a2     libclang_rt.builtins.a : udivmoddi4.S.obj (.text)
                  0000179a    0000009c     vehicle_mixer.o (.text.VehicleMixer_Mix)
                  00001836    0000009a     libc.a : memcpy16.S.obj (.text:memcpy)
                  000018d0    00000098     imu.o (.text.IMU_Init)
                  00001968    00000098     line_control.o (.text.LineControl_Update)
                  00001a00    0000008c     ti_msp_dl_config.o (.text.SYSCFG_DL_HC05_UART_init)
                  00001a8c    0000008c     ti_msp_dl_config.o (.text.SYSCFG_DL_IMU_UART_init)
                  00001b18    0000008c     libclang_rt.builtins.a : comparesf2.S.obj (.text)
                  00001ba4    0000008c                            : mulsf3.S.obj (.text)
                  00001c30    0000008a     app_debug.o (.text.App_Debug_PollCommands)
                  00001cba    00000002     bsp_encoder.o (.text.BSP_Encoder_Init)
                  00001cbc    00000082     libclang_rt.builtins.a : divsf3.S.obj (.text)
                  00001d3e    00000002     bsp_encoder.o (.text.BSP_Encoder_ResetCounts)
                  00001d40    0000007c     libc.a : copy_decompress_lzss.c.obj (.text:decompress:lzss)
                  00001dbc    0000007a     tb6612.o (.text.TB6612_SetSignedDuty)
                  00001e36    00000002     bsp_tb6612.o (.text.BSP_TB6612_Init)
                  00001e38    00000078     motor.o (.text.Motor_Update)
                  00001eb0    00000074     encoder.o (.text.update_one)
                  00001f24    0000006c     speed_control.o (.text.SpeedControl_Init)
                  00001f90    00000064     app_car.o (.text.App_Car_ControlTask5ms)
                  00001ff4    00000062     libc.a : memset16.S.obj (.text:memset)
                  00002056    00000002     bsp_tb6612.o (.text.BSP_TB6612_SetInputs)
                  00002058    00000060     app_scheduler.o (.text.App_Scheduler_Run)
                  000020b8    0000005e     tb6612.o (.text.TB6612_StopAll)
                  00002116    00000002     bsp_tb6612.o (.text.BSP_TB6612_SetPwmPermille)
                  00002118    0000005c     bsp_imu_uart.o (.text.BSP_IMU_UART_Init)
                  00002174    0000005a     libclang_rt.builtins.a : aeabi_fcmp.S.obj (.text)
                  000021ce    00000002     bsp_tb6612.o (.text.BSP_TB6612_SetStandby)
                  000021d0    00000058     line_control.o (.text.LineControl_Init)
                  00002228    00000058     speed_control.o (.text.SpeedControl_Update)
                  00002280    0000004e     libclang_rt.builtins.a : floatdisf.S.obj (.text)
                  000022ce    00000002     startup_mspm0g350x_ticlang.o (.text.Default_Handler)
                  000022d0    00000048     driverlib.a : dl_uart.o (.text.DL_UART_init)
                  00002318    00000048     encoder.o (.text.Encoder_Init)
                  00002360    00000048     line_sensor.o (.text.LineSensor_Init)
                  000023a8    00000048     libc.a : snprintf.c.obj (.text.snprintf)
                  000023f0    00000044     app_car.o (.text.App_Car_Start)
                  00002434    00000044     encoder.o (.text.Encoder_Reset)
                  00002478    00000044     libc.a : atoi.c.obj (.text.atoi)
                  000024bc    00000040     ti_msp_dl_config.o (.text.SYSCFG_DL_SYSCTL_init)
                  000024fc    00000040     ti_msp_dl_config.o (.text.SYSCFG_DL_initPower)
                  0000253c    00000040     libclang_rt.builtins.a : aeabi_uidivmod.S.obj (.text)
                  0000257c    0000003c     app_car.o (.text.App_Car_Init)
                  000025b8    0000003c     bsp_uart.o (.text.BSP_UART_Init)
                  000025f4    0000003c     motor.o (.text.Motor_SetTargetPermille)
                  00002630    0000003c     libc.a : autoinit.c.obj (.text:__TI_auto_init_nobinit_nopinit)
                  0000266c    0000003c     libclang_rt.builtins.a : floatsisf.S.obj (.text)
                  000026a8    0000003a                            : muldsi3.S.obj (.text)
                  000026e2    00000002                            : aeabi_div0.c.obj (.text.__aeabi_idiv0)
                  000026e4    00000038     app_car.o (.text.App_Car_StateTask10ms)
                  0000271c    00000038     app_scheduler.o (.text.App_Scheduler_Init)
                  00002754    00000038     bsp_imu_uart.o (.text.BSP_IMU_UART_TryReadByte)
                  0000278c    00000038     encoder.o (.text.Encoder_Update)
                  000027c4    00000038     tb6612.o (.text.TB6612_Enable)
                  000027fc    00000038     libclang_rt.builtins.a : fixsfsi.S.obj (.text)
                  00002834    00000036     pid.o (.text.PID_SetIntegralLimits)
                  0000286a    00000036     tb6612.o (.text.TB6612_Init)
                  000028a0    00000034     pid.o (.text.PID_SetDerivativeFilter)
                  000028d4    00000034     speed_control.o (.text.SpeedControl_Reset)
                  00002908    00000032     libc.a : snprintf.c.obj (.text._outs)
                  0000293a    00000002     libclang_rt.builtins.a : aeabi_div0.c.obj (.text.__aeabi_ldiv0)
                  0000293c    00000030     app_car.o (.text.App_Car_SensorTask1ms)
                  0000296c    00000030     bsp_uart.o (.text.BSP_UART_TryReadByte)
                  0000299c    00000030     motor.o (.text.Motor_Enable)
                  000029cc    0000002c     line_sensor.o (.text.LineSensor_StartCalibration)
                  000029f8    00000028     pid.o (.text.PID_Init)
                  00002a20    00000028     libc.a : boot_cortex_m.c.obj (.text:_c_int00_noargs)
                  00002a48    00000028     libclang_rt.builtins.a : floatunsisf.S.obj (.text)
                  00002a70    00000024                            : muldi3.S.obj (.text)
                  00002a94    00000022     libc.a : memccpy.c.obj (.text.memccpy)
                  00002ab6    00000002     --HOLE-- [fill = 0]
                  00002ab8    00000020     app_car.o (.text.App_Car_Stop)
                  00002ad8    00000020     motor.o (.text.Motor_EmergencyStop)
                  00002af8    00000020     motor.o (.text.Motor_Init)
                  00002b18    0000001e     libclang_rt.builtins.a : ashldi3.S.obj (.text)
                  00002b36    00000002     --HOLE-- [fill = 0]
                  00002b38    0000001c     bsp_line_adc.o (.text.BSP_LineADC_Init)
                  00002b54    0000001a     bsp_line_adc.o (.text.BSP_LineADC_Read)
                  00002b6e    0000001a     empty.o (.text.main)
                  00002b88    0000001a     libclang_rt.builtins.a : aeabi_memset.S.obj (.text)
                  00002ba2    00000002     --HOLE-- [fill = 0]
                  00002ba4    00000018     app_car.o (.text.App_Car_EmergencyStop)
                  00002bbc    00000018     app_car.o (.text.App_Car_StartCalibration)
                  00002bd4    00000018     imu.o (.text.IMU_StartGyroCalibration)
                  00002bec    00000018     line_control.o (.text.LineControl_Reset)
                  00002c04    00000018     ti_msp_dl_config.o (.text.SYSCFG_DL_GPIO_init)
                  00002c1c    00000018     ti_msp_dl_config.o (.text.SYSCFG_DL_init)
                  00002c34    00000018     libc.a : snprintf.c.obj (.text._outc)
                  00002c4c    00000016            : copy_zero_init.c.obj (.text:decompress:ZI:__TI_zero_init_nomemset)
                  00002c62    00000002     --HOLE-- [fill = 0]
                  00002c64    00000014     app_car.o (.text.App_Car_FinishCalibration)
                  00002c78    00000014     libclang_rt.builtins.a : aeabi_uldivmod.S.obj (.text)
                  00002c8c    00000012     driverlib.a : dl_uart.o (.text.DL_UART_setClockConfig)
                  00002c9e    00000012     libc.a : copy_decompress_none.c.obj (.text:decompress:none)
                  00002cb0    00000010     bsp_uart.o (.text.BSP_UART_TryWrite)
                  00002cc0    00000010     pid.o (.text.PID_Reset)
                  00002cd0    00000010     libc.a : wcslen.c.obj (.text.wcslen)
                  00002ce0    0000000e            : _printfi.c.obj (.text.strlen)
                  00002cee    00000002     --HOLE-- [fill = 0]
                  00002cf0    0000000c     app_car.o (.text.App_Car_GetState)
                  00002cfc    0000000c     bsp_imu_uart.o (.text.BSP_IMU_UART_GetRxOverflowCount)
                  00002d08    0000000c     bsp_time.o (.text.BSP_Time_GetMs)
                  00002d14    0000000c     bsp_time.o (.text.BSP_Time_Init)
                  00002d20    0000000c     imu.o (.text.IMU_ResetYaw)
                  00002d2c    0000000c     line_sensor.o (.text.LineSensor_FinishCalibration)
                  00002d38    0000000c     line_sensor.o (.text.LineSensor_IsCalibrating)
                  00002d44    0000000c     motor.o (.text.Motor_ClearEmergencyStop)
                  00002d50    0000000c     motor.o (.text.Motor_SetStopMode)
                  00002d5c    0000000a     driverlib.a : dl_common.o (.text.DL_Common_delayCycles)
                  00002d66    00000008     app_debug.o (.text.App_Debug_Init)
                  00002d6e    00000002     --HOLE-- [fill = 0]
                  00002d70    00000008     encoder.o (.text.Encoder_GetLeft)
                  00002d78    00000008     encoder.o (.text.Encoder_GetRight)
                  00002d80    00000008     imu.o (.text.IMU_GetData)
                  00002d88    00000008     imu.o (.text.IMU_GetDiagnostics)
                  00002d90    00000008     line_sensor.o (.text.LineSensor_GetData)
                  00002d98    00000008     motor.o (.text.Motor_GetStatus)
                  00002da0    00000008     bsp_imu_uart.o (.text.UART0_IRQHandler)
                  00002da8    00000008     libc.a : aeabi_portable.c.obj (.text.__aeabi_errno_addr)
                  00002db0    00000008     libclang_rt.builtins.a : aeabi_memcpy.S.obj (.text)
                  00002db8    00000006     libc.a : exit.c.obj (.text:abort)
                  00002dbe    00000004     bsp_encoder.o (.text.BSP_Encoder_GetLeftCount)
                  00002dc2    00000004     bsp_encoder.o (.text.BSP_Encoder_GetRightCount)
                  00002dc6    00000004     libsysbm.a : hostexit.c.obj (.text.HOSTexit)
                  00002dca    00000004     startup_mspm0g350x_ticlang.o (.text.Reset_Handler)
                  00002dce    00000004     libc.a : pre_init.c.obj (.text._system_pre_init)
                  00002dd2    00000006     --HOLE-- [fill = 0]

.cinit     0    00003150    00000030     
                  00003150    0000000c     (__TI_handler_table)
                  0000315c    00000008     (.cinit..bss.load) [load image, compression = zero_init]
                  00003164    00000007     (.cinit..data.load) [load image, compression = lzss]
                  0000316b    00000001     --HOLE-- [fill = 0]
                  0000316c    00000010     (__TI_cinit_table)
                  0000317c    00000004     --HOLE-- [fill = 0]

.rodata    0    00002de0    00000370     
                  00002de0    00000200     imu.o (.rodata..L.crctable)
                  00002fe0    00000101     libc.a : aeabi_ctype.S.obj (.rodata:__aeabi_ctype_table_)
                  000030e1    0000002d     app_debug.o (.rodata.str1.9620717744555156545.1)
                  0000310e    00000011     libc.a : _printfi.c.obj (.rodata.str1.10348868589481759720.1)
                  0000311f    00000011            : _printfi.c.obj (.rodata.str1.15363888844622738466.1)
                  00003130    0000000a     ti_msp_dl_config.o (.rodata.gHC05_UARTConfig)
                  0000313a    0000000a     ti_msp_dl_config.o (.rodata.gIMU_UARTConfig)
                  00003144    00000002     ti_msp_dl_config.o (.rodata.gHC05_UARTClockConfig)
                  00003146    00000002     ti_msp_dl_config.o (.rodata.gIMU_UARTClockConfig)
                  00003148    00000008     --HOLE-- [fill = 0]

.init_array 
*          0    00000000    00000000     UNINITIALIZED

.binit     0    00000000    00000000     

.bss       0    20200000    0000023c     UNINITIALIZED
                  20200000    00000040     bsp_imu_uart.o (.bss.g_rxBuffer)
                  20200040    00000034     speed_control.o (.bss.g_leftPid)
                  20200074    00000034     line_control.o (.bss.g_linePid)
                  202000a8    00000034     speed_control.o (.bss.g_rightPid)
                  202000dc    00000030     line_sensor.o (.bss.g_data)
                  2020010c    00000020     bsp_imu_uart.o (.bss.g_txBuffer)
                  2020012c    00000018     imu.o (.bss.g_data)
                  20200144    00000018     imu.o (.bss.g_diagnostics)
                  2020015c    00000018     speed_control.o (.bss.g_status)
                  20200174    00000014     encoder.o (.bss.g_left)
                  20200188    00000014     encoder.o (.bss.g_right)
                  2020019c    00000010     line_sensor.o (.bss.g_maximum)
                  202001ac    00000010     line_sensor.o (.bss.g_minimum)
                  202001bc    0000000a     imu.o (.bss.g_parser)
                  202001c6    00000002     imu.o (.bss.g_lastAngleRaw)
                  202001c8    0000000a     motor.o (.bss.g_status)
                  202001d2    00000002     imu.o (.bss.g_publishedAngleRaw)
                  202001d4    00000004     imu.o (.bss.g_calibrationSumDps)
                  202001d8    00000004     imu.o (.bss.g_configElapsedSeconds)
                  202001dc    00000004     imu.o (.bss.g_consumedSequence)
                  202001e0    00000004     bsp_uart.o (.bss.g_hardwareErrorCount)
                  202001e4    00000004     app_car.o (.bss.g_lastLineSeenMs)
                  202001e8    00000004     line_control.o (.bss.g_lastPosition)
                  202001ec    00000004     line_sensor.o (.bss.g_lastPosition)
                  202001f0    00000004     app_scheduler.o (.bss.g_nextControlMs)
                  202001f4    00000004     app_scheduler.o (.bss.g_nextDebugMs)
                  202001f8    00000004     app_scheduler.o (.bss.g_nextSensorMs)
                  202001fc    00000004     app_scheduler.o (.bss.g_nextStateMs)
                  20200200    00000004     encoder.o (.bss.g_previousLeft)
                  20200204    00000004     encoder.o (.bss.g_previousRight)
                  20200208    00000004     imu.o (.bss.g_publishedSequence)
                  2020020c    00000004     bsp_imu_uart.o (.bss.g_rxOverflowCount)
                  20200210    00000004     bsp_uart.o (.bss.g_rxOverflowCount)
                  20200214    00000004     imu.o (.bss.g_sampleAgeSeconds)
                  20200218    00000004     bsp_time.o (.bss.g_timeMs)
                  2020021c    00000004     bsp_uart.o (.bss.g_txRejectedCount)
                  20200220    00000004     bsp_line_adc.o (.bss.g_unexpectedIrqCount)
                  20200224    00000002     imu.o (.bss.g_publishedDpsRaw)
                  20200226    00000002     bsp_imu_uart.o (.bss.g_rxHead)
                  20200228    00000002     bsp_uart.o (.bss.g_rxHead)
                  2020022a    00000002     bsp_imu_uart.o (.bss.g_rxTail)
                  2020022c    00000002     bsp_uart.o (.bss.g_rxTail)
                  2020022e    00000002     bsp_imu_uart.o (.bss.g_txHead)
                  20200230    00000002     bsp_uart.o (.bss.g_txHead)
                  20200232    00000002     bsp_imu_uart.o (.bss.g_txTail)
                  20200234    00000002     bsp_uart.o (.bss.g_txTail)
                  20200236    00000001     bsp_line_adc.o (.bss.g_adc0Done)
                  20200237    00000001     bsp_line_adc.o (.bss.g_adc1Done)
                  20200238    00000001     line_sensor.o (.bss.g_calibrating)
                  20200239    00000001     imu.o (.bss.g_haveLastAngle)
                  2020023a    00000001     app_car.o (.bss.g_state)
                  2020023b    00000001     imu.o (.bss.g_uartReady)

.data      0    2020023c    00000005     UNINITIALIZED
                  2020023c    00000004     libc.a : aeabi_portable.c.obj (.data.__aeabi_errno)
                  20200240    00000001     motor.o (.data.g_stopMode)

.stack     0    20207e00    00000200     UNINITIALIZED
                  20207e00    00000004     libc.a : boot_cortex_m.c.obj (.stack)
                  20207e04    000001fc     --HOLE--

__llvm_prf_cnts 
*          0    20200000    00000000     UNINITIALIZED

__llvm_prf_bits 
*          0    20200000    00000000     UNINITIALIZED

MODULE SUMMARY

       Module                         code    ro data   rw data
       ------                         ----    -------   -------
    .\
       ti_msp_dl_config.o             456     24        0      
       startup_mspm0g350x_ticlang.o   6       192       0      
       empty.o                        26      0         0      
    +--+------------------------------+-------+---------+---------+
       Total:                         488     216       0      
                                                               
    .\app\
       app_car.o                      444     0         5      
       app_debug.o                    366     45        0      
       app_scheduler.o                152     0         16     
    +--+------------------------------+-------+---------+---------+
       Total:                         962     45        21     
                                                               
    .\bsp\
       bsp_imu_uart.o                 660     0         108    
       bsp_uart.o                     124     0         20     
       bsp_line_adc.o                 54      0         6      
       bsp_time.o                     24      0         4      
       bsp_encoder.o                  12      0         0      
       bsp_tb6612.o                   8       0         0      
       bsp_board.o                    2       0         0      
    +--+------------------------------+-------+---------+---------+
       Total:                         884     0         138    
                                                               
    .\control\
       pid.o                          548     0         0      
       speed_control.o                248     0         128    
       line_control.o                 264     0         56     
       vehicle_mixer.o                156     0         0      
    +--+------------------------------+-------+---------+---------+
       Total:                         1216    0         184    
                                                               
    .\drivers\
       imu.o                          1240    512       86     
       line_sensor.o                  1216    0         85     
       encoder.o                      328     0         48     
       motor.o                        324     0         11     
       tb6612.o                       326     0         0      
    +--+------------------------------+-------+---------+---------+
       Total:                         3434    512       230    
                                                               
    C:/ti/mspm0_sdk_2_11_00_07/source/ti/driverlib/lib/ticlang/m0p/mspm0g1x0x_g3x0x/driverlib.a
       dl_uart.o                      90      0         0      
       dl_common.o                    10      0         0      
    +--+------------------------------+-------+---------+---------+
       Total:                         100     0         0      
                                                               
    C:\ti\ccs2100\ccs\tools\compiler\ti-cgt-armllvm_5.1.1.LTS\lib\armv6m-ti-none-eabi/c/libc.a
       _printfi.c.obj                 2282    34        0      
       aeabi_ctype.S.obj              0       257       0      
       memcpy16.S.obj                 154     0         0      
       snprintf.c.obj                 146     0         0      
       copy_decompress_lzss.c.obj     124     0         0      
       memset16.S.obj                 98      0         0      
       atoi.c.obj                     68      0         0      
       autoinit.c.obj                 60      0         0      
       boot_cortex_m.c.obj            40      0         0      
       memccpy.c.obj                  34      0         0      
       copy_zero_init.c.obj           22      0         0      
       copy_decompress_none.c.obj     18      0         0      
       wcslen.c.obj                   16      0         0      
       aeabi_portable.c.obj           8       0         4      
       exit.c.obj                     6       0         0      
       pre_init.c.obj                 4       0         0      
    +--+------------------------------+-------+---------+---------+
       Total:                         3080    291       4      
                                                               
    C:\ti\ccs2100\ccs\tools\compiler\ti-cgt-armllvm_5.1.1.LTS\lib\armv6m-ti-none-eabi/c/libsysbm.a
       hostexit.c.obj                 4       0         0      
    +--+------------------------------+-------+---------+---------+
       Total:                         4       0         0      
                                                               
    C:\ti\ccs2100\ccs\tools\compiler\ti-cgt-armllvm_5.1.1.LTS\lib\armv6m-ti-none-eabi/libclang_rt.builtins.a
       addsf3.S.obj                   216     0         0      
       udivmoddi4.S.obj               162     0         0      
       comparesf2.S.obj               140     0         0      
       mulsf3.S.obj                   140     0         0      
       divsf3.S.obj                   130     0         0      
       aeabi_fcmp.S.obj               90      0         0      
       floatdisf.S.obj                78      0         0      
       aeabi_uidivmod.S.obj           64      0         0      
       floatsisf.S.obj                60      0         0      
       muldsi3.S.obj                  58      0         0      
       fixsfsi.S.obj                  56      0         0      
       floatunsisf.S.obj              40      0         0      
       muldi3.S.obj                   36      0         0      
       ashldi3.S.obj                  30      0         0      
       aeabi_memset.S.obj             26      0         0      
       aeabi_uldivmod.S.obj           20      0         0      
       aeabi_memcpy.S.obj             8       0         0      
       aeabi_div0.c.obj               4       0         0      
    +--+------------------------------+-------+---------+---------+
       Total:                         1358    0         0      
                                                               
       Stack:                         0       0         512    
       Linker Generated:              0       43        0      
    +--+------------------------------+-------+---------+---------+
       Grand Total:                   11526   1107      1089   


LINKER GENERATED COPY TABLES

__TI_cinit_table @ 0000316c records: 2, size/record: 8, table size: 16
	.bss: load addr=0000315c, load size=00000008 bytes, run addr=20200000, run size=0000023c bytes, compression=zero_init
	.data: load addr=00003164, load size=00000007 bytes, run addr=2020023c, run size=00000005 bytes, compression=lzss


LINKER GENERATED HANDLER TABLE

__TI_handler_table @ 00003150 records: 3, size/record: 4, table size: 12
	index: 0, handler: __TI_decompress_lzss
	index: 1, handler: __TI_decompress_none
	index: 2, handler: __TI_zero_init


GLOBAL SYMBOLS: SORTED ALPHABETICALLY BY Name 

address   name                           
-------   ----                           
000022cf  ADC0_IRQHandler                
000022cf  ADC1_IRQHandler                
000022cf  AES_IRQHandler                 
00001f91  App_Car_ControlTask5ms         
00002ba5  App_Car_EmergencyStop          
00002c65  App_Car_FinishCalibration      
00002cf1  App_Car_GetState               
0000257d  App_Car_Init                   
0000293d  App_Car_SensorTask1ms          
000023f1  App_Car_Start                  
00002bbd  App_Car_StartCalibration       
000026e5  App_Car_StateTask10ms          
00002ab9  App_Car_Stop                   
00002d67  App_Debug_Init                 
00001c31  App_Debug_PollCommands         
00001475  App_Debug_Task                 
0000271d  App_Scheduler_Init             
00002059  App_Scheduler_Run              
0000122f  BSP_Board_Init                 
00002dbf  BSP_Encoder_GetLeftCount       
00002dc3  BSP_Encoder_GetRightCount      
00001cbb  BSP_Encoder_Init               
00001d3f  BSP_Encoder_ResetCounts        
00002cfd  BSP_IMU_UART_GetRxOverflowCount
00001629  BSP_IMU_UART_IRQHandler        
00002119  BSP_IMU_UART_Init              
00002755  BSP_IMU_UART_TryReadByte       
00001359  BSP_IMU_UART_TryWrite          
00002b39  BSP_LineADC_Init               
00002b55  BSP_LineADC_Read               
00001e37  BSP_TB6612_Init                
00002057  BSP_TB6612_SetInputs           
00002117  BSP_TB6612_SetPwmPermille      
000021cf  BSP_TB6612_SetStandby          
00002d09  BSP_Time_GetMs                 
00002d15  BSP_Time_Init                  
000025b9  BSP_UART_Init                  
0000296d  BSP_UART_TryReadByte           
00002cb1  BSP_UART_TryWrite              
00002dc6  C$$EXIT                        
000022cf  CANFD0_IRQHandler              
000022cf  DAC0_IRQHandler                
00002d5d  DL_Common_delayCycles          
000022d1  DL_UART_init                   
00002c8d  DL_UART_setClockConfig         
000022cf  DMA_IRQHandler                 
000022cf  Default_Handler                
00002d71  Encoder_GetLeft                
00002d79  Encoder_GetRight               
00002319  Encoder_Init                   
00002435  Encoder_Reset                  
0000278d  Encoder_Update                 
000022cf  GROUP0_IRQHandler              
000022cf  GROUP1_IRQHandler              
00002dc7  HOSTexit                       
000022cf  HardFault_Handler              
000022cf  I2C0_IRQHandler                
000022cf  I2C1_IRQHandler                
00002d81  IMU_GetData                    
00002d89  IMU_GetDiagnostics             
000018d1  IMU_Init                       
00001231  IMU_PushRxByte                 
00002d21  IMU_ResetYaw                   
00002bd5  IMU_StartGyroCalibration       
00000dc9  IMU_Update                     
000021d1  LineControl_Init               
00002bed  LineControl_Reset              
00001969  LineControl_Update             
00002d2d  LineSensor_FinishCalibration   
00002d91  LineSensor_GetData             
00002361  LineSensor_Init                
00002d39  LineSensor_IsCalibrating       
0000099d  LineSensor_Sample              
000029cd  LineSensor_StartCalibration    
00002d45  Motor_ClearEmergencyStop       
00002ad9  Motor_EmergencyStop            
0000299d  Motor_Enable                   
00002d99  Motor_GetStatus                
00002af9  Motor_Init                     
00002d51  Motor_SetStopMode              
000025f5  Motor_SetTargetPermille        
00001e39  Motor_Update                   
000022cf  NMI_Handler                    
000029f9  PID_Init                       
00002cc1  PID_Reset                      
000028a1  PID_SetDerivativeFilter        
00002835  PID_SetIntegralLimits          
000010ad  PID_Update                     
000022cf  PendSV_Handler                 
000022cf  RTC_IRQHandler                 
00002dcb  Reset_Handler                  
000022cf  SPI0_IRQHandler                
000022cf  SPI1_IRQHandler                
000022cf  SVC_Handler                    
00002c05  SYSCFG_DL_GPIO_init            
00001a01  SYSCFG_DL_HC05_UART_init       
00001a8d  SYSCFG_DL_IMU_UART_init        
000024bd  SYSCFG_DL_SYSCTL_init          
00002c1d  SYSCFG_DL_init                 
000024fd  SYSCFG_DL_initPower            
00001f25  SpeedControl_Init              
000028d5  SpeedControl_Reset             
00002229  SpeedControl_Update            
000022cf  SysTick_Handler                
000027c5  TB6612_Enable                  
0000286b  TB6612_Init                    
00001dbd  TB6612_SetSignedDuty           
000020b9  TB6612_StopAll                 
000022cf  TIMA0_IRQHandler               
000022cf  TIMA1_IRQHandler               
000022cf  TIMG0_IRQHandler               
000022cf  TIMG12_IRQHandler              
000022cf  TIMG6_IRQHandler               
000022cf  TIMG7_IRQHandler               
000022cf  TIMG8_IRQHandler               
00002da1  UART0_IRQHandler               
000022cf  UART1_IRQHandler               
000022cf  UART2_IRQHandler               
000022cf  UART3_IRQHandler               
0000179b  VehicleMixer_Mix               
20208000  __STACK_END                    
00000200  __STACK_SIZE                   
00000000  __TI_ATRegion0_region_sz       
00000000  __TI_ATRegion0_src_addr        
00000000  __TI_ATRegion0_trg_addr        
00000000  __TI_ATRegion1_region_sz       
00000000  __TI_ATRegion1_src_addr        
00000000  __TI_ATRegion1_trg_addr        
00000000  __TI_ATRegion2_region_sz       
00000000  __TI_ATRegion2_src_addr        
00000000  __TI_ATRegion2_trg_addr        
0000316c  __TI_CINIT_Base                
0000317c  __TI_CINIT_Limit               
0000317c  __TI_CINIT_Warm                
00003150  __TI_Handler_Table_Base        
0000315c  __TI_Handler_Table_Limit       
00002631  __TI_auto_init_nobinit_nopinit 
00001d41  __TI_decompress_lzss           
00002c9f  __TI_decompress_none           
ffffffff  __TI_pprof_out_hndl            
000000c1  __TI_printfi_nofloat           
ffffffff  __TI_prof_data_size            
ffffffff  __TI_prof_data_start           
00000000  __TI_static_base__             
00002c4d  __TI_zero_init_nomemset        
0000155b  __addsf3                       
00002fe0  __aeabi_ctype_table_           
00002fe0  __aeabi_ctype_table_C          
2020023c  __aeabi_errno                  
00002da9  __aeabi_errno_addr             
000027fd  __aeabi_f2iz                   
0000155b  __aeabi_fadd                   
00002175  __aeabi_fcmpeq                 
000021ab  __aeabi_fcmpge                 
000021bd  __aeabi_fcmpgt                 
00002199  __aeabi_fcmple                 
00002187  __aeabi_fcmplt                 
00001b8f  __aeabi_fcmpun                 
00001cbd  __aeabi_fdiv                   
00001ba5  __aeabi_fmul                   
00001551  __aeabi_fsub                   
0000266d  __aeabi_i2f                    
000026e3  __aeabi_idiv0                  
00002281  __aeabi_l2f                    
0000293b  __aeabi_ldiv0                  
00002b19  __aeabi_llsl                   
00002a71  __aeabi_lmul                   
00002b97  __aeabi_memclr                 
00002b97  __aeabi_memclr4                
00002b97  __aeabi_memclr8                
00002db1  __aeabi_memcpy                 
00002db1  __aeabi_memcpy4                
00002db1  __aeabi_memcpy8                
00002b89  __aeabi_memset                 
00002b89  __aeabi_memset4                
00002b89  __aeabi_memset8                
00002a49  __aeabi_ui2f                   
0000253d  __aeabi_uidiv                  
0000253d  __aeabi_uidivmod               
00002c79  __aeabi_uldivmod               
00002b19  __ashldi3                      
ffffffff  __binit__                      
00001b19  __cmpsf2                       
00001cbd  __divsf3                       
00001b19  __eqsf2                        
000027fd  __fixsfsi                      
00002281  __floatdisf                    
0000266d  __floatsisf                    
00002a49  __floatunsisf                  
00001b53  __gesf2                        
00001b53  __gtsf2                        
00001b19  __lesf2                        
00001b19  __ltsf2                        
UNDEFED   __mpu_init                     
00002a71  __muldi3                       
000026a9  __muldsi3                      
00001ba5  __mulsf3                       
00001b19  __nesf2                        
20207e00  __stack                        
20200000  __start___llvm_prf_bits        
20200000  __start___llvm_prf_cnts        
20200000  __stop___llvm_prf_bits         
20200000  __stop___llvm_prf_cnts         
00001551  __subsf3                       
000016f9  __udivmoddi4                   
00001b8f  __unordsf2                     
00002a21  _c_int00_noargs                
UNDEFED   _system_post_cinit             
00002dcf  _system_pre_init               
00002db9  abort                          
00002479  atoi                           
ffffffff  binit                          
00000000  interruptVectors               
00002b6f  main                           
00002a95  memccpy                        
00001837  memcpy                         
00001ff5  memset                         
000023a9  snprintf                       
00002cd1  wcslen                         


GLOBAL SYMBOLS: SORTED BY Symbol Address 

address   name                           
-------   ----                           
00000000  __TI_ATRegion0_region_sz       
00000000  __TI_ATRegion0_src_addr        
00000000  __TI_ATRegion0_trg_addr        
00000000  __TI_ATRegion1_region_sz       
00000000  __TI_ATRegion1_src_addr        
00000000  __TI_ATRegion1_trg_addr        
00000000  __TI_ATRegion2_region_sz       
00000000  __TI_ATRegion2_src_addr        
00000000  __TI_ATRegion2_trg_addr        
00000000  __TI_static_base__             
00000000  interruptVectors               
000000c1  __TI_printfi_nofloat           
00000200  __STACK_SIZE                   
0000099d  LineSensor_Sample              
00000dc9  IMU_Update                     
000010ad  PID_Update                     
0000122f  BSP_Board_Init                 
00001231  IMU_PushRxByte                 
00001359  BSP_IMU_UART_TryWrite          
00001475  App_Debug_Task                 
00001551  __aeabi_fsub                   
00001551  __subsf3                       
0000155b  __addsf3                       
0000155b  __aeabi_fadd                   
00001629  BSP_IMU_UART_IRQHandler        
000016f9  __udivmoddi4                   
0000179b  VehicleMixer_Mix               
00001837  memcpy                         
000018d1  IMU_Init                       
00001969  LineControl_Update             
00001a01  SYSCFG_DL_HC05_UART_init       
00001a8d  SYSCFG_DL_IMU_UART_init        
00001b19  __cmpsf2                       
00001b19  __eqsf2                        
00001b19  __lesf2                        
00001b19  __ltsf2                        
00001b19  __nesf2                        
00001b53  __gesf2                        
00001b53  __gtsf2                        
00001b8f  __aeabi_fcmpun                 
00001b8f  __unordsf2                     
00001ba5  __aeabi_fmul                   
00001ba5  __mulsf3                       
00001c31  App_Debug_PollCommands         
00001cbb  BSP_Encoder_Init               
00001cbd  __aeabi_fdiv                   
00001cbd  __divsf3                       
00001d3f  BSP_Encoder_ResetCounts        
00001d41  __TI_decompress_lzss           
00001dbd  TB6612_SetSignedDuty           
00001e37  BSP_TB6612_Init                
00001e39  Motor_Update                   
00001f25  SpeedControl_Init              
00001f91  App_Car_ControlTask5ms         
00001ff5  memset                         
00002057  BSP_TB6612_SetInputs           
00002059  App_Scheduler_Run              
000020b9  TB6612_StopAll                 
00002117  BSP_TB6612_SetPwmPermille      
00002119  BSP_IMU_UART_Init              
00002175  __aeabi_fcmpeq                 
00002187  __aeabi_fcmplt                 
00002199  __aeabi_fcmple                 
000021ab  __aeabi_fcmpge                 
000021bd  __aeabi_fcmpgt                 
000021cf  BSP_TB6612_SetStandby          
000021d1  LineControl_Init               
00002229  SpeedControl_Update            
00002281  __aeabi_l2f                    
00002281  __floatdisf                    
000022cf  ADC0_IRQHandler                
000022cf  ADC1_IRQHandler                
000022cf  AES_IRQHandler                 
000022cf  CANFD0_IRQHandler              
000022cf  DAC0_IRQHandler                
000022cf  DMA_IRQHandler                 
000022cf  Default_Handler                
000022cf  GROUP0_IRQHandler              
000022cf  GROUP1_IRQHandler              
000022cf  HardFault_Handler              
000022cf  I2C0_IRQHandler                
000022cf  I2C1_IRQHandler                
000022cf  NMI_Handler                    
000022cf  PendSV_Handler                 
000022cf  RTC_IRQHandler                 
000022cf  SPI0_IRQHandler                
000022cf  SPI1_IRQHandler                
000022cf  SVC_Handler                    
000022cf  SysTick_Handler                
000022cf  TIMA0_IRQHandler               
000022cf  TIMA1_IRQHandler               
000022cf  TIMG0_IRQHandler               
000022cf  TIMG12_IRQHandler              
000022cf  TIMG6_IRQHandler               
000022cf  TIMG7_IRQHandler               
000022cf  TIMG8_IRQHandler               
000022cf  UART1_IRQHandler               
000022cf  UART2_IRQHandler               
000022cf  UART3_IRQHandler               
000022d1  DL_UART_init                   
00002319  Encoder_Init                   
00002361  LineSensor_Init                
000023a9  snprintf                       
000023f1  App_Car_Start                  
00002435  Encoder_Reset                  
00002479  atoi                           
000024bd  SYSCFG_DL_SYSCTL_init          
000024fd  SYSCFG_DL_initPower            
0000253d  __aeabi_uidiv                  
0000253d  __aeabi_uidivmod               
0000257d  App_Car_Init                   
000025b9  BSP_UART_Init                  
000025f5  Motor_SetTargetPermille        
00002631  __TI_auto_init_nobinit_nopinit 
0000266d  __aeabi_i2f                    
0000266d  __floatsisf                    
000026a9  __muldsi3                      
000026e3  __aeabi_idiv0                  
000026e5  App_Car_StateTask10ms          
0000271d  App_Scheduler_Init             
00002755  BSP_IMU_UART_TryReadByte       
0000278d  Encoder_Update                 
000027c5  TB6612_Enable                  
000027fd  __aeabi_f2iz                   
000027fd  __fixsfsi                      
00002835  PID_SetIntegralLimits          
0000286b  TB6612_Init                    
000028a1  PID_SetDerivativeFilter        
000028d5  SpeedControl_Reset             
0000293b  __aeabi_ldiv0                  
0000293d  App_Car_SensorTask1ms          
0000296d  BSP_UART_TryReadByte           
0000299d  Motor_Enable                   
000029cd  LineSensor_StartCalibration    
000029f9  PID_Init                       
00002a21  _c_int00_noargs                
00002a49  __aeabi_ui2f                   
00002a49  __floatunsisf                  
00002a71  __aeabi_lmul                   
00002a71  __muldi3                       
00002a95  memccpy                        
00002ab9  App_Car_Stop                   
00002ad9  Motor_EmergencyStop            
00002af9  Motor_Init                     
00002b19  __aeabi_llsl                   
00002b19  __ashldi3                      
00002b39  BSP_LineADC_Init               
00002b55  BSP_LineADC_Read               
00002b6f  main                           
00002b89  __aeabi_memset                 
00002b89  __aeabi_memset4                
00002b89  __aeabi_memset8                
00002b97  __aeabi_memclr                 
00002b97  __aeabi_memclr4                
00002b97  __aeabi_memclr8                
00002ba5  App_Car_EmergencyStop          
00002bbd  App_Car_StartCalibration       
00002bd5  IMU_StartGyroCalibration       
00002bed  LineControl_Reset              
00002c05  SYSCFG_DL_GPIO_init            
00002c1d  SYSCFG_DL_init                 
00002c4d  __TI_zero_init_nomemset        
00002c65  App_Car_FinishCalibration      
00002c79  __aeabi_uldivmod               
00002c8d  DL_UART_setClockConfig         
00002c9f  __TI_decompress_none           
00002cb1  BSP_UART_TryWrite              
00002cc1  PID_Reset                      
00002cd1  wcslen                         
00002cf1  App_Car_GetState               
00002cfd  BSP_IMU_UART_GetRxOverflowCount
00002d09  BSP_Time_GetMs                 
00002d15  BSP_Time_Init                  
00002d21  IMU_ResetYaw                   
00002d2d  LineSensor_FinishCalibration   
00002d39  LineSensor_IsCalibrating       
00002d45  Motor_ClearEmergencyStop       
00002d51  Motor_SetStopMode              
00002d5d  DL_Common_delayCycles          
00002d67  App_Debug_Init                 
00002d71  Encoder_GetLeft                
00002d79  Encoder_GetRight               
00002d81  IMU_GetData                    
00002d89  IMU_GetDiagnostics             
00002d91  LineSensor_GetData             
00002d99  Motor_GetStatus                
00002da1  UART0_IRQHandler               
00002da9  __aeabi_errno_addr             
00002db1  __aeabi_memcpy                 
00002db1  __aeabi_memcpy4                
00002db1  __aeabi_memcpy8                
00002db9  abort                          
00002dbf  BSP_Encoder_GetLeftCount       
00002dc3  BSP_Encoder_GetRightCount      
00002dc6  C$$EXIT                        
00002dc7  HOSTexit                       
00002dcb  Reset_Handler                  
00002dcf  _system_pre_init               
00002fe0  __aeabi_ctype_table_           
00002fe0  __aeabi_ctype_table_C          
00003150  __TI_Handler_Table_Base        
0000315c  __TI_Handler_Table_Limit       
0000316c  __TI_CINIT_Base                
0000317c  __TI_CINIT_Limit               
0000317c  __TI_CINIT_Warm                
20200000  __start___llvm_prf_bits        
20200000  __start___llvm_prf_cnts        
20200000  __stop___llvm_prf_bits         
20200000  __stop___llvm_prf_cnts         
2020023c  __aeabi_errno                  
20207e00  __stack                        
20208000  __STACK_END                    
ffffffff  __TI_pprof_out_hndl            
ffffffff  __TI_prof_data_size            
ffffffff  __TI_prof_data_start           
ffffffff  __binit__                      
ffffffff  binit                          
UNDEFED   __mpu_init                     
UNDEFED   _system_post_cinit             

[219 symbols]
